Archive member included because of file (symbol)

C:\devkitPro\libfat\lib\libfat.a(libfat.o)
                              ./fs.o (fatInitDefault)
C:\devkitPro\libfat\lib\libfat.a(partition.o)
                              C:\devkitPro\libfat\lib\libfat.a(libfat.o) (_FAT_partition_setDefaultInterface)
C:\devkitPro\libfat\lib\libfat.a(disc.o)
                              C:\devkitPro\libfat\lib\libfat.a(partition.o) (_FAT_disc_gbaSlotFindInterface)
C:\devkitPro\libfat\lib\libfat.a(io_m3cf.o)
                              C:\devkitPro\libfat\lib\libfat.a(disc.o) (_io_m3cf)
C:\devkitPro\libfat\lib\libfat.a(io_m3sd.o)
                              C:\devkitPro\libfat\lib\libfat.a(disc.o) (_io_m3sd)
C:\devkitPro\libfat\lib\libfat.a(io_mpcf.o)
                              C:\devkitPro\libfat\lib\libfat.a(disc.o) (_io_mpcf)
C:\devkitPro\libfat\lib\libfat.a(io_njsd.o)
                              C:\devkitPro\libfat\lib\libfat.a(disc.o) (_io_njsd)
C:\devkitPro\libfat\lib\libfat.a(io_nmmc.o)
                              C:\devkitPro\libfat\lib\libfat.a(disc.o) (_io_nmmc)
C:\devkitPro\libfat\lib\libfat.a(io_sccf.o)
                              C:\devkitPro\libfat\lib\libfat.a(disc.o) (_io_sccf)
C:\devkitPro\libfat\lib\libfat.a(io_scsd.o)
                              C:\devkitPro\libfat\lib\libfat.a(disc.o) (_io_scsd)
C:\devkitPro\libfat\lib\libfat.a(io_sd_common.o)
                              C:\devkitPro\libfat\lib\libfat.a(io_scsd.o) (_SD_CRC7)
C:\devkitPro\libfat\lib\libfat.a(io_dldi.o)
                              C:\devkitPro\libfat\lib\libfat.a(disc.o) (_io_dldi)
C:\devkitPro\libfat\lib\libfat.a(io_scsd_s.o)
                              C:\devkitPro\libfat\lib\libfat.a(io_scsd.o) (_SCSD_writeData_s)
C:\devkitPro\libfat\lib\libfat.a(cache.o)
                              C:\devkitPro\libfat\lib\libfat.a(partition.o) (_FAT_cache_invalidate)
C:\devkitPro\libfat\lib\libfat.a(fatdir.o)
                              C:\devkitPro\libfat\lib\libfat.a(libfat.o) (_FAT_link_r)
C:\devkitPro\libfat\lib\libfat.a(fatfile.o)
                              C:\devkitPro\libfat\lib\libfat.a(libfat.o) (_FAT_fstat_r)
C:\devkitPro\libfat\lib\libfat.a(file_allocation_table.o)
                              C:\devkitPro\libfat\lib\libfat.a(fatfile.o) (_FAT_fat_nextCluster)
C:\devkitPro\libfat\lib\libfat.a(filetime.o)
                              C:\devkitPro\libfat\lib\libfat.a(fatdir.o) (_FAT_filetime_getTimeFromRTC)
C:\devkitPro\libfat\lib\libfat.a(io_cf_common.o)
                              C:\devkitPro\libfat\lib\libfat.a(io_m3cf.o) (_CF_isInserted)
C:\devkitPro\libfat\lib\libfat.a(io_m3_common.o)
                              C:\devkitPro\libfat\lib\libfat.a(io_m3cf.o) (_M3_changeMode)
C:\devkitPro\libfat\lib\libfat.a(io_sc_common.o)
                              C:\devkitPro\libfat\lib\libfat.a(io_sccf.o) (_SC_changeMode)
C:\devkitPro\libfat\lib\libfat.a(directory.o)
                              C:\devkitPro\libfat\lib\libfat.a(fatdir.o) (_FAT_directory_entryGetCluster)
C:\devkitPro\libnds\lib\libnds9.a(console.o)
                              ./gui.o (consoleClear)
C:\devkitPro\libnds\lib\libnds9.a(keys.o)
                              ./main.o (keysHeld)
C:\devkitPro\libnds\lib\libnds9.a(video.o)
                              ./main.o (vramSetBankA)
C:\devkitPro\libnds\lib\libnds9.a(card.o)
                              C:\devkitPro\libfat\lib\libfat.a(io_nmmc.o) (cardWriteCommand)
C:\devkitPro\libnds\lib\libnds9.a(interrupts.o)
                              C:\devkitPro\libfat\lib\libfat.a(io_njsd.o) (irqDisable)
C:\devkitPro\libnds\lib\libnds9.a(biosCalls.o)
                              ./main.o (swiWaitForVBlank)
C:\devkitPro\libnds\lib\libnds9.a(interruptDispatcher.o)
                              C:\devkitPro\libnds\lib\libnds9.a(interrupts.o) (IntrMain)
C:\devkitPro\libnds\lib\libnds9.a(default_font.o)
                              C:\devkitPro\libnds\lib\libnds9.a(console.o) (default_font_bin)
c:/devkitpro/devkitarm/bin/../lib/gcc/arm-eabi/4.1.1\libgcc.a(_udivsi3.o)
                              C:\devkitPro\libfat\lib\libfat.a(partition.o) (__aeabi_uidiv)
c:/devkitpro/devkitarm/bin/../lib/gcc/arm-eabi/4.1.1\libgcc.a(_divsi3.o)
                              ./core.o (__aeabi_idiv)
c:/devkitpro/devkitarm/bin/../lib/gcc/arm-eabi/4.1.1\libgcc.a(_dvmd_tls.o)
                              c:/devkitpro/devkitarm/bin/../lib/gcc/arm-eabi/4.1.1\libgcc.a(_udivsi3.o) (__div0)
c:/devkitpro/devkitarm/bin/../lib/gcc/arm-eabi/4.1.1\libgcc.a(_call_via_rX.o)
                              c:/devkitpro/devkitarm/bin/../lib/gcc/arm-eabi/4.1.1/../../../../arm-eabi/lib/ds_arm9_crt0.o (_call_via_r3)
c:/devkitpro/devkitarm/bin/../lib/gcc/arm-eabi/4.1.1/../../../../arm-eabi/lib\libc.a(lib_a-ctype_.o)
                              C:\devkitPro\libfat\lib\libfat.a(partition.o) (__ctype_ptr)
c:/devkitpro/devkitarm/bin/../lib/gcc/arm-eabi/4.1.1/../../../../arm-eabi/lib\libc.a(lib_a-fclose.o)
[...]
Memory Configuration

Name             Origin             Length             Attributes
rom              0x08000000         0x02000000
ewram            0x02000000         0x003ff000
dtcm             0x0b000000         0x00004000
itcm             0x01000000         0x00008000
*default*        0x00000000         0xffffffff

Linker script and memory map

                0x01000000                __itcm_start = 0x1000000
                0x023ff000                __ewram_end = 0x23ff000
                0x023ff000                __eheap_end = 0x23ff000
                0x0b000000                __dtcm_start = 0xb000000
                0x0b004000                __dtcm_top = 0xb004000
                0x0b003ff8                __irq_flags = (__dtcm_top - 0x8)
                0x0b003ffc                __irq_vector = (__dtcm_top - 0x4)
                0x0b003f00                __sp_svc = (__dtcm_top - 0x100)
                0x0b003e00                __sp_irq = (__sp_svc - 0x100)
                0x0b003d00                __sp_usr = (__sp_irq - 0x100)

.init           0x02000000      0x238
                0x02000000                __text_start = .
 *(.init)
 .init          0x02000000      0x220 c:/devkitpro/devkitarm/bin/../lib/gcc/arm-eabi/4.1.1/../../../../arm-eabi/lib/ds_arm9_crt0.o
                0x02000000                _start
 .init          0x02000220        0xc c:/devkitpro/devkitarm/bin/../lib/gcc/arm-eabi/4.1.1/crti.o
                0x02000220                _init
 .init          0x0200022c        0xc c:/devkitpro/devkitarm/bin/../lib/gcc/arm-eabi/4.1.1/crtn.o
                0x02000238                . = ALIGN (0x4)

.plt
 *(.plt)

.text           0x02000240    0x278c0
 *(EXCLUDE_FILE(*.itcm*) .text)
 .text          0x02000240        0x0 c:/devkitpro/devkitarm/bin/../lib/gcc/arm-eabi/4.1.1/../../../../arm-eabi/lib/ds_arm9_crt0.o
 .text          0x02000240        0x0 c:/devkitpro/devkitarm/bin/../lib/gcc/arm-eabi/4.1.1/crti.o
 .text          0x02000240       0xa4 c:/devkitpro/devkitarm/bin/../lib/gcc/arm-eabi/4.1.1/crtbegin.o
 .text          0x020002e4        0x0 ./SNES_global.o
 .text          0x020002e4      0x150 ./apu.o
                0x02000394                APU_saveSpc
                0x020002e4                ARM7_fifo_init
                0x020003a4                APU_clear
                0x020002fc                SendArm7Command
                0x020003d0                APU_playSong
                0x02000340                APU_stop
                0x020003cc                APU_command
                0x0200038c                APU_playSpc
                0x02000374                APU_nice_reset
                0x02000330                APU_reset
                0x0200039c                APU_loadSpc
                0x02000338                APU_pause
 .text          0x02000434     0x12e8 ./core.o
                0x02000944                HDMA_write
                0x02000434                read_mouse
                0x02000700                update_joypads
                0x020007c8                GoIRQ
                0x02001114                PPU_fastDMA_2118_1
                0x020013fc                DMA_transfert
                0x020008a0                GoNMI
                0x02000540                read_scope
                0x020006b8                read_joypads
                0x02000638                SNES_update
                0x02000c2c                HDMA_transfert
 .text          0x0200171c     0x31dc ./engine.o
                0x020017cc                SetCFG
                0x0200184c                trace_CPUFast
                0x02004438                trace_CPU
                0x02001774                readSRAM
                0x0200471c                saveSRAM
                0x020018d0                show_opcode
                0x02004784                loadSRAM
                0x0200171c                writeSRAM
                0x02004660                initSNESEmpty
                0x020047f0                changeROM
 .text          0x020048f8      0x710 ./fs.o
                0x02004e5c                FS_getDirectoryList
                0x02004d8c                FS_chdir
                0x02004bc4                FS_printlog
                0x02004d90                FS_init
                0x02004b78                FS_saveFile
                0x020048f8                FS_shouldFreeROM
                0x02004d0c                FS_printlogBufOnly
                0x02004dd4                getFileExtension
                0x02004ad0                FS_loadROM
                0x02004a20                FS_loadROMForPaging
                0x02004cc4                FS_flog
                0x02004900                FS_loadROMPage
                0x020049a4                FS_loadFile
 .text          0x02005008      0x474 ./gui.o
                0x020050a0                GUI_printfC
                0x02005438                GUI_createList
                0x02005044                T
                0x020052b4                GUI_displayList
                0x020053f4                GUI_setItem
                0x02005048                LOG
                0x020051cc                GUI_displayMenuBack
                0x02005170                GUI_printf
                0x02005008                GUI_checkMenu
                0x02005364                GUI_checkList
                0x02005104                GUI_displayMenuTitle
                0x02005248                GUI_displayMenu
 .text          0x0200547c       0x20 ./intr.o
                0x02005498                DesMuMeDebug
                0x0200547c                IntrHandlerAsm
 .text          0x0200549c     0x1398 ./main.o
                0x02005a40                SPC_jukebox_choose_real_time
                0x020055fc                initGUI
                0x02005560                waitReleaseTouch
                0x0200674c                Hblank
                0x020059fc                superTouchReadXY
                0x02005dd0                handleMenu
                0x02005538                waitHeldTouch
                0x020062e4                main
                0x0200549c                Vblank
                0x02005c64                handle_saveState
                0x02005800                selectSong
                0x020058a0                loadROM
                0x02005af0                waitPressTouch
                0x02005b18                handle_loadState
                0x02005588                updateOptions
 .text          0x02006834      0xc24 ./memmap.o
                0x02006d5c                InitHiROMMap
                0x02006fd8                InitLargeHiROMMap
                0x0200736c                InitMap
                0x020072d4                mem_init_paging
                0x02006834                WriteProtectROM
                0x02007284                mem_reset_paging
                0x020068d0                MapRAM
                0x02006890                FixMap
                0x020071f8                mem_getbaseaddress
                0x02006974                InitLoROMMap
                0x0200726c                InitLargeLoROMMap
                0x02007404                mem_clear_paging
 .text          0x02007458      0x328 ./opcodes.o
                0x020075ac                CPU_unpack
                0x02007710                CPU_goto
                0x02007458                CPU_pack
 .text          0x02007780        0x0 ./opcodes2.o
 .text          0x02007780     0x4320 ./ppu.o
                0x020087d4                PPU_setBackColor
                0x02008450                draw_mode_7_line
                0x02009ff8                draw_plane_64_30
                0x0200acd8                renderMode3
                0x02007858                init_render
                0x0200883c                PPU_setPalette
                0x02008638                switchToMode7
                0x0200b064                renderMode1
                0x02007af4                add_tile_2
                0x02007908                check_tile_addr
                0x02009298                draw_plane_64_60
                0x020086cc                renderMode7
                0x0200b740                draw_screen
                0x02007f40                draw_sprites
                0x02007780                get_joypad
                0x02007c1c                add_tile_8
                0x02009988                draw_plane_32_60
                0x020078f4                check_sprite_addr
                0x02008d70                PPU_setScreen
                0x02007e24                update_scroll
                0x02007b78                add_tile_4
                0x0200791c                check_tile
                0x02008fc4                draw_plane_32_30_squiz
                0x0200a69c                draw_plane_32_30
                0x02008b48                PPU_update
                0x02008a48                PPU_reset
                0x02007ef4                draw_tile_sprite_normal
                0x02007db4                PPU_setMap
                0x02007a2c                add_sprite_tile_4
 .text          0x0200baa0      0x4fc ./snapshot.o
                0x0200bf00                get_snapshot_name
                0x0200baa0                write_snapshot
                0x0200bcdc                read_snapshot
 .text          0x0200bf9c      0x8a8 ./snes.o
                0x0200c4c8                reset_CPU
                0x0200c19c                load_ROM
                0x0200bfd0                UnInterleaveROM
                0x0200c414                reset_GFX
                0x0200bf9c                cnt_alphachar
                0x0200c5bc                reset_SNES
                0x0200c840                init_GFX
 .text          0x0200c844      0x444 ./touch.o
                0x0200c94c                ADC_to_SCR
                0x0200c844                PrecalculateCalibrationData
                0x0200ca40                mytouchReadXY
 .text          0x0200cc88       0x9c C:\devkitPro\libfat\lib\libfat.a(libfat.o)
                0x0200cc88                fatSetDefaultInterface
                0x0200ccac                fatMountCustomInterface
                0x0200cc94                fatUnsafeUnmount
                0x0200ccb8                fatMountNormalInterface
                0x0200cca0                fatUnmount
                0x0200cd14                fatInitDefault
                0x0200ccc4                fatInit
 .text          0x0200cd24      0x4d0 C:\devkitPro\libfat\lib\libfat.a(partition.o)
                0x0200cd70                _FAT_partition_getPartitionFromPath
                0x0200cd48                _FAT_partition_setDefaultPartition
                0x0200d128                _FAT_partition_mountCustomInterface
                0x0200ce4c                _FAT_partition_unmount
                0x0200d188                _FAT_partition_mount
                0x0200cd24                _FAT_partition_setDefaultInterface
                0x0200cdec                _FAT_partition_unsafeUnmount
 .text          0x0200d1f4       0xb8 C:\devkitPro\libfat\lib\libfat.a(disc.o)
                0x0200d270                _FAT_disc_findInterface
                0x0200d230                _FAT_disc_dsSlotFindInterface
                0x0200d1f4                _FAT_disc_gbaSlotFindInterface
 .text          0x0200d2ac       0x1c C:\devkitPro\libfat\lib\libfat.a(io_m3cf.o)
                0x0200d2ac                _M3CF_startup
 .text          0x0200d2c8      0x528 C:\devkitPro\libfat\lib\libfat.a(io_m3sd.o)
                0x0200d670                _M3SD_clearStatus
                0x0200d444                _M3SD_cmd_17byte_response
                0x0200d548                _M3SD_readSectors
                0x0200d50c                _M3SD_isInserted
                0x0200d694                _M3SD_writeSectors
                0x0200d5d4                _M3SD_shutdown
                0x0200d42c                _M3SD_cmd_6byte_response
                0x0200d67c                _M3SD_startUp
 .text          0x0200d7f0       0x14 C:\devkitPro\libfat\lib\libfat.a(io_mpcf.o)
                0x0200d7f0                _MPCF_startup
 .text          0x0200d804      0x92c C:\devkitPro\libfat\lib\libfat.a(io_njsd.o)
                0x0200dc10                _NJSD_writeSectors
                0x0200dbf8                _NJSD_clearStatus
                0x0200db9c                _NJSD_cmd_6byte_response
                0x0200dbcc                _NJSD_isInserted
                0x0200dea0                _NJSD_startup
                0x0200dc04                _NJSD_shutdown
                0x0200df3c                _NJSD_readSectors
                0x0200dbb4                _NJSD_cmd_17byte_response
 .text          0x0200e130      0x694 C:\devkitPro\libfat\lib\libfat.a(io_nmmc.o)
                0x0200e318                _NMMC_isInserted
                0x0200e44c                _NMMC_writeSectors
                0x0200e5ec                _NMMC_startUp
                0x0200e30c                _NMMC_shutdown
                0x0200e290                _NMMC_clearStatus
                0x0200e374                _NMMC_readSectors
 .text          0x0200e7c4       0x18 C:\devkitPro\libfat\lib\libfat.a(io_sccf.o)
                0x0200e7c4                _SCCF_startup
 .text          0x0200e7dc      0x388 C:\devkitPro\libfat\lib\libfat.a(io_scsd.o)
                0x0200e8e4                _SCSD_shutdown
                0x0200ea5c                _SCSD_startUp
                0x0200e9d4                _SCSD_isInserted
                0x0200ea50                _SCSD_clearStatus
                0x0200ea70                _SCSD_cmd_17byte_response
                0x0200ea88                _SCSD_cmd_6byte_response
                0x0200e964                _SCSD_readSectors
                0x0200eaa0                _SCSD_writeSectors
 .text          0x0200eb64      0x258 C:\devkitPro\libfat\lib\libfat.a(io_sd_common.o)
                0x0200eb64                _SD_CRC7
                0x0200ebc0                _SD_CRC16
                0x0200ecbc                _SD_InitCard
 *fill*         0x0200edbc        0x4 ff
 .text          0x0200edc0     0x8000 C:\devkitPro\libfat\lib\libfat.a(io_dldi.o)
                0x0200ee20                _io_dldi
 .text          0x02016dc0       0xc0 C:\devkitPro\libfat\lib\libfat.a(io_scsd_s.o)
                0x02016dc0                _SCSD_writeData_s
 .text          0x02016e80      0x2c0 C:\devkitPro\libfat\lib\libfat.a(cache.o)
                0x02016f44                _FAT_cache_flush
                0x02017020                _FAT_cache_writePartialSector
                0x02016f90                _FAT_cache_invalidate
                0x020170a8                _FAT_cache_destructor
                0x020170c4                _FAT_cache_constructor
                0x0201706c                _FAT_cache_readPartialSector
                0x02016fbc                _FAT_cache_eraseWritePartialSector
 .text          0x02017140      0x708 C:\devkitPro\libfat\lib\libfat.a(fatdir.o)
                0x020171f8                _FAT_stat_r
                0x0201715c                _FAT_dirnext_r
                0x020172e0                _FAT_unlink_r
                0x020174cc                _FAT_rename_r
                0x02017140                _FAT_link_r
                0x0201714c                _FAT_dirclose_r
                0x02017270                _FAT_chdir_r
                0x020171c4                _FAT_dirreset_r
                0x02017428                _FAT_diropen_r
                0x0201764c                _FAT_mkdir_r
 .text          0x02017848      0xc28 C:\devkitPro\libfat\lib\libfat.a(fatfile.o)
                0x02017fc8                _FAT_write_r
                0x020178b8                _FAT_seek_r
                0x02017d80                _FAT_read_r
                0x02017ac8                _FAT_open_r
                0x020179e8                _FAT_close_r
                0x02017848                _FAT_fstat_r
 .text          0x02018470      0x398 C:\devkitPro\libfat\lib\libfat.a(file_allocation_table.o)
                0x020186cc                _FAT_fat_clearLinks
                0x02018470                _FAT_fat_nextCluster
                0x020187a0                _FAT_fat_linkFreeClusterCleared
                0x0201871c                _FAT_fat_linkFreeCluster
                0x02018558                _FAT_fat_lastCluster
 .text          0x02018808       0xdc C:\devkitPro\libfat\lib\libfat.a(filetime.o)
                0x02018854                _FAT_filetime_getDateFromRTC
                0x02018898                _FAT_filetime_to_time_t
                0x02018808                _FAT_filetime_getTimeFromRTC
 .text          0x020188e4      0x30c C:\devkitPro\libfat\lib\libfat.a(io_cf_common.o)
                0x020188e4                _CF_isInserted
                0x02018a78                _CF_writeSectors
                0x0201896c                _CF_readSectors
                0x02018ba0                _CF_startup
                0x02018904                _CF_clearStatus
                0x02018b94                _CF_shutdown
 .text          0x02018bf0       0xa0 C:\devkitPro\libfat\lib\libfat.a(io_m3_common.o)
                0x02018bf4                _M3_changeMode
 .text          0x02018c90       0x18 C:\devkitPro\libfat\lib\libfat.a(io_sc_common.o)
                0x02018c90                _SC_changeMode
 .text          0x02018ca8      0xec8 C:\devkitPro\libfat\lib\libfat.a(directory.o)
                0x02019208                _FAT_directory_chdir
                0x020194f0                _FAT_directory_entryStat
                0x02019238                _FAT_directory_isValidAlias
                0x02019430                _FAT_directory_removeEntry
                0x02018d34                _FAT_directory_getRootEntry
                0x02019320                _FAT_directory_entryFromPosition
                0x02018e00                _FAT_directory_getNextEntry
                0x02018fc4                _FAT_directory_getFirstEntry
                0x020192d4                _FAT_directory_isValidLfn
                0x02018d1c                _FAT_directory_entryGetCluster
                0x020195bc                _FAT_directory_addEntry
                0x0201907c                _FAT_directory_entryFromPath
 .text          0x02019b70      0x5a0 C:\devkitPro\libnds\lib\libnds9.a(console.o)
                0x02019eec                con_write
                0x02019d1c                consoleInit
                0x02019bd8                consolePrintChar
                0x02019d08                consoleClear
                0x02019ea4                consoleDemoInit
                0x02019e80                consoleInitDefault
 .text          0x0201a110      0x100 C:\devkitPro\libnds\lib\libnds9.a(keys.o)
                0x0201a1d4                keysSetRepeat
                0x0201a1c4                keysDownRepeat
                0x0201a110                keysHeld
                0x0201a1f8                keysUp
                0x0201a11c                keysDown
                0x0201a130                scanKeys
 .text          0x0201a210      0x110 C:\devkitPro\libnds\lib\libnds9.a(video.o)
                0x0201a2d0                vramSetBankF
                0x0201a260                vramRestoreMainBanks
                0x0201a2f8                vramSetBankH
                0x0201a2a8                vramSetBankD
                0x0201a2bc                vramSetBankE
                0x0201a2e4                vramSetBankG
                0x0201a254                vramRestorMainBanks
                0x0201a280                vramSetBankB
                0x0201a294                vramSetBankC
                0x0201a30c                vramSetBankI
                0x0201a210                vramSetMainBanks
                0x0201a26c                vramSetBankA
 .text          0x0201a320      0x2ec C:\devkitPro\libnds\lib\libnds9.a(card.o)
                0x0201a384                cardStartTransfer
                0x0201a428                cardReadHeader
                0x0201a570                cardReadEeprom
                0x0201a444                cardReadID
                0x0201a3fc                cardRead00
                0x0201a344                cardPolledTransfer
                0x0201a464                cardWriteEeprom
                0x0201a3cc                cardWriteAndRead
                0x0201a320                cardWriteCommand
 .text          0x0201a60c      0x204 C:\devkitPro\libnds\lib\libnds9.a(interrupts.o)
                0x0201a774                irqEnable
                0x0201a610                irqSet
                0x0201a7c4                irqDisable
                0x0201a678                irqInit
                0x0201a60c                irqDummy
                0x0201a744                irqInitHandler
                0x0201a6c4                irqClear
 .text          0x0201a810       0x70 C:\devkitPro\libnds\lib\libnds9.a(biosCalls.o)
                0x0201a820                swiSleep
                0x0201a85a                swiDecompressLZSSVram
                0x0201a842                swiFastCopy
                0x0201a846                swiSqrt
                0x0201a810                swiSoftReset
                0x0201a84a                swiCRC16
                0x0201a85e                swiDecompressHuffman
                0x0201a876                swiSetHaltCR
                0x0201a82c                swiRemainder
                0x0201a852                swiUnpackBits
                0x0201a856                swiDecompressLZSSWram
                0x0201a872                swiDecodeDelta16
                0x0201a814                swiDelay
                0x0201a832                swiDivMod
                0x0201a866                swiDecompressRLEVram
                0x0201a862                swiDecompressRLEWram
                0x0201a86e                swiDecodeDelta8
                0x0201a828                swiDivide
                0x0201a824                swiChangeSoundBias
                0x0201a81c                swiWaitForVBlank
                0x0201a818                swiIntrWait
                0x0201a84e                swiIsDebugger
                0x0201a86a                swiWaitForIRQ
                0x0201a83e                swiCopy
 .text          0x0201a880        0x0 C:\devkitPro\libnds\lib\libnds9.a(interruptDispatcher.o)
 .text          0x0201a880        0x0 C:\devkitPro\libnds\lib\libnds9.a(default_font.o)
 .text          0x0201a880      0x114 c:/devkitpro/devkitarm/bin/../lib/gcc/arm-eabi/4.1.1\libgcc.a(_udivsi3.o)
                0x0201a880                __udivsi3
                0x0201a880                __aeabi_uidiv
                0x0201a97c                __aeabi_uidivmod
 .text          0x0201a994      0x144 c:/devkitpro/devkitarm/bin/../lib/gcc/arm-eabi/4.1.1\libgcc.a(_divsi3.o)
                0x0201a994                __aeabi_idiv
                0x0201a994                __divsi3
                0x0201aac0                __aeabi_idivmod
 .text          0x0201aad8        0x4 c:/devkitpro/devkitarm/bin/../lib/gcc/arm-eabi/4.1.1\libgcc.a(_dvmd_tls.o)
                0x0201aad8                __aeabi_ldiv0
                0x0201aad8                __div0
                0x0201aad8                __aeabi_idiv0
 .text          0x0201aadc       0x3c c:/devkitpro/devkitarm/bin/../lib/gcc/arm-eabi/4.1.1\libgcc.a(_call_via_rX.o)
                0x0201aae4                _call_via_r2
                0x0201aaf4                _call_via_r6
                0x0201aaf0                _call_via_r5
                0x0201aae8                _call_via_r3
                0x0201ab08                _call_via_fp
                0x0201aafc                _call_via_r8
                0x0201aaf8                _call_via_r7
                0x0201aadc                _call_via_r0
                0x0201ab04                _call_via_sl
                0x0201ab10                _call_via_sp
                0x0201ab00                _call_via_r9
                0x0201aaec                _call_via_r4
                0x0201aae0                _call_via_r1
                0x0201ab0c                _call_via_ip
                0x0201ab14                _call_via_lr
 .text          0x0201ab18        0x0 c:/devkitpro/devkitarm/bin/../lib/gcc/arm-eabi/4.1.1/../../../../arm-eabi/lib\libc.a(lib_a-ctype_.o)
 .text          0x0201ab18      0x110 c:/devkitpro/devkitarm/bin/../lib/gcc/arm-eabi/4.1.1/../../../../arm-eabi/lib\libc.a(lib_a-fclose.o)
                0x0201ab18                _fclose_r
                0x0201ac14                fclose
 .text          0x0201ac28      0x1b8 c:/devkitpro/devkitarm/bin/../lib/gcc/arm-eabi/4.1.1/../../../../arm-eabi/lib\libc.a(lib_a-fflush.o)
                0x0201ac28                fflush
 .text          0x0201ade0      0x2bc c:/devkitpro/devkitarm/bin/../lib/gcc/arm-eabi/4.1.1/../../../../arm-eabi/lib\libc.a(lib_a-findfp.o)
                0x0201ae4c                __sinit
                0x0201af64                __sfmoreglue
                0x0201af54                _cleanup
                0x0201af34                _cleanup_r
                0x0201af08                __fp_lock_all
                0x0201ae3c                __sfp_lock_acquire
                0x0201afb4                __sfp
                0x0201ae48                __sinit_lock_release
                0x0201aedc                __fp_unlock_all
                0x0201ae40                __sfp_lock_release
                0x0201ae44                __sinit_lock_acquire
 .text          0x0201b09c       0xfc c:/devkitpro/devkitarm/bin/../lib/gcc/arm-eabi/4.1.1/../../../../arm-eabi/lib\libc.a(lib_a-fopen.o)
                0x0201b17c                fopen
                0x0201b09c                _fopen_r
 .text          0x0201b198      0x228 c:/devkitpro/devkitarm/bin/../lib/gcc/arm-eabi/4.1.1/../../../../arm-eabi/lib\libc.a(lib_a-fread.o)
                0x0201b37c                fread
                0x0201b198                _fread_r
 .text          0x0201b3c0      0x3c0 c:/devkitpro/devkitarm/bin/../lib/gcc/arm-eabi/4.1.1/../../../../arm-eabi/lib\libc.a(lib_a-freer.o)
                0x0201b4c8                _free_r
                0x0201b3c0                _malloc_trim_r
 .text          0x0201b780      0x490 c:/devkitpro/devkitarm/bin/../lib/gcc/arm-eabi/4.1.1/../../../../arm-eabi/lib\libc.a(lib_a-fseek.o)
                0x0201bbe4                fseek
                0x0201b780                _fseek_r
 .text          0x0201bc10       0x48 c:/devkitpro/devkitarm/bin/../lib/gcc/arm-eabi/4.1.1/../../../../arm-eabi/lib\libc.a(lib_a-fstatr.o)
                0x0201bc10                _fstat_r
 .text          0x0201bc58      0x11c c:/devkitpro/devkitarm/bin/../lib/gcc/arm-eabi/4.1.1/../../../../arm-eabi/lib\libc.a(lib_a-fwalk.o)
                0x0201bce4                _fwalk
                0x0201bc58                _fwalk_reent
 .text          0x0201bd74       0xc8 c:/devkitpro/devkitarm/bin/../lib/gcc/arm-eabi/4.1.1/../../../../arm-eabi/lib\libc.a(lib_a-fwrite.o)
                0x0201bd74                _fwrite_r
                0x0201bdf8                fwrite
 .text          0x0201be3c        0x0 c:/devkitpro/devkitarm/bin/../lib/gcc/arm-eabi/4.1.1/../../../../arm-eabi/lib\libc.a(lib_a-impure.o)
 .text          0x0201be3c       0xd4 c:/devkitpro/devkitarm/bin/../lib/gcc/arm-eabi/4.1.1/../../../../arm-eabi/lib\libc.a(lib_a-init.o)
                0x0201be88                __libc_init_array
                0x0201be3c                __libc_fini_array
 .text          0x0201bf10       0x74 c:/devkitpro/devkitarm/bin/../lib/gcc/arm-eabi/4.1.1/../../../../arm-eabi/lib\libc.a(lib_a-iprintf.o)
                0x0201bf10                _iprintf_r
                0x0201bf44                iprintf
 .text          0x0201bf84      0x168 c:/devkitpro/devkitarm/bin/../lib/gcc/arm-eabi/4.1.1/../../../../arm-eabi/lib\libc.a(lib_a-makebuf.o)
                0x0201bf84                __smakebuf
 .text          0x0201c0ec       0x50 c:/devkitpro/devkitarm/bin/../lib/gcc/arm-eabi/4.1.1/../../../../arm-eabi/lib\libc.a(lib_a-malloc.o)
                0x0201c114                malloc
                0x0201c0ec                free
 .text          0x0201c13c      0x774 c:/devkitpro/devkitarm/bin/../lib/gcc/arm-eabi/4.1.1/../../../../arm-eabi/lib\libc.a(lib_a-mallocr.o)
                0x0201c13c                _malloc_r
 .text          0x0201c8b0       0x9c c:/devkitpro/devkitarm/bin/../lib/gcc/arm-eabi/4.1.1/../../../../arm-eabi/lib\libc.a(lib_a-memcpy.o)
                0x0201c8b0                memcpy
 .text          0x0201c94c       0xfc c:/devkitpro/devkitarm/bin/../lib/gcc/arm-eabi/4.1.1/../../../../arm-eabi/lib\libc.a(lib_a-memmove.o)
                0x0201c94c                memmove
 .text          0x0201ca48       0x98 c:/devkitpro/devkitarm/bin/../lib/gcc/arm-eabi/4.1.1/../../../../arm-eabi/lib\libc.a(lib_a-memset.o)
                0x0201ca48                memset
 .text          0x0201cae0        0x8 c:/devkitpro/devkitarm/bin/../lib/gcc/arm-eabi/4.1.1/../../../../arm-eabi/lib\libc.a(lib_a-mlock.o)
                0x0201cae4                __malloc_unlock
                0x0201cae0                __malloc_lock
 .text          0x0201cae8       0x4c c:/devkitpro/devkitarm/bin/../lib/gcc/arm-eabi/4.1.1/../../../../arm-eabi/lib\libc.a(lib_a-openr.o)
                0x0201cae8                _open_r
 .text          0x0201cb34       0x74 c:/devkitpro/devkitarm/bin/../lib/gcc/arm-eabi/4.1.1/../../../../arm-eabi/lib\libc.a(lib_a-printf.o)
                0x0201cb34                printf
                0x0201cb74                _printf_r
 .text          0x0201cba8      0x1a4 c:/devkitpro/devkitarm/bin/../lib/gcc/arm-eabi/4.1.1/../../../../arm-eabi/lib\libc.a(lib_a-reent.o)
                0x0201cc24                cleanup_glue
                0x0201cc58                _reclaim_reent
                0x0201cba8                _wrapup_reent
 .text          0x0201cd4c      0x1e0 c:/devkitpro/devkitarm/bin/../lib/gcc/arm-eabi/4.1.1/../../../../arm-eabi/lib\libc.a(lib_a-refill.o)
                0x0201cd84                __srefill_r
 .text          0x0201cf2c       0x48 c:/devkitpro/devkitarm/bin/../lib/gcc/arm-eabi/4.1.1/../../../../arm-eabi/lib\libc.a(lib_a-sbrkr.o)
                0x0201cf2c                _sbrk_r
 .text          0x0201cf74      0x1ac c:/devkitpro/devkitarm/bin/../lib/gcc/arm-eabi/4.1.1/../../../../arm-eabi/lib\libc.a(lib_a-setvbuf.o)
                0x0201cf74                setvbuf
 .text          0x0201d120      0x108 c:/devkitpro/devkitarm/bin/../lib/gcc/arm-eabi/4.1.1/../../../../arm-eabi/lib\libc.a(lib_a-siscanf.o)
                0x0201d128                _siscanf_r
                0x0201d1a8                siscanf
 .text          0x0201d228       0xdc c:/devkitpro/devkitarm/bin/../lib/gcc/arm-eabi/4.1.1/../../../../arm-eabi/lib\libc.a(lib_a-sprintf.o)
                0x0201d29c                _sprintf_r
                0x0201d228                sprintf
 .text          0x0201d304      0x128 c:/devkitpro/devkitarm/bin/../lib/gcc/arm-eabi/4.1.1/../../../../arm-eabi/lib\libc.a(lib_a-stdio.o)
                0x0201d32c                __sseek
                0x0201d3e4                __sread
                0x0201d304                __sclose
                0x0201d378                __swrite
 .text          0x0201d42c       0x9c c:/devkitpro/devkitarm/bin/../lib/gcc/arm-eabi/4.1.1/../../../../arm-eabi/lib\libc.a(lib_a-strcasecmp.o)
                0x0201d42c                strcasecmp
 .text          0x0201d4c8       0x98 c:/devkitpro/devkitarm/bin/../lib/gcc/arm-eabi/4.1.1/../../../../arm-eabi/lib\libc.a(lib_a-strcat.o)
                0x0201d4c8                strcat
 .text          0x0201d560      0x118 c:/devkitpro/devkitarm/bin/../lib/gcc/arm-eabi/4.1.1/../../../../arm-eabi/lib\libc.a(lib_a-strchr.o)
                0x0201d560                strchr
 .text          0x0201d678       0xd0 c:/devkitpro/devkitarm/bin/../lib/gcc/arm-eabi/4.1.1/../../../../arm-eabi/lib\libc.a(lib_a-strcmp.o)
                0x0201d678                strcmp
 .text          0x0201d748       0xa0 c:/devkitpro/devkitarm/bin/../lib/gcc/arm-eabi/4.1.1/../../../../arm-eabi/lib\libc.a(lib_a-strcpy.o)
                0x0201d748                strcpy
 .text          0x0201d7e8       0x90 c:/devkitpro/devkitarm/bin/../lib/gcc/arm-eabi/4.1.1/../../../../arm-eabi/lib\libc.a(lib_a-strlen.o)
                0x0201d7e8                strlen
 .text          0x0201d878       0xb8 c:/devkitpro/devkitarm/bin/../lib/gcc/arm-eabi/4.1.1/../../../../arm-eabi/lib\libc.a(lib_a-strncasecmp.o)
                0x0201d878                strncasecmp
 .text          0x0201d930      0x13c c:/devkitpro/devkitarm/bin/../lib/gcc/arm-eabi/4.1.1/../../../../arm-eabi/lib\libc.a(lib_a-strncmp.o)
                0x0201d930                strncmp
 .text          0x0201da6c      0x114 c:/devkitpro/devkitarm/bin/../lib/gcc/arm-eabi/4.1.1/../../../../arm-eabi/lib\libc.a(lib_a-strncpy.o)
                0x0201da6c                strncpy
 .text          0x0201db80       0x48 c:/devkitpro/devkitarm/bin/../lib/gcc/arm-eabi/4.1.1/../../../../arm-eabi/lib\libc.a(lib_a-strnlen.o)
                0x0201db80                strnlen
 .text          0x0201dbc8       0x50 c:/devkitpro/devkitarm/bin/../lib/gcc/arm-eabi/4.1.1/../../../../arm-eabi/lib\libc.a(lib_a-strpbrk.o)
                0x0201dbc8                strpbrk
 .text          0x0201dc18       0x50 c:/devkitpro/devkitarm/bin/../lib/gcc/arm-eabi/4.1.1/../../../../arm-eabi/lib\libc.a(lib_a-strrchr.o)
                0x0201dc18                strrchr
 .text          0x0201dc68       0x54 c:/devkitpro/devkitarm/bin/../lib/gcc/arm-eabi/4.1.1/../../../../arm-eabi/lib\libc.a(lib_a-strstr.o)
                0x0201dc68                strstr
 .text          0x0201dcbc       0x44 c:/devkitpro/devkitarm/bin/../lib/gcc/arm-eabi/4.1.1/../../../../arm-eabi/lib\libc.a(lib_a-strupr.o)
                0x0201dcbc                strupr
 .text          0x0201dd00       0x18 c:/devkitpro/devkitarm/bin/../lib/gcc/arm-eabi/4.1.1/../../../../arm-eabi/lib\libc.a(lib_a-sysstat.o)
                0x0201dd00                stat
 .text          0x0201dd18       0x1c c:/devkitpro/devkitarm/bin/../lib/gcc/arm-eabi/4.1.1/../../../../arm-eabi/lib\libc.a(lib_a-toupper.o)
                0x0201dd18                toupper
 .text          0x0201dd34     0x1314 c:/devkitpro/devkitarm/bin/../lib/gcc/arm-eabi/4.1.1/../../../../arm-eabi/lib\libc.a(lib_a-vfiprintf.o)
                0x0201f01c                vfiprintf
                0x0201dd74                _vfiprintf_r
 .text          0x0201f048      0xff4 c:/devkitpro/devkitarm/bin/../lib/gcc/arm-eabi/4.1.1/../../../../arm-eabi/lib\libc.a(lib_a-vfiscanf.o)
                0x0201ff94                _vfiscanf_r
                0x0201ffe0                vfiscanf
                0x0201f048                __svfiscanf_r
                0x0201ff68                __svfiscanf
 .text          0x0202003c     0x2178 c:/devkitpro/devkitarm/bin/../lib/gcc/arm-eabi/4.1.1/../../../../arm-eabi/lib\libc.a(lib_a-vfprintf.o)
                0x0202007c                _vfprintf_r
                0x02022188                vfprintf
 .text          0x020221b4      0x110 c:/devkitpro/devkitarm/bin/../lib/gcc/arm-eabi/4.1.1/../../../../arm-eabi/lib\libc.a(lib_a-vsnprintf.o)
                0x02022240                vsnprintf
                0x020221b4                _vsnprintf_r
 .text          0x020222c4       0x84 c:/devkitpro/devkitarm/bin/../lib/gcc/arm-eabi/4.1.1/../../../../arm-eabi/lib\libc.a(lib_a-wcrtomb.o)
                0x020222c4                _wcrtomb_r
                0x0202231c                wcrtomb
 .text          0x02022348      0x180 c:/devkitpro/devkitarm/bin/../lib/gcc/arm-eabi/4.1.1/../../../../arm-eabi/lib\libc.a(lib_a-wcsrtombs.o)
                0x02022348                _wcsrtombs_r
                0x02022484                wcsrtombs
 .text          0x020224c8      0x428 c:/devkitpro/devkitarm/bin/../lib/gcc/arm-eabi/4.1.1/../../../../arm-eabi/lib\libc.a(lib_a-wctomb_r.o)
                0x020224c8                _wctomb_r
 .text          0x020228f0       0x4c c:/devkitpro/devkitarm/bin/../lib/gcc/arm-eabi/4.1.1/../../../../arm-eabi/lib\libc.a(lib_a-writer.o)
                0x020228f0                _write_r
 .text          0x0202293c      0x10c c:/devkitpro/devkitarm/bin/../lib/gcc/arm-eabi/4.1.1/../../../../arm-eabi/lib\libc.a(lib_a-wsetup.o)
                0x0202293c                __swsetup
 .text          0x02022a48       0x44 c:/devkitpro/devkitarm/bin/../lib/gcc/arm-eabi/4.1.1/../../../../arm-eabi/lib\libc.a(lib_a-closer.o)
                0x02022a48                _close_r
 *fill*         0x02022a8c        0x4 ff
 .text          0x02022a90     0x1648 c:/devkitpro/devkitarm/bin/../lib/gcc/arm-eabi/4.1.1/../../../../arm-eabi/lib\libc.a(lib_a-dtoa.o)
                0x02022c9c                _dtoa_r
 .text          0x020240d8       0xa4 c:/devkitpro/devkitarm/bin/../lib/gcc/arm-eabi/4.1.1/../../../../arm-eabi/lib\libc.a(lib_a-flags.o)
                0x020240d8                __sflags
 .text          0x0202417c      0x444 c:/devkitpro/devkitarm/bin/../lib/gcc/arm-eabi/4.1.1/../../../../arm-eabi/lib\libc.a(lib_a-fvwrite.o)
                0x0202417c                __sfvwrite_r
 .text          0x020245c0       0x24 c:/devkitpro/devkitarm/bin/../lib/gcc/arm-eabi/4.1.1/../../../../arm-eabi/lib\libc.a(lib_a-iswspace.o)
                0x020245c0                iswspace
 .text          0x020245e4       0xb0 c:/devkitpro/devkitarm/bin/../lib/gcc/arm-eabi/4.1.1/../../../../arm-eabi/lib\libc.a(lib_a-locale.o)
                0x02024610                _setlocale_r
                0x020245e4                __locale_charset
                0x020245f4                _localeconv_r
                0x02024678                setlocale
                0x02024600                localeconv
 .text          0x02024694       0x4c c:/devkitpro/devkitarm/bin/../lib/gcc/arm-eabi/4.1.1/../../../../arm-eabi/lib\libc.a(lib_a-lseekr.o)
                0x02024694                _lseek_r
 .text          0x020246e0       0xac c:/devkitpro/devkitarm/bin/../lib/gcc/arm-eabi/4.1.1/../../../../arm-eabi/lib\libc.a(lib_a-mbrtowc.o)
                0x02024748                mbrtowc
                0x020246e0                _mbrtowc_r
 .text          0x0202478c       0x50 c:/devkitpro/devkitarm/bin/../lib/gcc/arm-eabi/4.1.1/../../../../arm-eabi/lib\libc.a(lib_a-mbtowc_r.o)
                0x0202478c                _mbtowc_r
 .text          0x020247dc      0x100 c:/devkitpro/devkitarm/bin/../lib/gcc/arm-eabi/4.1.1/../../../../arm-eabi/lib\libc.a(lib_a-memchr.o)
                0x020247dc                memchr
 .text          0x020248dc      0xd08 c:/devkitpro/devkitarm/bin/../lib/gcc/arm-eabi/4.1.1/../../../../arm-eabi/lib\libc.a(lib_a-mprec.o)
                0x02024bd8                _mprec_log10
                0x02024c90                __any_on
                0x02024d24                _Balloc
                0x02024b5c                __ratio
                0x02025308                __i2b
                0x02024aa4                __b2d
                0x020254f0                __s2b
                0x020249e4                __mcmp
                0x020248f8                __hi0bits
                0x020253f8                __pow5mult
                0x0202503c                __lshift
                0x02025144                __multiply
                0x02024dc0                __d2b
                0x02024c40                __copybits
                0x02024a44                __ulp
                0x02024f00                __mdiff
                0x02024950                __lo0bits
                0x0202532c                __multadd
                0x020248dc                _Bfree
 .text          0x020255e4       0x4c c:/devkitpro/devkitarm/bin/../lib/gcc/arm-eabi/4.1.1/../../../../arm-eabi/lib\libc.a(lib_a-readr.o)
                0x020255e4                _read_r
 .text          0x02025630      0x61c c:/devkitpro/devkitarm/bin/../lib/gcc/arm-eabi/4.1.1/../../../../arm-eabi/lib\libc.a(lib_a-reallocr.o)
                0x02025630                _realloc_r
 .text          0x02025c4c       0x3c c:/devkitpro/devkitarm/bin/../lib/gcc/arm-eabi/4.1.1/../../../../arm-eabi/lib\libc.a(lib_a-s_isinfd.o)
                0x02025c4c                __isinfd
 .text          0x02025c88       0x30 c:/devkitpro/devkitarm/bin/../lib/gcc/arm-eabi/4.1.1/../../../../arm-eabi/lib\libc.a(lib_a-s_isnand.o)
                0x02025c88                __isnand
 .text          0x02025cb8       0xc8 c:/devkitpro/devkitarm/bin/../lib/gcc/arm-eabi/4.1.1/../../../../arm-eabi/lib\libc.a(lib_a-sccl.o)
                0x02025cb8                __sccl
 .text          0x02025d80      0x1f0 c:/devkitpro/devkitarm/bin/../lib/gcc/arm-eabi/4.1.1/../../../../arm-eabi/lib\libc.a(lib_a-strtol.o)
                0x02025f44                strtol
                0x02025d80                _strtol_r
 .text          0x02025f70      0x1e4 c:/devkitpro/devkitarm/bin/../lib/gcc/arm-eabi/4.1.1/../../../../arm-eabi/lib\libc.a(lib_a-strtoul.o)
                0x02026128                strtoul
                0x02025f70                _strtoul_r
 .text          0x02026154      0x254 c:/devkitpro/devkitarm/bin/../lib/gcc/arm-eabi/4.1.1/../../../../arm-eabi/lib\libc.a(lib_a-ungetc.o)
                0x0202638c                ungetc
                0x02026154                __submore
                0x02026210                _ungetc_r
 .text          0x020263a8       0xa0 c:/devkitpro/devkitarm/bin/../lib/gcc/arm-eabi/4.1.1/../../../../arm-eabi/lib\libc.a(lib_a-callocr.o)
                0x020263a8                _calloc_r
 .text          0x02026448      0x41c c:/devkitpro/devkitarm/bin/../lib/gcc/arm-eabi/4.1.1\libgcc.a(_addsubdf3.o)
                0x02026804                __floatdidf
                0x02026788                __floatsidf
                0x02026764                __aeabi_ui2d
                0x02026448                __aeabi_drsub
                0x020267b0                __extendsfdf2
                0x02026454                __adddf3
                0x02026764                __floatunsidf
                0x02026454                __aeabi_dadd
                0x020267f0                __aeabi_ul2d
                0x02026450                __aeabi_dsub
                0x020267f0                __floatundidf
                0x02026788                __aeabi_i2d
                0x02026804                __aeabi_l2d
                0x020267b0                __aeabi_f2d
                0x02026450                __subdf3
 .text          0x02026864      0x49c c:/devkitpro/devkitarm/bin/../lib/gcc/arm-eabi/4.1.1\libgcc.a(_muldivdf3.o)
                0x02026af4                __aeabi_ddiv
                0x02026864                __aeabi_dmul
                0x02026af4                __divdf3
                0x02026864                __muldf3
 .text          0x02026d00      0x140 c:/devkitpro/devkitarm/bin/../lib/gcc/arm-eabi/4.1.1\libgcc.a(_cmpdf2.o)
                0x02026df8                __aeabi_dcmple
                0x02026d10                __cmpdf2
                0x02026d10                __eqdf2
                0x02026d00                __gtdf2
                0x02026db0                __aeabi_cdcmple
                0x02026d94                __aeabi_cdrcmple
                0x02026d08                __ltdf2
                0x02026de0                __aeabi_dcmplt
                0x02026d08                __ledf2
                0x02026e28                __aeabi_dcmpgt
                0x02026e10                __aeabi_dcmpge
                0x02026d10                __nedf2
                0x02026dc8                __aeabi_dcmpeq
                0x02026db0                __aeabi_cdcmpeq
                0x02026d00                __gedf2
 .text          0x02026e40       0x5c c:/devkitpro/devkitarm/bin/../lib/gcc/arm-eabi/4.1.1\libgcc.a(_fixdfsi.o)
                0x02026e40                __fixdfsi
                0x02026e40                __aeabi_d2iz
 .text          0x02026e9c      0x18c c:/devkitpro/devkitarm/bin/../lib/gcc/arm-eabi/4.1.1/../../../../arm-eabi/lib\libsysbase.a(iosupport.o)
                0x02026fec                RemoveDevice
                0x02026e9c                setDefaultDevice
                0x02026eb4                AddDevice
                0x02026f48                FindDevice
 .text          0x02027028       0x6c c:/devkitpro/devkitarm/bin/../lib/gcc/arm-eabi/4.1.1/../../../../arm-eabi/lib\libsysbase.a(close.o)
                0x02027028                _close
 .text          0x02027094       0x74 c:/devkitpro/devkitarm/bin/../lib/gcc/arm-eabi/4.1.1/../../../../arm-eabi/lib\libsysbase.a(fstat.o)
                0x02027094                _fstat
 .text          0x02027108        0x8 c:/devkitpro/devkitarm/bin/../lib/gcc/arm-eabi/4.1.1/../../../../arm-eabi/lib\libsysbase.a(isatty.o)
                0x02027108                isatty
 .text          0x02027110       0x54 c:/devkitpro/devkitarm/bin/../lib/gcc/arm-eabi/4.1.1/../../../../arm-eabi/lib\libsysbase.a(lseek.o)
                0x02027110                _lseek
 .text          0x02027164       0xd0 c:/devkitpro/devkitarm/bin/../lib/gcc/arm-eabi/4.1.1/../../../../arm-eabi/lib\libsysbase.a(open.o)
                0x02027164                _open
 .text          0x02027234       0x70 c:/devkitpro/devkitarm/bin/../lib/gcc/arm-eabi/4.1.1/../../../../arm-eabi/lib\libsysbase.a(read.o)
                0x02027234                _read
 .text          0x020272a4       0x80 c:/devkitpro/devkitarm/bin/../lib/gcc/arm-eabi/4.1.1/../../../../arm-eabi/lib\libsysbase.a(sbrk.o)
                0x020272a4                _sbrk
 .text          0x02027324       0x6c c:/devkitpro/devkitarm/bin/../lib/gcc/arm-eabi/4.1.1/../../../../arm-eabi/lib\libsysbase.a(stat.o)
                0x02027324                _stat
 .text          0x02027390       0x70 c:/devkitpro/devkitarm/bin/../lib/gcc/arm-eabi/4.1.1/../../../../arm-eabi/lib\libsysbase.a(write.o)
                0x02027390                _write
 .text          0x02027400        0x0 c:/devkitpro/devkitarm/bin/../lib/gcc/arm-eabi/4.1.1/../../../../arm-eabi/lib\libsysbase.a(malloc_vars.o)
 .text          0x02027400      0x360 c:/devkitpro/devkitarm/bin/../lib/gcc/arm-eabi/4.1.1/../../../../arm-eabi/lib\libsysbase.a(chdir.o)
                0x02027610                chdir
                0x02027400                getcwd
                0x02027468                _concatenate_path
 .text          0x02027760      0x20c c:/devkitpro/devkitarm/bin/../lib/gcc/arm-eabi/4.1.1/../../../../arm-eabi/lib\libsysbase.a(dir.o)
                0x02027760                dirreset
                0x020277c4                dirnext
                0x020278a8                diropen
                0x02027834                dirclose
 .text          0x0202796c        0x0 c:/devkitpro/devkitarm/bin/../lib/gcc/arm-eabi/4.1.1/crtend.o
 .text          0x0202796c        0x0 c:/devkitpro/devkitarm/bin/../lib/gcc/arm-eabi/4.1.1/crtn.o
 *(.text.*)
 *(.stub)
 *(.gnu.warning)
 *(.gnu.linkonce.t*)
 *(.glue_7)
 .glue_7        0x0202796c        0x0 c:/devkitpro/devkitarm/bin/../lib/gcc/arm-eabi/4.1.1/../../../../arm-eabi/lib/ds_arm9_crt0.o
 .glue_7        0x0202796c        0x0 c:/devkitpro/devkitarm/bin/../lib/gcc/arm-eabi/4.1.1/crti.o
 .glue_7        0x0202796c        0x0 c:/devkitpro/devkitarm/bin/../lib/gcc/arm-eabi/4.1.1/crtbegin.o
 .glue_7        0x0202796c        0x0 ./SNES_global.o
 .glue_7        0x0202796c        0x0 ./apu.o
 .glue_7        0x0202796c        0x0 ./core.o
 .glue_7        0x0202796c        0x0 ./engine.o
 .glue_7        0x0202796c        0x0 ./fs.o
 .glue_7        0x0202796c        0x0 ./gui.o
 .glue_7        0x0202796c        0x0 ./intr.o
 .glue_7        0x0202796c        0x0 ./main.o
 .glue_7        0x0202796c        0x0 ./memmap.o
 .glue_7        0x0202796c        0x0 ./opcodes.o
 .glue_7        0x0202796c        0x0 ./opcodes2.o
 .glue_7        0x0202796c        0x0 ./ppu.o
 .glue_7        0x0202796c        0x0 ./snapshot.o
 .glue_7        0x0202796c        0x0 ./snes.o
 .glue_7        0x0202796c        0x0 ./touch.o
 .glue_7        0x0202796c        0x0 C:\devkitPro\libfat\lib\libfat.a(libfat.o)
 .glue_7        0x0202796c        0x0 C:\devkitPro\libfat\lib\libfat.a(partition.o)
 .glue_7        0x0202796c        0x0 C:\devkitPro\libfat\lib\libfat.a(disc.o)
 .glue_7        0x0202796c        0x0 C:\devkitPro\libfat\lib\libfat.a(io_m3cf.o)
 .glue_7        0x0202796c        0x0 C:\devkitPro\libfat\lib\libfat.a(io_m3sd.o)
 .glue_7        0x0202796c        0x0 C:\devkitPro\libfat\lib\libfat.a(io_mpcf.o)
 .glue_7        0x0202796c        0x0 C:\devkitPro\libfat\lib\libfat.a(io_njsd.o)
 .glue_7        0x0202796c        0x0 C:\devkitPro\libfat\lib\libfat.a(io_nmmc.o)
 .glue_7        0x0202796c        0x0 C:\devkitPro\libfat\lib\libfat.a(io_sccf.o)
 .glue_7        0x0202796c        0x0 C:\devkitPro\libfat\lib\libfat.a(io_scsd.o)
 .glue_7        0x0202796c        0x0 C:\devkitPro\libfat\lib\libfat.a(io_sd_common.o)
 .glue_7        0x0202796c        0x0 C:\devkitPro\libfat\lib\libfat.a(io_dldi.o)
 .glue_7        0x0202796c        0x0 C:\devkitPro\libfat\lib\libfat.a(io_scsd_s.o)
 .glue_7        0x0202796c        0x0 C:\devkitPro\libfat\lib\libfat.a(cache.o)
 .glue_7        0x0202796c        0x0 C:\devkitPro\libfat\lib\libfat.a(fatdir.o)
 .glue_7        0x0202796c        0x0 C:\devkitPro\libfat\lib\libfat.a(fatfile.o)
 .glue_7        0x0202796c        0x0 C:\devkitPro\libfat\lib\libfat.a(file_allocation_table.o)
 .glue_7        0x0202796c        0x0 C:\devkitPro\libfat\lib\libfat.a(filetime.o)
 .glue_7        0x0202796c        0x0 C:\devkitPro\libfat\lib\libfat.a(io_cf_common.o)
 .glue_7        0x0202796c        0x0 C:\devkitPro\libfat\lib\libfat.a(io_m3_common.o)
 .glue_7        0x0202796c        0x0 C:\devkitPro\libfat\lib\libfat.a(io_sc_common.o)
 .glue_7        0x0202796c        0x0 C:\devkitPro\libfat\lib\libfat.a(directory.o)
 .glue_7        0x0202796c        0x0 C:\devkitPro\libnds\lib\libnds9.a(console.o)
 .glue_7        0x0202796c        0x0 C:\devkitPro\libnds\lib\libnds9.a(keys.o)
 .glue_7        0x0202796c        0x0 C:\devkitPro\libnds\lib\libnds9.a(video.o)
 .glue_7        0x0202796c        0x0 C:\devkitPro\libnds\lib\libnds9.a(card.o)
 .glue_7        0x0202796c        0x0 C:\devkitPro\libnds\lib\libnds9.a(interrupts.o)
 .glue_7        0x0202796c        0x0 C:\devkitPro\libnds\lib\libnds9.a(biosCalls.o)
 .glue_7        0x0202796c        0x0 C:\devkitPro\libnds\lib\libnds9.a(interruptDispatcher.o)
 .glue_7        0x0202796c        0x0 C:\devkitPro\libnds\lib\libnds9.a(default_font.o)
 .glue_7        0x0202796c        0x0 c:/devkitpro/devkitarm/bin/../lib/gcc/arm-eabi/4.1.1\libgcc.a(_udivsi3.o)
 .glue_7        0x0202796c        0x0 c:/devkitpro/devkitarm/bin/../lib/gcc/arm-eabi/4.1.1\libgcc.a(_divsi3.o)
 .glue_7        0x0202796c        0x0 c:/devkitpro/devkitarm/bin/../lib/gcc/arm-eabi/4.1.1\libgcc.a(_dvmd_tls.o)
 .glue_7        0x0202796c        0x0 c:/devkitpro/devkitarm/bin/../lib/gcc/arm-eabi/4.1.1\libgcc.a(_call_via_rX.o)
 .glue_7        0x0202796c        0x0 c:/devkitpro/devkitarm/bin/../lib/gcc/arm-eabi/4.1.1/../../../../arm-eabi/lib\libc.a(lib_a-ctype_.o)
 .glue_7        0x0202796c        0x0 c:/devkitpro/devkitarm/bin/../lib/gcc/arm-eabi/4.1.1/../../../../arm-eabi/lib\libc.a(lib_a-fclose.o)
 .glue_7        0x0202796c        0x0 c:/devkitpro/devkitarm/bin/../lib/gcc/arm-eabi/4.1.1/../../../../arm-eabi/lib\libc.a(lib_a-fflush.o)
 .glue_7        0x0202796c        0x0 c:/devkitpro/devkitarm/bin/../lib/gcc/arm-eabi/4.1.1/../../../../arm-eabi/lib\libc.a(lib_a-findfp.o)
 .glue_7        0x0202796c        0x0 c:/devkitpro/devkitarm/bin/../lib/gcc/arm-eabi/4.1.1/../../../../arm-eabi/lib\libc.a(lib_a-fopen.o)
 .glue_7        0x0202796c        0x0 c:/devkitpro/devkitarm/bin/../lib/gcc/arm-eabi/4.1.1/../../../../arm-eabi/lib\libc.a(lib_a-fread.o)
 .glue_7        0x0202796c        0x0 c:/devkitpro/devkitarm/bin/../lib/gcc/arm-eabi/4.1.1/../../../../arm-eabi/lib\libc.a(lib_a-freer.o)
 .glue_7        0x0202796c        0x0 c:/devkitpro/devkitarm/bin/../lib/gcc/arm-eabi/4.1.1/../../../../arm-eabi/lib\libc.a(lib_a-fseek.o)
 .glue_7        0x0202796c        0x0 c:/devkitpro/devkitarm/bin/../lib/gcc/arm-eabi/4.1.1/../../../../arm-eabi/lib\libc.a(lib_a-fstatr.o)
 .glue_7        0x0202796c        0x0 c:/devkitpro/devkitarm/bin/../lib/gcc/arm-eabi/4.1.1/../../../../arm-eabi/lib\libc.a(lib_a-fwalk.o)
 .glue_7        0x0202796c        0x0 c:/devkitpro/devkitarm/bin/../lib/gcc/arm-eabi/4.1.1/../../../../arm-eabi/lib\libc.a(lib_a-fwrite.o)
 .glue_7        0x0202796c        0x0 c:/devkitpro/devkitarm/bin/../lib/gcc/arm-eabi/4.1.1/../../../../arm-eabi/lib\libc.a(lib_a-impure.o)
 .glue_7        0x0202796c        0x0 c:/devkitpro/devkitarm/bin/../lib/gcc/arm-eabi/4.1.1/../../../../arm-eabi/lib\libc.a(lib_a-init.o)
 .glue_7        0x0202796c        0x0 c:/devkitpro/devkitarm/bin/../lib/gcc/arm-eabi/4.1.1/../../../../arm-eabi/lib\libc.a(lib_a-iprintf.o)
 .glue_7        0x0202796c        0x0 c:/devkitpro/devkitarm/bin/../lib/gcc/arm-eabi/4.1.1/../../../../arm-eabi/lib\libc.a(lib_a-makebuf.o)
 .glue_7        0x0202796c        0x0 c:/devkitpro/devkitarm/bin/../lib/gcc/arm-eabi/4.1.1/../../../../arm-eabi/lib\libc.a(lib_a-malloc.o)
 .glue_7        0x0202796c        0x0 c:/devkitpro/devkitarm/bin/../lib/gcc/arm-eabi/4.1.1/../../../../arm-eabi/lib\libc.a(lib_a-mallocr.o)
 .glue_7        0x0202796c        0x0 c:/devkitpro/devkitarm/bin/../lib/gcc/arm-eabi/4.1.1/../../../../arm-eabi/lib\libc.a(lib_a-memcpy.o)
 .glue_7        0x0202796c        0x0 c:/devkitpro/devkitarm/bin/../lib/gcc/arm-eabi/4.1.1/../../../../arm-eabi/lib\libc.a(lib_a-memmove.o)
 .glue_7        0x0202796c        0x0 c:/devkitpro/devkitarm/bin/../lib/gcc/arm-eabi/4.1.1/../../../../arm-eabi/lib\libc.a(lib_a-memset.o)
 .glue_7        0x0202796c        0x0 c:/devkitpro/devkitarm/bin/../lib/gcc/arm-eabi/4.1.1/../../../../arm-eabi/lib\libc.a(lib_a-mlock.o)
 .glue_7        0x0202796c        0x0 c:/devkitpro/devkitarm/bin/../lib/gcc/arm-eabi/4.1.1/../../../../arm-eabi/lib\libc.a(lib_a-openr.o)
 .glue_7        0x0202796c        0x0 c:/devkitpro/devkitarm/bin/../lib/gcc/arm-eabi/4.1.1/../../../../arm-eabi/lib\libc.a(lib_a-printf.o)
 .glue_7        0x0202796c        0x0 c:/devkitpro/devkitarm/bin/../lib/gcc/arm-eabi/4.1.1/../../../../arm-eabi/lib\libc.a(lib_a-reent.o)
 .glue_7        0x0202796c        0x0 c:/devkitpro/devkitarm/bin/../lib/gcc/arm-eabi/4.1.1/../../../../arm-eabi/lib\libc.a(lib_a-refill.o)
 .glue_7        0x0202796c        0x0 c:/devkitpro/devkitarm/bin/../lib/gcc/arm-eabi/4.1.1/../../../../arm-eabi/lib\libc.a(lib_a-sbrkr.o)
 .glue_7        0x0202796c        0x0 c:/devkitpro/devkitarm/bin/../lib/gcc/arm-eabi/4.1.1/../../../../arm-eabi/lib\libc.a(lib_a-setvbuf.o)
 .glue_7        0x0202796c        0x0 c:/devkitpro/devkitarm/bin/../lib/gcc/arm-eabi/4.1.1/../../../../arm-eabi/lib\libc.a(lib_a-siscanf.o)
 .glue_7        0x0202796c        0x0 c:/devkitpro/devkitarm/bin/../lib/gcc/arm-eabi/4.1.1/../../../../arm-eabi/lib\libc.a(lib_a-sprintf.o)
 .glue_7        0x0202796c        0x0 c:/devkitpro/devkitarm/bin/../lib/gcc/arm-eabi/4.1.1/../../../../arm-eabi/lib\libc.a(lib_a-stdio.o)
 .glue_7        0x0202796c        0x0 c:/devkitpro/devkitarm/bin/../lib/gcc/arm-eabi/4.1.1/../../../../arm-eabi/lib\libc.a(lib_a-strcasecmp.o)
 .glue_7        0x0202796c        0x0 c:/devkitpro/devkitarm/bin/../lib/gcc/arm-eabi/4.1.1/../../../../arm-eabi/lib\libc.a(lib_a-strcat.o)
 .glue_7        0x0202796c        0x0 c:/devkitpro/devkitarm/bin/../lib/gcc/arm-eabi/4.1.1/../../../../arm-eabi/lib\libc.a(lib_a-strchr.o)
 .glue_7        0x0202796c        0x0 c:/devkitpro/devkitarm/bin/../lib/gcc/arm-eabi/4.1.1/../../../../arm-eabi/lib\libc.a(lib_a-strcmp.o)
 .glue_7        0x0202796c        0x0 c:/devkitpro/devkitarm/bin/../lib/gcc/arm-eabi/4.1.1/../../../../arm-eabi/lib\libc.a(lib_a-strcpy.o)
 .glue_7        0x0202796c        0x0 c:/devkitpro/devkitarm/bin/../lib/gcc/arm-eabi/4.1.1/../../../../arm-eabi/lib\libc.a(lib_a-strlen.o)
 .glue_7        0x0202796c        0x0 c:/devkitpro/devkitarm/bin/../lib/gcc/arm-eabi/4.1.1/../../../../arm-eabi/lib\libc.a(lib_a-strncasecmp.o)
 .glue_7        0x0202796c        0x0 c:/devkitpro/devkitarm/bin/../lib/gcc/arm-eabi/4.1.1/../../../../arm-eabi/lib\libc.a(lib_a-strncmp.o)
 .glue_7        0x0202796c        0x0 c:/devkitpro/devkitarm/bin/../lib/gcc/arm-eabi/4.1.1/../../../../arm-eabi/lib\libc.a(lib_a-strncpy.o)
 .glue_7        0x0202796c        0x0 c:/devkitpro/devkitarm/bin/../lib/gcc/arm-eabi/4.1.1/../../../../arm-eabi/lib\libc.a(lib_a-strnlen.o)
 .glue_7        0x0202796c        0x0 c:/devkitpro/devkitarm/bin/../lib/gcc/arm-eabi/4.1.1/../../../../arm-eabi/lib\libc.a(lib_a-strpbrk.o)
 .glue_7        0x0202796c        0x0 c:/devkitpro/devkitarm/bin/../lib/gcc/arm-eabi/4.1.1/../../../../arm-eabi/lib\libc.a(lib_a-strrchr.o)
 .glue_7        0x0202796c        0x0 c:/devkitpro/devkitarm/bin/../lib/gcc/arm-eabi/4.1.1/../../../../arm-eabi/lib\libc.a(lib_a-strstr.o)
 .glue_7        0x0202796c        0x0 c:/devkitpro/devkitarm/bin/../lib/gcc/arm-eabi/4.1.1/../../../../arm-eabi/lib\libc.a(lib_a-strupr.o)
 .glue_7        0x0202796c        0x0 c:/devkitpro/devkitarm/bin/../lib/gcc/arm-eabi/4.1.1/../../../../arm-eabi/lib\libc.a(lib_a-sysstat.o)
 .glue_7        0x0202796c        0x0 c:/devkitpro/devkitarm/bin/../lib/gcc/arm-eabi/4.1.1/../../../../arm-eabi/lib\libc.a(lib_a-toupper.o)
 .glue_7        0x0202796c        0x0 c:/devkitpro/devkitarm/bin/../lib/gcc/arm-eabi/4.1.1/../../../../arm-eabi/lib\libc.a(lib_a-vfiprintf.o)
 .glue_7        0x0202796c        0x0 c:/devkitpro/devkitarm/bin/../lib/gcc/arm-eabi/4.1.1/../../../../arm-eabi/lib\libc.a(lib_a-vfiscanf.o)
 .glue_7        0x0202796c        0x0 c:/devkitpro/devkitarm/bin/../lib/gcc/arm-eabi/4.1.1/../../../../arm-eabi/lib\libc.a(lib_a-vfprintf.o)
 .glue_7        0x0202796c        0x0 c:/devkitpro/devkitarm/bin/../lib/gcc/arm-eabi/4.1.1/../../../../arm-eabi/lib\libc.a(lib_a-vsnprintf.o)
 .glue_7        0x0202796c        0x0 c:/devkitpro/devkitarm/bin/../lib/gcc/arm-eabi/4.1.1/../../../../arm-eabi/lib\libc.a(lib_a-wcrtomb.o)
 .glue_7        0x0202796c        0x0 c:/devkitpro/devkitarm/bin/../lib/gcc/arm-eabi/4.1.1/../../../../arm-eabi/lib\libc.a(lib_a-wcsrtombs.o)
 .glue_7        0x0202796c        0x0 c:/devkitpro/devkitarm/bin/../lib/gcc/arm-eabi/4.1.1/../../../../arm-eabi/lib\libc.a(lib_a-wctomb_r.o)
 .glue_7        0x0202796c        0x0 c:/devkitpro/devkitarm/bin/../lib/gcc/arm-eabi/4.1.1/../../../../arm-eabi/lib\libc.a(lib_a-writer.o)
 .glue_7        0x0202796c        0x0 c:/devkitpro/devkitarm/bin/../lib/gcc/arm-eabi/4.1.1/../../../../arm-eabi/lib\libc.a(lib_a-wsetup.o)
 .glue_7        0x0202796c        0x0 c:/devkitpro/devkitarm/bin/../lib/gcc/arm-eabi/4.1.1/../../../../arm-eabi/lib\libc.a(lib_a-closer.o)
 .glue_7        0x0202796c        0x0 c:/devkitpro/devkitarm/bin/../lib/gcc/arm-eabi/4.1.1/../../../../arm-eabi/lib\libc.a(lib_a-dtoa.o)
 .glue_7        0x0202796c        0x0 c:/devkitpro/devkitarm/bin/../lib/gcc/arm-eabi/4.1.1/../../../../arm-eabi/lib\libc.a(lib_a-flags.o)
 .glue_7        0x0202796c        0x0 c:/devkitpro/devkitarm/bin/../lib/gcc/arm-eabi/4.1.1/../../../../arm-eabi/lib\libc.a(lib_a-fvwrite.o)
 .glue_7        0x0202796c        0x0 c:/devkitpro/devkitarm/bin/../lib/gcc/arm-eabi/4.1.1/../../../../arm-eabi/lib\libc.a(lib_a-iswspace.o)
 .glue_7        0x0202796c        0x0 c:/devkitpro/devkitarm/bin/../lib/gcc/arm-eabi/4.1.1/../../../../arm-eabi/lib\libc.a(lib_a-locale.o)
 .glue_7        0x0202796c        0x0 c:/devkitpro/devkitarm/bin/../lib/gcc/arm-eabi/4.1.1/../../../../arm-eabi/lib\libc.a(lib_a-lseekr.o)
 .glue_7        0x0202796c        0x0 c:/devkitpro/devkitarm/bin/../lib/gcc/arm-eabi/4.1.1/../../../../arm-eabi/lib\libc.a(lib_a-mbrtowc.o)
 .glue_7        0x0202796c        0x0 c:/devkitpro/devkitarm/bin/../lib/gcc/arm-eabi/4.1.1/../../../../arm-eabi/lib\libc.a(lib_a-mbtowc_r.o)
 .glue_7        0x0202796c        0x0 c:/devkitpro/devkitarm/bin/../lib/gcc/arm-eabi/4.1.1/../../../../arm-eabi/lib\libc.a(lib_a-memchr.o)
 .glue_7        0x0202796c        0x0 c:/devkitpro/devkitarm/bin/../lib/gcc/arm-eabi/4.1.1/../../../../arm-eabi/lib\libc.a(lib_a-mprec.o)
 .glue_7        0x0202796c        0x0 c:/devkitpro/devkitarm/bin/../lib/gcc/arm-eabi/4.1.1/../../../../arm-eabi/lib\libc.a(lib_a-readr.o)
 .glue_7        0x0202796c        0x0 c:/devkitpro/devkitarm/bin/../lib/gcc/arm-eabi/4.1.1/../../../../arm-eabi/lib\libc.a(lib_a-reallocr.o)
 .glue_7        0x0202796c        0x0 c:/devkitpro/devkitarm/bin/../lib/gcc/arm-eabi/4.1.1/../../../../arm-eabi/lib\libc.a(lib_a-s_isinfd.o)
 .glue_7        0x0202796c        0x0 c:/devkitpro/devkitarm/bin/../lib/gcc/arm-eabi/4.1.1/../../../../arm-eabi/lib\libc.a(lib_a-s_isnand.o)
 .glue_7        0x0202796c        0x0 c:/devkitpro/devkitarm/bin/../lib/gcc/arm-eabi/4.1.1/../../../../arm-eabi/lib\libc.a(lib_a-sccl.o)
 .glue_7        0x0202796c        0x0 c:/devkitpro/devkitarm/bin/../lib/gcc/arm-eabi/4.1.1/../../../../arm-eabi/lib\libc.a(lib_a-strtol.o)
 .glue_7        0x0202796c        0x0 c:/devkitpro/devkitarm/bin/../lib/gcc/arm-eabi/4.1.1/../../../../arm-eabi/lib\libc.a(lib_a-strtoul.o)
 .glue_7        0x0202796c        0x0 c:/devkitpro/devkitarm/bin/../lib/gcc/arm-eabi/4.1.1/../../../../arm-eabi/lib\libc.a(lib_a-ungetc.o)
 .glue_7        0x0202796c        0x0 c:/devkitpro/devkitarm/bin/../lib/gcc/arm-eabi/4.1.1/../../../../arm-eabi/lib\libc.a(lib_a-callocr.o)
 .glue_7        0x0202796c        0x0 c:/devkitpro/devkitarm/bin/../lib/gcc/arm-eabi/4.1.1\libgcc.a(_addsubdf3.o)
 .glue_7        0x0202796c        0x0 c:/devkitpro/devkitarm/bin/../lib/gcc/arm-eabi/4.1.1\libgcc.a(_muldivdf3.o)
 .glue_7        0x0202796c        0x0 c:/devkitpro/devkitarm/bin/../lib/gcc/arm-eabi/4.1.1\libgcc.a(_cmpdf2.o)
 .glue_7        0x0202796c        0x0 c:/devkitpro/devkitarm/bin/../lib/gcc/arm-eabi/4.1.1\libgcc.a(_fixdfsi.o)
 .glue_7        0x0202796c        0x0 c:/devkitpro/devkitarm/bin/../lib/gcc/arm-eabi/4.1.1/../../../../arm-eabi/lib\libsysbase.a(iosupport.o)
 .glue_7        0x0202796c        0x0 c:/devkitpro/devkitarm/bin/../lib/gcc/arm-eabi/4.1.1/../../../../arm-eabi/lib\libsysbase.a(close.o)
 .glue_7        0x0202796c        0x0 c:/devkitpro/devkitarm/bin/../lib/gcc/arm-eabi/4.1.1/../../../../arm-eabi/lib\libsysbase.a(fstat.o)
 .glue_7        0x0202796c        0x0 c:/devkitpro/devkitarm/bin/../lib/gcc/arm-eabi/4.1.1/../../../../arm-eabi/lib\libsysbase.a(isatty.o)
 .glue_7        0x0202796c        0x0 c:/devkitpro/devkitarm/bin/../lib/gcc/arm-eabi/4.1.1/../../../../arm-eabi/lib\libsysbase.a(lseek.o)
 .glue_7        0x0202796c        0x0 c:/devkitpro/devkitarm/bin/../lib/gcc/arm-eabi/4.1.1/../../../../arm-eabi/lib\libsysbase.a(open.o)
 .glue_7        0x0202796c        0x0 c:/devkitpro/devkitarm/bin/../lib/gcc/arm-eabi/4.1.1/../../../../arm-eabi/lib\libsysbase.a(read.o)
 .glue_7        0x0202796c        0x0 c:/devkitpro/devkitarm/bin/../lib/gcc/arm-eabi/4.1.1/../../../../arm-eabi/lib\libsysbase.a(sbrk.o)
 .glue_7        0x0202796c        0x0 c:/devkitpro/devkitarm/bin/../lib/gcc/arm-eabi/4.1.1/../../../../arm-eabi/lib\libsysbase.a(stat.o)
 .glue_7        0x0202796c        0x0 c:/devkitpro/devkitarm/bin/../lib/gcc/arm-eabi/4.1.1/../../../../arm-eabi/lib\libsysbase.a(write.o)
 .glue_7        0x0202796c        0x0 c:/devkitpro/devkitarm/bin/../lib/gcc/arm-eabi/4.1.1/../../../../arm-eabi/lib\libsysbase.a(malloc_vars.o)
 .glue_7        0x0202796c        0x0 c:/devkitpro/devkitarm/bin/../lib/gcc/arm-eabi/4.1.1/../../../../arm-eabi/lib\libsysbase.a(chdir.o)
 .glue_7        0x0202796c        0x0 c:/devkitpro/devkitarm/bin/../lib/gcc/arm-eabi/4.1.1/../../../../arm-eabi/lib\libsysbase.a(dir.o)
 .glue_7        0x0202796c       0xcc c:/devkitpro/devkitarm/bin/../lib/gcc/arm-eabi/4.1.1/crtend.o
                0x020279a8                __keysHeld_from_arm
                0x020279fc                __vramSetBankF_from_arm
                0x0202799c                __scanKeys_from_arm
                0x020279b4                __keysDown_from_arm
                0x020279d8                __vramSetBankC_from_arm
                0x02027a2c                __consoleInitDefault_from_arm
                0x020279f0                __vramSetBankE_from_arm
                0x0202796c                ___call_via_r3_from_arm
                0x02027984                __consoleClear_from_arm
                0x020279cc                __vramSetBankB_from_arm
                0x02027a20                __vramSetBankI_from_arm
                0x020279c0                __vramSetBankA_from_arm
                0x02027a08                __vramSetBankG_from_arm
                0x02027a14                __vramSetBankH_from_arm
                0x020279e4                __vramSetBankD_from_arm
                0x02027990                __swiWaitForVBlank_from_arm
                0x02027978                __fatInitDefault_from_arm
 .glue_7        0x02027a38        0x0 c:/devkitpro/devkitarm/bin/../lib/gcc/arm-eabi/4.1.1/crtn.o
 *(.glue_7t)
 .glue_7t       0x02027a38        0x0 c:/devkitpro/devkitarm/bin/../lib/gcc/arm-eabi/4.1.1/../../../../arm-eabi/lib/ds_arm9_crt0.o
 .glue_7t       0x02027a38        0x0 c:/devkitpro/devkitarm/bin/../lib/gcc/arm-eabi/4.1.1/crti.o
 .glue_7t       0x02027a38        0x0 c:/devkitpro/devkitarm/bin/../lib/gcc/arm-eabi/4.1.1/crtbegin.o
 .glue_7t       0x02027a38        0x0 ./SNES_global.o
 .glue_7t       0x02027a38        0x0 ./apu.o
 .glue_7t       0x02027a38        0x0 ./core.o
 .glue_7t       0x02027a38        0x0 ./engine.o
 .glue_7t       0x02027a38        0x0 ./fs.o
 .glue_7t       0x02027a38        0x0 ./gui.o
 .glue_7t       0x02027a38        0x0 ./intr.o
 .glue_7t       0x02027a38        0x0 ./main.o
 .glue_7t       0x02027a38        0x0 ./memmap.o
 .glue_7t       0x02027a38        0x0 ./opcodes.o
 .glue_7t       0x02027a38        0x0 ./opcodes2.o
 .glue_7t       0x02027a38        0x0 ./ppu.o
 .glue_7t       0x02027a38        0x0 ./snapshot.o
 .glue_7t       0x02027a38        0x0 ./snes.o
 .glue_7t       0x02027a38        0x0 ./touch.o
 .glue_7t       0x02027a38        0x0 C:\devkitPro\libfat\lib\libfat.a(libfat.o)
 .glue_7t       0x02027a38        0x0 C:\devkitPro\libfat\lib\libfat.a(partition.o)
 .glue_7t       0x02027a38        0x0 C:\devkitPro\libfat\lib\libfat.a(disc.o)
 .glue_7t       0x02027a38        0x0 C:\devkitPro\libfat\lib\libfat.a(io_m3cf.o)
 .glue_7t       0x02027a38        0x0 C:\devkitPro\libfat\lib\libfat.a(io_m3sd.o)
 .glue_7t       0x02027a38        0x0 C:\devkitPro\libfat\lib\libfat.a(io_mpcf.o)
 .glue_7t       0x02027a38        0x0 C:\devkitPro\libfat\lib\libfat.a(io_njsd.o)
 .glue_7t       0x02027a38        0x0 C:\devkitPro\libfat\lib\libfat.a(io_nmmc.o)
 .glue_7t       0x02027a38        0x0 C:\devkitPro\libfat\lib\libfat.a(io_sccf.o)
 .glue_7t       0x02027a38        0x0 C:\devkitPro\libfat\lib\libfat.a(io_scsd.o)
 .glue_7t       0x02027a38        0x0 C:\devkitPro\libfat\lib\libfat.a(io_sd_common.o)
 .glue_7t       0x02027a38        0x0 C:\devkitPro\libfat\lib\libfat.a(io_dldi.o)
 .glue_7t       0x02027a38        0x0 C:\devkitPro\libfat\lib\libfat.a(io_scsd_s.o)
 .glue_7t       0x02027a38        0x0 C:\devkitPro\libfat\lib\libfat.a(cache.o)
 .glue_7t       0x02027a38        0x0 C:\devkitPro\libfat\lib\libfat.a(fatdir.o)
 .glue_7t       0x02027a38        0x0 C:\devkitPro\libfat\lib\libfat.a(fatfile.o)
 .glue_7t       0x02027a38        0x0 C:\devkitPro\libfat\lib\libfat.a(file_allocation_table.o)
 .glue_7t       0x02027a38        0x0 C:\devkitPro\libfat\lib\libfat.a(filetime.o)
 .glue_7t       0x02027a38        0x0 C:\devkitPro\libfat\lib\libfat.a(io_cf_common.o)
 .glue_7t       0x02027a38        0x0 C:\devkitPro\libfat\lib\libfat.a(io_m3_common.o)
 .glue_7t       0x02027a38        0x0 C:\devkitPro\libfat\lib\libfat.a(io_sc_common.o)
 .glue_7t       0x02027a38        0x0 C:\devkitPro\libfat\lib\libfat.a(directory.o)
 .glue_7t       0x02027a38        0x0 C:\devkitPro\libnds\lib\libnds9.a(console.o)
 .glue_7t       0x02027a38        0x0 C:\devkitPro\libnds\lib\libnds9.a(keys.o)
 .glue_7t       0x02027a38        0x0 C:\devkitPro\libnds\lib\libnds9.a(video.o)
 .glue_7t       0x02027a38        0x0 C:\devkitPro\libnds\lib\libnds9.a(card.o)
 .glue_7t       0x02027a38        0x0 C:\devkitPro\libnds\lib\libnds9.a(interrupts.o)
 .glue_7t       0x02027a38        0x0 C:\devkitPro\libnds\lib\libnds9.a(biosCalls.o)
 .glue_7t       0x02027a38        0x0 C:\devkitPro\libnds\lib\libnds9.a(interruptDispatcher.o)
 .glue_7t       0x02027a38        0x0 C:\devkitPro\libnds\lib\libnds9.a(default_font.o)
 .glue_7t       0x02027a38        0x0 c:/devkitpro/devkitarm/bin/../lib/gcc/arm-eabi/4.1.1\libgcc.a(_udivsi3.o)
 .glue_7t       0x02027a38        0x0 c:/devkitpro/devkitarm/bin/../lib/gcc/arm-eabi/4.1.1\libgcc.a(_divsi3.o)
 .glue_7t       0x02027a38        0x0 c:/devkitpro/devkitarm/bin/../lib/gcc/arm-eabi/4.1.1\libgcc.a(_dvmd_tls.o)
 .glue_7t       0x02027a38        0x0 c:/devkitpro/devkitarm/bin/../lib/gcc/arm-eabi/4.1.1\libgcc.a(_call_via_rX.o)
 .glue_7t       0x02027a38        0x0 c:/devkitpro/devkitarm/bin/../lib/gcc/arm-eabi/4.1.1/../../../../arm-eabi/lib\libc.a(lib_a-ctype_.o)
 .glue_7t       0x02027a38        0x0 c:/devkitpro/devkitarm/bin/../lib/gcc/arm-eabi/4.1.1/../../../../arm-eabi/lib\libc.a(lib_a-fclose.o)
 .glue_7t       0x02027a38        0x0 c:/devkitpro/devkitarm/bin/../lib/gcc/arm-eabi/4.1.1/../../../../arm-eabi/lib\libc.a(lib_a-fflush.o)
 .glue_7t       0x02027a38        0x0 c:/devkitpro/devkitarm/bin/../lib/gcc/arm-eabi/4.1.1/../../../../arm-eabi/lib\libc.a(lib_a-findfp.o)
 .glue_7t       0x02027a38        0x0 c:/devkitpro/devkitarm/bin/../lib/gcc/arm-eabi/4.1.1/../../../../arm-eabi/lib\libc.a(lib_a-fopen.o)
 .glue_7t       0x02027a38        0x0 c:/devkitpro/devkitarm/bin/../lib/gcc/arm-eabi/4.1.1/../../../../arm-eabi/lib\libc.a(lib_a-fread.o)
 .glue_7t       0x02027a38        0x0 c:/devkitpro/devkitarm/bin/../lib/gcc/arm-eabi/4.1.1/../../../../arm-eabi/lib\libc.a(lib_a-freer.o)
 .glue_7t       0x02027a38        0x0 c:/devkitpro/devkitarm/bin/../lib/gcc/arm-eabi/4.1.1/../../../../arm-eabi/lib\libc.a(lib_a-fseek.o)
 .glue_7t       0x02027a38        0x0 c:/devkitpro/devkitarm/bin/../lib/gcc/arm-eabi/4.1.1/../../../../arm-eabi/lib\libc.a(lib_a-fstatr.o)
 .glue_7t       0x02027a38        0x0 c:/devkitpro/devkitarm/bin/../lib/gcc/arm-eabi/4.1.1/../../../../arm-eabi/lib\libc.a(lib_a-fwalk.o)
 .glue_7t       0x02027a38        0x0 c:/devkitpro/devkitarm/bin/../lib/gcc/arm-eabi/4.1.1/../../../../arm-eabi/lib\libc.a(lib_a-fwrite.o)
 .glue_7t       0x02027a38        0x0 c:/devkitpro/devkitarm/bin/../lib/gcc/arm-eabi/4.1.1/../../../../arm-eabi/lib\libc.a(lib_a-impure.o)
 .glue_7t       0x02027a38        0x0 c:/devkitpro/devkitarm/bin/../lib/gcc/arm-eabi/4.1.1/../../../../arm-eabi/lib\libc.a(lib_a-init.o)
 .glue_7t       0x02027a38        0x0 c:/devkitpro/devkitarm/bin/../lib/gcc/arm-eabi/4.1.1/../../../../arm-eabi/lib\libc.a(lib_a-iprintf.o)
 .glue_7t       0x02027a38        0x0 c:/devkitpro/devkitarm/bin/../lib/gcc/arm-eabi/4.1.1/../../../../arm-eabi/lib\libc.a(lib_a-makebuf.o)
 .glue_7t       0x02027a38        0x0 c:/devkitpro/devkitarm/bin/../lib/gcc/arm-eabi/4.1.1/../../../../arm-eabi/lib\libc.a(lib_a-malloc.o)
 .glue_7t       0x02027a38        0x0 c:/devkitpro/devkitarm/bin/../lib/gcc/arm-eabi/4.1.1/../../../../arm-eabi/lib\libc.a(lib_a-mallocr.o)
 .glue_7t       0x02027a38        0x0 c:/devkitpro/devkitarm/bin/../lib/gcc/arm-eabi/4.1.1/../../../../arm-eabi/lib\libc.a(lib_a-memcpy.o)
 .glue_7t       0x02027a38        0x0 c:/devkitpro/devkitarm/bin/../lib/gcc/arm-eabi/4.1.1/../../../../arm-eabi/lib\libc.a(lib_a-memmove.o)
 .glue_7t       0x02027a38        0x0 c:/devkitpro/devkitarm/bin/../lib/gcc/arm-eabi/4.1.1/../../../../arm-eabi/lib\libc.a(lib_a-memset.o)
 .glue_7t       0x02027a38        0x0 c:/devkitpro/devkitarm/bin/../lib/gcc/arm-eabi/4.1.1/../../../../arm-eabi/lib\libc.a(lib_a-mlock.o)
 .glue_7t       0x02027a38        0x0 c:/devkitpro/devkitarm/bin/../lib/gcc/arm-eabi/4.1.1/../../../../arm-eabi/lib\libc.a(lib_a-openr.o)
 .glue_7t       0x02027a38        0x0 c:/devkitpro/devkitarm/bin/../lib/gcc/arm-eabi/4.1.1/../../../../arm-eabi/lib\libc.a(lib_a-printf.o)
 .glue_7t       0x02027a38        0x0 c:/devkitpro/devkitarm/bin/../lib/gcc/arm-eabi/4.1.1/../../../../arm-eabi/lib\libc.a(lib_a-reent.o)
 .glue_7t       0x02027a38        0x0 c:/devkitpro/devkitarm/bin/../lib/gcc/arm-eabi/4.1.1/../../../../arm-eabi/lib\libc.a(lib_a-refill.o)
 .glue_7t       0x02027a38        0x0 c:/devkitpro/devkitarm/bin/../lib/gcc/arm-eabi/4.1.1/../../../../arm-eabi/lib\libc.a(lib_a-sbrkr.o)
 .glue_7t       0x02027a38        0x0 c:/devkitpro/devkitarm/bin/../lib/gcc/arm-eabi/4.1.1/../../../../arm-eabi/lib\libc.a(lib_a-setvbuf.o)
 .glue_7t       0x02027a38        0x0 c:/devkitpro/devkitarm/bin/../lib/gcc/arm-eabi/4.1.1/../../../../arm-eabi/lib\libc.a(lib_a-siscanf.o)
 .glue_7t       0x02027a38        0x0 c:/devkitpro/devkitarm/bin/../lib/gcc/arm-eabi/4.1.1/../../../../arm-eabi/lib\libc.a(lib_a-sprintf.o)
 .glue_7t       0x02027a38        0x0 c:/devkitpro/devkitarm/bin/../lib/gcc/arm-eabi/4.1.1/../../../../arm-eabi/lib\libc.a(lib_a-stdio.o)
 .glue_7t       0x02027a38        0x0 c:/devkitpro/devkitarm/bin/../lib/gcc/arm-eabi/4.1.1/../../../../arm-eabi/lib\libc.a(lib_a-strcasecmp.o)
 .glue_7t       0x02027a38        0x0 c:/devkitpro/devkitarm/bin/../lib/gcc/arm-eabi/4.1.1/../../../../arm-eabi/lib\libc.a(lib_a-strcat.o)
 .glue_7t       0x02027a38        0x0 c:/devkitpro/devkitarm/bin/../lib/gcc/arm-eabi/4.1.1/../../../../arm-eabi/lib\libc.a(lib_a-strchr.o)
 .glue_7t       0x02027a38        0x0 c:/devkitpro/devkitarm/bin/../lib/gcc/arm-eabi/4.1.1/../../../../arm-eabi/lib\libc.a(lib_a-strcmp.o)
 .glue_7t       0x02027a38        0x0 c:/devkitpro/devkitarm/bin/../lib/gcc/arm-eabi/4.1.1/../../../../arm-eabi/lib\libc.a(lib_a-strcpy.o)
 .glue_7t       0x02027a38        0x0 c:/devkitpro/devkitarm/bin/../lib/gcc/arm-eabi/4.1.1/../../../../arm-eabi/lib\libc.a(lib_a-strlen.o)
 .glue_7t       0x02027a38        0x0 c:/devkitpro/devkitarm/bin/../lib/gcc/arm-eabi/4.1.1/../../../../arm-eabi/lib\libc.a(lib_a-strncasecmp.o)
 .glue_7t       0x02027a38        0x0 c:/devkitpro/devkitarm/bin/../lib/gcc/arm-eabi/4.1.1/../../../../arm-eabi/lib\libc.a(lib_a-strncmp.o)
 .glue_7t       0x02027a38        0x0 c:/devkitpro/devkitarm/bin/../lib/gcc/arm-eabi/4.1.1/../../../../arm-eabi/lib\libc.a(lib_a-strncpy.o)
 .glue_7t       0x02027a38        0x0 c:/devkitpro/devkitarm/bin/../lib/gcc/arm-eabi/4.1.1/../../../../arm-eabi/lib\libc.a(lib_a-strnlen.o)
 .glue_7t       0x02027a38        0x0 c:/devkitpro/devkitarm/bin/../lib/gcc/arm-eabi/4.1.1/../../../../arm-eabi/lib\libc.a(lib_a-strpbrk.o)
 .glue_7t       0x02027a38        0x0 c:/devkitpro/devkitarm/bin/../lib/gcc/arm-eabi/4.1.1/../../../../arm-eabi/lib\libc.a(lib_a-strrchr.o)
 .glue_7t       0x02027a38        0x0 c:/devkitpro/devkitarm/bin/../lib/gcc/arm-eabi/4.1.1/../../../../arm-eabi/lib\libc.a(lib_a-strstr.o)
 .glue_7t       0x02027a38        0x0 c:/devkitpro/devkitarm/bin/../lib/gcc/arm-eabi/4.1.1/../../../../arm-eabi/lib\libc.a(lib_a-strupr.o)
 .glue_7t       0x02027a38        0x0 c:/devkitpro/devkitarm/bin/../lib/gcc/arm-eabi/4.1.1/../../../../arm-eabi/lib\libc.a(lib_a-sysstat.o)
 .glue_7t       0x02027a38        0x0 c:/devkitpro/devkitarm/bin/../lib/gcc/arm-eabi/4.1.1/../../../../arm-eabi/lib\libc.a(lib_a-toupper.o)
 .glue_7t       0x02027a38        0x0 c:/devkitpro/devkitarm/bin/../lib/gcc/arm-eabi/4.1.1/../../../../arm-eabi/lib\libc.a(lib_a-vfiprintf.o)
 .glue_7t       0x02027a38        0x0 c:/devkitpro/devkitarm/bin/../lib/gcc/arm-eabi/4.1.1/../../../../arm-eabi/lib\libc.a(lib_a-vfiscanf.o)
 .glue_7t       0x02027a38        0x0 c:/devkitpro/devkitarm/bin/../lib/gcc/arm-eabi/4.1.1/../../../../arm-eabi/lib\libc.a(lib_a-vfprintf.o)
 .glue_7t       0x02027a38        0x0 c:/devkitpro/devkitarm/bin/../lib/gcc/arm-eabi/4.1.1/../../../../arm-eabi/lib\libc.a(lib_a-vsnprintf.o)
 .glue_7t       0x02027a38        0x0 c:/devkitpro/devkitarm/bin/../lib/gcc/arm-eabi/4.1.1/../../../../arm-eabi/lib\libc.a(lib_a-wcrtomb.o)
 .glue_7t       0x02027a38        0x0 c:/devkitpro/devkitarm/bin/../lib/gcc/arm-eabi/4.1.1/../../../../arm-eabi/lib\libc.a(lib_a-wcsrtombs.o)
 .glue_7t       0x02027a38        0x0 c:/devkitpro/devkitarm/bin/../lib/gcc/arm-eabi/4.1.1/../../../../arm-eabi/lib\libc.a(lib_a-wctomb_r.o)
 .glue_7t       0x02027a38        0x0 c:/devkitpro/devkitarm/bin/../lib/gcc/arm-eabi/4.1.1/../../../../arm-eabi/lib\libc.a(lib_a-writer.o)
 .glue_7t       0x02027a38        0x0 c:/devkitpro/devkitarm/bin/../lib/gcc/arm-eabi/4.1.1/../../../../arm-eabi/lib\libc.a(lib_a-wsetup.o)
 .glue_7t       0x02027a38        0x0 c:/devkitpro/devkitarm/bin/../lib/gcc/arm-eabi/4.1.1/../../../../arm-eabi/lib\libc.a(lib_a-closer.o)
 .glue_7t       0x02027a38        0x0 c:/devkitpro/devkitarm/bin/../lib/gcc/arm-eabi/4.1.1/../../../../arm-eabi/lib\libc.a(lib_a-dtoa.o)
 .glue_7t       0x02027a38        0x0 c:/devkitpro/devkitarm/bin/../lib/gcc/arm-eabi/4.1.1/../../../../arm-eabi/lib\libc.a(lib_a-flags.o)
 .glue_7t       0x02027a38        0x0 c:/devkitpro/devkitarm/bin/../lib/gcc/arm-eabi/4.1.1/../../../../arm-eabi/lib\libc.a(lib_a-fvwrite.o)
 .glue_7t       0x02027a38        0x0 c:/devkitpro/devkitarm/bin/../lib/gcc/arm-eabi/4.1.1/../../../../arm-eabi/lib\libc.a(lib_a-iswspace.o)
 .glue_7t       0x02027a38        0x0 c:/devkitpro/devkitarm/bin/../lib/gcc/arm-eabi/4.1.1/../../../../arm-eabi/lib\libc.a(lib_a-locale.o)
 .glue_7t       0x02027a38        0x0 c:/devkitpro/devkitarm/bin/../lib/gcc/arm-eabi/4.1.1/../../../../arm-eabi/lib\libc.a(lib_a-lseekr.o)
 .glue_7t       0x02027a38        0x0 c:/devkitpro/devkitarm/bin/../lib/gcc/arm-eabi/4.1.1/../../../../arm-eabi/lib\libc.a(lib_a-mbrtowc.o)
 .glue_7t       0x02027a38        0x0 c:/devkitpro/devkitarm/bin/../lib/gcc/arm-eabi/4.1.1/../../../../arm-eabi/lib\libc.a(lib_a-mbtowc_r.o)
 .glue_7t       0x02027a38        0x0 c:/devkitpro/devkitarm/bin/../lib/gcc/arm-eabi/4.1.1/../../../../arm-eabi/lib\libc.a(lib_a-memchr.o)
 .glue_7t       0x02027a38        0x0 c:/devkitpro/devkitarm/bin/../lib/gcc/arm-eabi/4.1.1/../../../../arm-eabi/lib\libc.a(lib_a-mprec.o)
 .glue_7t       0x02027a38        0x0 c:/devkitpro/devkitarm/bin/../lib/gcc/arm-eabi/4.1.1/../../../../arm-eabi/lib\libc.a(lib_a-readr.o)
 .glue_7t       0x02027a38        0x0 c:/devkitpro/devkitarm/bin/../lib/gcc/arm-eabi/4.1.1/../../../../arm-eabi/lib\libc.a(lib_a-reallocr.o)
 .glue_7t       0x02027a38        0x0 c:/devkitpro/devkitarm/bin/../lib/gcc/arm-eabi/4.1.1/../../../../arm-eabi/lib\libc.a(lib_a-s_isinfd.o)
 .glue_7t       0x02027a38        0x0 c:/devkitpro/devkitarm/bin/../lib/gcc/arm-eabi/4.1.1/../../../../arm-eabi/lib\libc.a(lib_a-s_isnand.o)
 .glue_7t       0x02027a38        0x0 c:/devkitpro/devkitarm/bin/../lib/gcc/arm-eabi/4.1.1/../../../../arm-eabi/lib\libc.a(lib_a-sccl.o)
 .glue_7t       0x02027a38        0x0 c:/devkitpro/devkitarm/bin/../lib/gcc/arm-eabi/4.1.1/../../../../arm-eabi/lib\libc.a(lib_a-strtol.o)
 .glue_7t       0x02027a38        0x0 c:/devkitpro/devkitarm/bin/../lib/gcc/arm-eabi/4.1.1/../../../../arm-eabi/lib\libc.a(lib_a-strtoul.o)
 .glue_7t       0x02027a38        0x0 c:/devkitpro/devkitarm/bin/../lib/gcc/arm-eabi/4.1.1/../../../../arm-eabi/lib\libc.a(lib_a-ungetc.o)
 .glue_7t       0x02027a38        0x0 c:/devkitpro/devkitarm/bin/../lib/gcc/arm-eabi/4.1.1/../../../../arm-eabi/lib\libc.a(lib_a-callocr.o)
 .glue_7t       0x02027a38        0x0 c:/devkitpro/devkitarm/bin/../lib/gcc/arm-eabi/4.1.1\libgcc.a(_addsubdf3.o)
 .glue_7t       0x02027a38        0x0 c:/devkitpro/devkitarm/bin/../lib/gcc/arm-eabi/4.1.1\libgcc.a(_muldivdf3.o)
 .glue_7t       0x02027a38        0x0 c:/devkitpro/devkitarm/bin/../lib/gcc/arm-eabi/4.1.1\libgcc.a(_cmpdf2.o)
 .glue_7t       0x02027a38        0x0 c:/devkitpro/devkitarm/bin/../lib/gcc/arm-eabi/4.1.1\libgcc.a(_fixdfsi.o)
 .glue_7t       0x02027a38        0x0 c:/devkitpro/devkitarm/bin/../lib/gcc/arm-eabi/4.1.1/../../../../arm-eabi/lib\libsysbase.a(iosupport.o)
 .glue_7t       0x02027a38        0x0 c:/devkitpro/devkitarm/bin/../lib/gcc/arm-eabi/4.1.1/../../../../arm-eabi/lib\libsysbase.a(close.o)
 .glue_7t       0x02027a38        0x0 c:/devkitpro/devkitarm/bin/../lib/gcc/arm-eabi/4.1.1/../../../../arm-eabi/lib\libsysbase.a(fstat.o)
 .glue_7t       0x02027a38        0x0 c:/devkitpro/devkitarm/bin/../lib/gcc/arm-eabi/4.1.1/../../../../arm-eabi/lib\libsysbase.a(isatty.o)
 .glue_7t       0x02027a38        0x0 c:/devkitpro/devkitarm/bin/../lib/gcc/arm-eabi/4.1.1/../../../../arm-eabi/lib\libsysbase.a(lseek.o)
 .glue_7t       0x02027a38        0x0 c:/devkitpro/devkitarm/bin/../lib/gcc/arm-eabi/4.1.1/../../../../arm-eabi/lib\libsysbase.a(open.o)
 .glue_7t       0x02027a38        0x0 c:/devkitpro/devkitarm/bin/../lib/gcc/arm-eabi/4.1.1/../../../../arm-eabi/lib\libsysbase.a(read.o)
 .glue_7t       0x02027a38        0x0 c:/devkitpro/devkitarm/bin/../lib/gcc/arm-eabi/4.1.1/../../../../arm-eabi/lib\libsysbase.a(sbrk.o)
 .glue_7t       0x02027a38        0x0 c:/devkitpro/devkitarm/bin/../lib/gcc/arm-eabi/4.1.1/../../../../arm-eabi/lib\libsysbase.a(stat.o)
 .glue_7t       0x02027a38        0x0 c:/devkitpro/devkitarm/bin/../lib/gcc/arm-eabi/4.1.1/../../../../arm-eabi/lib\libsysbase.a(write.o)
 .glue_7t       0x02027a38        0x0 c:/devkitpro/devkitarm/bin/../lib/gcc/arm-eabi/4.1.1/../../../../arm-eabi/lib\libsysbase.a(malloc_vars.o)
 .glue_7t       0x02027a38        0x0 c:/devkitpro/devkitarm/bin/../lib/gcc/arm-eabi/4.1.1/../../../../arm-eabi/lib\libsysbase.a(chdir.o)
 .glue_7t       0x02027a38        0x0 c:/devkitpro/devkitarm/bin/../lib/gcc/arm-eabi/4.1.1/../../../../arm-eabi/lib\libsysbase.a(dir.o)
 .glue_7t       0x02027a38       0xc8 c:/devkitpro/devkitarm/bin/../lib/gcc/arm-eabi/4.1.1/crtend.o
                0x02027a68                __memset_from_thumb
                0x02027abc                __strncasecmp_change_to_arm
                0x02027a98                __strrchr_from_thumb
                0x02027a7c                ____aeabi_uidiv_change_to_arm
                0x02027a6c                __memset_change_to_arm
                0x02027ae0                ____aeabi_idivmod_from_thumb
                0x02027a88                ___SCSD_writeData_s_from_thumb
                0x02027a90                __strncpy_from_thumb
                0x02027a74                __malloc_change_to_arm
                0x02027a4c                __strlen_change_to_arm
                0x02027ad8                ____aeabi_idiv_from_thumb
                0x02027a54                __strchr_change_to_arm
                0x02027a80                __memcpy_from_thumb
                0x02027a78                ____aeabi_uidiv_from_thumb
                0x02027a44                __chdir_change_to_arm
                0x02027ad4                __strupr_change_to_arm
                0x02027a5c                __strncmp_change_to_arm
                0x02027ab8                __strncasecmp_from_thumb
                0x02027ad0                __strupr_from_thumb
                0x02027ab4                __strcasecmp_change_to_arm
                0x02027aa0                ____aeabi_uidivmod_from_thumb
                0x02027aec                __iprintf_change_to_arm
                0x02027acc                __memmove_change_to_arm
                0x02027a50                __strchr_from_thumb
                0x02027afc                __siscanf_change_to_arm
                0x02027aac                __strnlen_change_to_arm
                0x02027a38                __AddDevice_from_thumb
                0x02027ae8                __iprintf_from_thumb
                0x02027ac8                __memmove_from_thumb
                0x02027a40                __chdir_from_thumb
                0x02027a9c                __strrchr_change_to_arm
                0x02027ac0                __strpbrk_from_thumb
                0x02027aa4                ____aeabi_uidivmod_change_to_arm
                0x02027a3c                __AddDevice_change_to_arm
                0x02027ab0                __strcasecmp_from_thumb
                0x02027aa8                __strnlen_from_thumb
                0x02027af8                __siscanf_from_thumb
                0x02027a8c                ___SCSD_writeData_s_change_to_arm
                0x02027af4                __setvbuf_change_to_arm
                0x02027a64                __free_change_to_arm
                0x02027a48                __strlen_from_thumb
                0x02027a70                __malloc_from_thumb
                0x02027ae4                ____aeabi_idivmod_change_to_arm
                0x02027a84                __memcpy_change_to_arm
                0x02027ac4                __strpbrk_change_to_arm
                0x02027af0                __setvbuf_from_thumb
                0x02027a94                __strncpy_change_to_arm
                0x02027a58                __strncmp_from_thumb
                0x02027adc                ____aeabi_idiv_change_to_arm
                0x02027a60                __free_from_thumb
 .glue_7t       0x02027b00        0x0 c:/devkitpro/devkitarm/bin/../lib/gcc/arm-eabi/4.1.1/crtn.o
                0x02027b00                . = ALIGN (0x4)

.fini           0x02027b00       0x18
 *(.fini)
 .fini          0x02027b00        0xc c:/devkitpro/devkitarm/bin/../lib/gcc/arm-eabi/4.1.1/crti.o
                0x02027b00                _fini
 .fini          0x02027b0c        0xc c:/devkitpro/devkitarm/bin/../lib/gcc/arm-eabi/4.1.1/crtn.o
                0x02027b18                __text_end = .

.rodata         0x02027b18     0x38f0
 *(.rodata)
 .rodata        0x02027b18        0xc ./main.o
 .rodata        0x02027b24        0xc ./snes.o
 .rodata        0x02027b30       0x4c C:\devkitPro\libfat\lib\libfat.a(libfat.o)
                0x02027b30                dotab_fat
 .rodata        0x02027b7c       0x44 C:\devkitPro\libfat\lib\libfat.a(io_m3cf.o)
                0x02027b7c                _io_m3cf
 .rodata        0x02027bc0       0x20 C:\devkitPro\libfat\lib\libfat.a(io_m3sd.o)
                0x02027bc0                _io_m3sd
 .rodata        0x02027be0       0x44 C:\devkitPro\libfat\lib\libfat.a(io_mpcf.o)
                0x02027be0                _io_mpcf
 .rodata        0x02027c24       0x30 C:\devkitPro\libfat\lib\libfat.a(io_njsd.o)
                0x02027c24                _io_njsd
 .rodata        0x02027c54       0x20 C:\devkitPro\libfat\lib\libfat.a(io_nmmc.o)
                0x02027c54                _io_nmmc
 .rodata        0x02027c74       0x44 C:\devkitPro\libfat\lib\libfat.a(io_sccf.o)
                0x02027c74                _io_sccf
 .rodata        0x02027cb8       0x20 C:\devkitPro\libfat\lib\libfat.a(io_scsd.o)
                0x02027cb8                _io_scsd
 .rodata        0x02027cd8       0x34 C:\devkitPro\libfat\lib\libfat.a(directory.o)
                0x02027cd8                LFN_offset_table
 .rodata        0x02027d0c      0x120 C:\devkitPro\libnds\lib\libnds9.a(console.o)
                0x02027de0                dotab_stdout
 .rodata        0x02027e2c        0x8 C:\devkitPro\libnds\lib\libnds9.a(card.o)
 .rodata        0x02027e34     0x2004 C:\devkitPro\libnds\lib\libnds9.a(default_font.o)
                0x02029e38                default_font_bin_end
                0x02027e34                default_font_bin_size
                0x02027e38                default_font_bin
 .rodata        0x02029e38      0x101 c:/devkitpro/devkitarm/bin/../lib/gcc/arm-eabi/4.1.1/../../../../arm-eabi/lib\libc.a(lib_a-ctype_.o)
                0x02029e38                _ctype_
 *fill*         0x02029f39        0x3 ff
 .rodata        0x02029f3c        0x4 c:/devkitpro/devkitarm/bin/../lib/gcc/arm-eabi/4.1.1/../../../../arm-eabi/lib\libc.a(lib_a-impure.o)
                0x02029f3c                _global_impure_ptr
 .rodata        0x02029f40       0x20 c:/devkitpro/devkitarm/bin/../lib/gcc/arm-eabi/4.1.1/../../../../arm-eabi/lib\libc.a(lib_a-vfiprintf.o)
 .rodata        0x02029f60       0x22 c:/devkitpro/devkitarm/bin/../lib/gcc/arm-eabi/4.1.1/../../../../arm-eabi/lib\libc.a(lib_a-vfiscanf.o)
 .rodata        0x02029f82       0x20 c:/devkitpro/devkitarm/bin/../lib/gcc/arm-eabi/4.1.1/../../../../arm-eabi/lib\libc.a(lib_a-vfprintf.o)
 *fill*         0x02029fa2        0x2 ff
 .rodata        0x02029fa4       0x34 c:/devkitpro/devkitarm/bin/../lib/gcc/arm-eabi/4.1.1/../../../../arm-eabi/lib\libc.a(lib_a-locale.o)
 .rodata        0x02029fd8      0x128 c:/devkitpro/devkitarm/bin/../lib/gcc/arm-eabi/4.1.1/../../../../arm-eabi/lib\libc.a(lib_a-mprec.o)
                0x0202a0c8                __mprec_tinytens
                0x02029fd8                __mprec_tens
                0x0202a0a0                __mprec_bigtens
 .rodata        0x0202a100       0x4c c:/devkitpro/devkitarm/bin/../lib/gcc/arm-eabi/4.1.1/../../../../arm-eabi/lib\libsysbase.a(iosupport.o)
                0x0202a100                dotab_stdnull
 .rodata        0x0202a14c        0xc c:/devkitpro/devkitarm/bin/../lib/gcc/arm-eabi/4.1.1/../../../../arm-eabi/lib\libsysbase.a(chdir.o)
                0x0202a14c                DIRECTORY_SEPARATOR
                0x0202a150                DIRECTORY_THIS
                0x0202a154                DIRECTORY_PARENT
 *all.rodata*(*)
 *(.roda)
 *(.rodata.*)
 .rodata.str1.4
                0x0202a158       0x15 ./core.o
                                 0x18 (size before relaxing)
 *fill*         0x0202a16d        0x3 ff
 .rodata.str1.4
                0x0202a170      0xcb1 ./engine.o
                                0xcbc (size before relaxing)
 *fill*         0x0202ae21        0x3 ff
 .rodata.str1.4
                0x0202ae24       0xd7 ./fs.o
                                 0xdc (size before relaxing)
 *fill*         0x0202aefb        0x1 ff
 .rodata.str1.4
                0x0202aefc       0x63 ./gui.o
                                 0x68 (size before relaxing)
 *fill*         0x0202af5f        0x1 ff
 .rodata.str1.4
                0x0202af60      0x269 ./main.o
                                0x28c (size before relaxing)
 *fill*         0x0202b1c9        0x3 ff
 .rodata.str1.4
                0x0202b1cc       0x92 ./memmap.o
                                 0x94 (size before relaxing)
 *fill*         0x0202b25e        0x2 ff
 .rodata.str1.4
                0x0202b260       0x57 ./ppu.o
                                 0x58 (size before relaxing)
 *fill*         0x0202b2b7        0x1 ff
 .rodata.str1.4
                0x0202b2b8       0x32 ./snapshot.o
                                 0x3c (size before relaxing)
 *fill*         0x0202b2ea        0x2 ff
 .rodata.str1.4
                0x0202b2ec        0xe ./snes.o
                                 0x10 (size before relaxing)
 *fill*         0x0202b2fa        0x2 ff
 .rodata.str1.4
                0x0202b2fc        0xc C:\devkitPro\libfat\lib\libfat.a(libfat.o)
 .rodata.str1.4
                0x00000000        0x4 C:\devkitPro\libfat\lib\libfat.a(partition.o)
 .rodata.str1.4
                0x0202b308       0x23 C:\devkitPro\libfat\lib\libfat.a(directory.o)
                                 0x28 (size before relaxing)
 *fill*         0x0202b32b        0x1 ff
 .rodata.str1.4
                0x0202b32c       0x34 C:\devkitPro\libnds\lib\libnds9.a(console.o)
 .rodata.str1.4
                0x0202b360        0x2 c:/devkitpro/devkitarm/bin/../lib/gcc/arm-eabi/4.1.1/../../../../arm-eabi/lib\libc.a(lib_a-impure.o)
                                  0x4 (size before relaxing)
 *fill*         0x0202b362        0x2 ff
 .rodata.str1.4
                0x0202b364       0x4b c:/devkitpro/devkitarm/bin/../lib/gcc/arm-eabi/4.1.1/../../../../arm-eabi/lib\libc.a(lib_a-vfiprintf.o)
                                 0x4c (size before relaxing)
 *fill*         0x0202b3af        0x1 ff
 .rodata.str1.4
                0x0202b3b0       0x12 c:/devkitpro/devkitarm/bin/../lib/gcc/arm-eabi/4.1.1/../../../../arm-eabi/lib\libc.a(lib_a-vfprintf.o)
                                 0x64 (size before relaxing)
 *fill*         0x0202b3c2        0x2 ff
 .rodata.str1.4
                0x0202b3c4       0x1e c:/devkitpro/devkitarm/bin/../lib/gcc/arm-eabi/4.1.1/../../../../arm-eabi/lib\libc.a(lib_a-wctomb_r.o)
                                 0x20 (size before relaxing)
 *fill*         0x0202b3e2        0x2 ff
 .rodata.str1.4
                0x0202b3e4       0x10 c:/devkitpro/devkitarm/bin/../lib/gcc/arm-eabi/4.1.1/../../../../arm-eabi/lib\libc.a(lib_a-dtoa.o)
                                 0x14 (size before relaxing)
 .rodata.str1.4
                0x0202b3f4        0xb c:/devkitpro/devkitarm/bin/../lib/gcc/arm-eabi/4.1.1/../../../../arm-eabi/lib\libc.a(lib_a-locale.o)
                                 0x18 (size before relaxing)
 .rodata.str1.4
                0x00000000        0x4 c:/devkitpro/devkitarm/bin/../lib/gcc/arm-eabi/4.1.1/../../../../arm-eabi/lib\libc.a(lib_a-mbrtowc.o)
 *fill*         0x0202b3ff        0x1 ff
 .rodata.str1.4
                0x0202b400        0x8 c:/devkitpro/devkitarm/bin/../lib/gcc/arm-eabi/4.1.1/../../../../arm-eabi/lib\libsysbase.a(iosupport.o)
 *(.gnu.linkonce.r*)
                0x0202b408                . = ALIGN (0x4)

.ARM.extab
 *(.ARM.extab* .gnu.linkonce.armextab.*)
                0x0202b408                __exidx_start = .

.ARM.exidx
 *(.ARM.exidx* .gnu.linkonce.armexidx.*)
                0x0202b408                __exidx_end = .
                0x0202b408                . = ALIGN (0x4)
                0x0202b408                PROVIDE (__preinit_array_start, .)

.preinit_array
 *(.preinit_array)
                0x0202b408                PROVIDE (__preinit_array_end, .)
                0x0202b408                PROVIDE (__init_array_start, .)

.init_array     0x0202b408        0x4
 *(.init_array)
 .init_array    0x0202b408        0x4 c:/devkitpro/devkitarm/bin/../lib/gcc/arm-eabi/4.1.1/crtbegin.o
                0x0202b40c                PROVIDE (__init_array_end, .)
                0x0202b40c                PROVIDE (__fini_array_start, .)

.fini_array     0x0202b40c        0x4
 *(.fini_array)
 .fini_array    0x0202b40c        0x4 c:/devkitpro/devkitarm/bin/../lib/gcc/arm-eabi/4.1.1/crtbegin.o