Archive member included because of file (symbol)

c:/devkitPro2007/libnds/lib\libfat.a(libfat.o)
                              ./fs.o (fatInitDefault)
c:/devkitPro2007/libnds/lib\libfat.a(partition.o)
                              c:/devkitPro2007/libnds/lib\libfat.a(libfat.o) (_FAT_partition_setDefaultInterface)
c:/devkitPro2007/libnds/lib\libfat.a(disc.o)
                              c:/devkitPro2007/libnds/lib\libfat.a(partition.o) (_FAT_disc_gbaSlotFindInterface)
c:/devkitPro2007/libnds/lib\libfat.a(io_m3cf.o)
                              c:/devkitPro2007/libnds/lib\libfat.a(disc.o) (_io_m3cf)
c:/devkitPro2007/libnds/lib\libfat.a(io_m3sd.o)
                              c:/devkitPro2007/libnds/lib\libfat.a(disc.o) (_io_m3sd)
c:/devkitPro2007/libnds/lib\libfat.a(io_mpcf.o)
                              c:/devkitPro2007/libnds/lib\libfat.a(disc.o) (_io_mpcf)
c:/devkitPro2007/libnds/lib\libfat.a(io_njsd.o)
                              c:/devkitPro2007/libnds/lib\libfat.a(disc.o) (_io_njsd)
c:/devkitPro2007/libnds/lib\libfat.a(io_nmmc.o)
                              c:/devkitPro2007/libnds/lib\libfat.a(disc.o) (_io_nmmc)
c:/devkitPro2007/libnds/lib\libfat.a(io_sccf.o)
                              c:/devkitPro2007/libnds/lib\libfat.a(disc.o) (_io_sccf)
c:/devkitPro2007/libnds/lib\libfat.a(io_scsd.o)
                              c:/devkitPro2007/libnds/lib\libfat.a(disc.o) (_io_scsd)
c:/devkitPro2007/libnds/lib\libfat.a(io_sd_common.o)
                              c:/devkitPro2007/libnds/lib\libfat.a(io_scsd.o) (_SD_CRC7)
c:/devkitPro2007/libnds/lib\libfat.a(io_dldi.o)
                              c:/devkitPro2007/libnds/lib\libfat.a(disc.o) (_io_dldi)
c:/devkitPro2007/libnds/lib\libfat.a(io_scsd_s.o)
                              c:/devkitPro2007/libnds/lib\libfat.a(io_scsd.o) (_SCSD_writeData_s)
c:/devkitPro2007/libnds/lib\libfat.a(cache.o)
                              c:/devkitPro2007/libnds/lib\libfat.a(partition.o) (_FAT_cache_invalidate)
c:/devkitPro2007/libnds/lib\libfat.a(fatdir.o)
                              c:/devkitPro2007/libnds/lib\libfat.a(libfat.o) (_FAT_link_r)
c:/devkitPro2007/libnds/lib\libfat.a(fatfile.o)
                              c:/devkitPro2007/libnds/lib\libfat.a(libfat.o) (_FAT_fstat_r)
c:/devkitPro2007/libnds/lib\libfat.a(file_allocation_table.o)
                              c:/devkitPro2007/libnds/lib\libfat.a(fatfile.o) (_FAT_fat_nextCluster)
c:/devkitPro2007/libnds/lib\libfat.a(filetime.o)
                              c:/devkitPro2007/libnds/lib\libfat.a(fatdir.o) (_FAT_filetime_getTimeFromRTC)
c:/devkitPro2007/libnds/lib\libfat.a(io_cf_common.o)
                              c:/devkitPro2007/libnds/lib\libfat.a(io_m3cf.o) (_CF_isInserted)
c:/devkitPro2007/libnds/lib\libfat.a(io_m3_common.o)
                              c:/devkitPro2007/libnds/lib\libfat.a(io_m3cf.o) (_M3_changeMode)
c:/devkitPro2007/libnds/lib\libfat.a(io_sc_common.o)
                              c:/devkitPro2007/libnds/lib\libfat.a(io_sccf.o) (_SC_changeMode)
c:/devkitPro2007/libnds/lib\libfat.a(directory.o)
                              c:/devkitPro2007/libnds/lib\libfat.a(fatdir.o) (_FAT_directory_entryGetCluster)
c:/devkitPro2007/libnds/lib\libnds9.a(console.o)
                              ./gui.o (consoleClear)
c:/devkitPro2007/libnds/lib\libnds9.a(initSystem.o)
                              c:/devkitpro2007/devkitarm/bin/../lib/gcc/arm-eabi/4.1.2/../../../../arm-eabi/lib/ds_arm9_crt0.o (initSystem)
c:/devkitPro2007/libnds/lib\libnds9.a(keys.o)
                              ./main.o (keysHeld)
c:/devkitPro2007/libnds/lib\libnds9.a(video.o)
                              ./main.o (vramSetBankA)
c:/devkitPro2007/libnds/lib\libnds9.a(card.o)
                              c:/devkitPro2007/libnds/lib\libfat.a(io_nmmc.o) (cardWriteCommand)
c:/devkitPro2007/libnds/lib\libnds9.a(interrupts.o)
                              c:/devkitPro2007/libnds/lib\libfat.a(io_njsd.o) (irqDisable)
c:/devkitPro2007/libnds/lib\libnds9.a(biosCalls.o)
                              ./main.o (swiWaitForVBlank)
c:/devkitPro2007/libnds/lib\libnds9.a(interruptDispatcher.o)
                              c:/devkitPro2007/libnds/lib\libnds9.a(interrupts.o) (IntrMain)
c:/devkitPro2007/libnds/lib\libnds9.a(default_font.o)
                              c:/devkitPro2007/libnds/lib\libnds9.a(console.o) (default_font_bin)
c:/devkitpro2007/devkitarm/bin/../lib/gcc/arm-eabi/4.1.2\libgcc.a(_udivsi3.o)
                              c:/devkitPro2007/libnds/lib\libfat.a(partition.o) (__aeabi_uidiv)
c:/devkitpro2007/devkitarm/bin/../lib/gcc/arm-eabi/4.1.2\libgcc.a(_divsi3.o)
                              ./core.o (__aeabi_idiv)
c:/devkitpro2007/devkitarm/bin/../lib/gcc/arm-eabi/4.1.2\libgcc.a(_dvmd_tls.o)
                              c:/devkitpro2007/devkitarm/bin/../lib/gcc/arm-eabi/4.1.2\libgcc.a(_udivsi3.o) (__div0)
c:/devkitpro2007/devkitarm/bin/../lib/gcc/arm-eabi/4.1.2/../../../../arm-eabi/lib\libc.a(lib_a-ctype_.o)
[...]
Memory Configuration

Name             Origin             Length             Attributes
rom              0x08000000         0x02000000
ewram            0x02000000         0x003ff000
dtcm             0x0b000000         0x00004000
itcm             0x01000000         0x00008000
*default*        0x00000000         0xffffffff

Linker script and memory map

                0x01000000                __itcm_start = 0x1000000
                0x023ff000                __ewram_end = 0x23ff000
                0x023ff000                __eheap_end = 0x23ff000
                0x0b000000                __dtcm_start = 0xb000000
                0x0b004000                __dtcm_top = 0xb004000
                0x0b003ff8                __irq_flags = (__dtcm_top - 0x8)
                0x0b003ffc                __irq_vector = (__dtcm_top - 0x4)
                0x0b003f00                __sp_svc = (__dtcm_top - 0x100)
                0x0b003e00                __sp_irq = (__sp_svc - 0x100)
                0x0b003d00                __sp_usr = (__sp_irq - 0x100)

.init           0x02000000      0x2e8
                0x02000000                __text_start = .
 *(.init)
 .init          0x02000000      0x2d0 c:/devkitpro2007/devkitarm/bin/../lib/gcc/arm-eabi/4.1.2/../../../../arm-eabi/lib/ds_arm9_crt0.o
                0x02000000                _start
 .init          0x020002d0        0xc c:/devkitpro2007/devkitarm/bin/../lib/gcc/arm-eabi/4.1.2/crti.o
                0x020002d0                _init
 .init          0x020002dc        0xc c:/devkitpro2007/devkitarm/bin/../lib/gcc/arm-eabi/4.1.2/crtn.o
                0x020002e8                . = ALIGN (0x4)

.plt
 *(.plt)

.text           0x02000300    0x27cdc
 *(EXCLUDE_FILE(*.itcm*) .text)
 .text          0x02000300        0x0 c:/devkitpro2007/devkitarm/bin/../lib/gcc/arm-eabi/4.1.2/../../../../arm-eabi/lib/ds_arm9_crt0.o
 .text          0x02000300        0x0 c:/devkitpro2007/devkitarm/bin/../lib/gcc/arm-eabi/4.1.2/crti.o
 .text          0x02000300       0xa4 c:/devkitpro2007/devkitarm/bin/../lib/gcc/arm-eabi/4.1.2/crtbegin.o
 .text          0x020003a4        0x0 ./SNES_global.o
 .text          0x020003a4      0x150 ./apu.o
                0x02000454                APU_saveSpc
                0x020003a4                ARM7_fifo_init
                0x02000464                APU_clear
                0x020003bc                SendArm7Command
                0x02000490                APU_playSong
                0x02000400                APU_stop
                0x0200048c                APU_command
                0x0200044c                APU_playSpc
                0x02000434                APU_nice_reset
                0x020003f0                APU_reset
                0x0200045c                APU_loadSpc
                0x020003f8                APU_pause
 .text          0x020004f4     0x136c ./core.o
                0x02000a04                HDMA_write
                0x020004f4                read_mouse
                0x020007c0                update_joypads
                0x02000888                GoIRQ
                0x02001248                PPU_fastDMA_2118_1
                0x02001530                DMA_transfert
                0x02000960                GoNMI
                0x02000600                read_scope
                0x02000778                read_joypads
                0x020006f8                SNES_update
                0x02000d24                HDMA_transfert
 .text          0x02001860     0x31dc ./engine.o
                0x02001910                SetCFG
                0x02001990                trace_CPUFast
                0x0200457c                trace_CPU
                0x020018b8                readSRAM
                0x02004860                saveSRAM
                0x02001a14                show_opcode
                0x020048c8                loadSRAM
                0x02001860                writeSRAM
                0x020047a4                initSNESEmpty
                0x02004934                changeROM
 .text          0x02004a3c      0x71c ./fs.o
                0x02004fac                FS_getDirectoryList
                0x02004edc                FS_chdir
                0x02004d08                FS_printlog
                0x02004ee0                FS_init
                0x02004cbc                FS_saveFile
                0x02004a3c                FS_shouldFreeROM
                0x02004e5c                FS_printlogBufOnly
                0x02004f24                getFileExtension
                0x02004c14                FS_loadROM
                0x02004b64                FS_loadROMForPaging
                0x02004e14                FS_flog
                0x02004a44                FS_loadROMPage
                0x02004ae8                FS_loadFile
 .text          0x02005158      0x47c ./gui.o
                0x020051f0                GUI_printfC
                0x0200558c                GUI_createList
                0x02005194                T
                0x02005404                GUI_displayList
                0x02005548                GUI_setItem
                0x02005198                LOG
                0x0200531c                GUI_displayMenuBack
                0x020052c0                GUI_printf
                0x02005158                GUI_checkMenu
                0x020054b8                GUI_checkList
                0x02005254                GUI_displayMenuTitle
                0x02005398                GUI_displayMenu
 .text          0x020055d4       0x20 ./intr.o
                0x020055f0                DesMuMeDebug
                0x020055d4                IntrHandlerAsm
 .text          0x020055f4     0x1410 ./main.o
                0x02005ba8                SPC_jukebox_choose_real_time
                0x02005754                initGUI
                0x020056b8                waitReleaseTouch
                0x02006910                Hblank
                0x02005b64                superTouchReadXY
                0x02005f44                handleMenu
                0x02005690                waitHeldTouch
                0x020064a4                main
                0x020055f4                Vblank
                0x02005dd8                handle_saveState
                0x02005958                selectSong
                0x02005a00                loadROM
                0x02005c5c                waitPressTouch
                0x02005c84                handle_loadState
                0x020056e0                updateOptions
 .text          0x02006a04      0xc24 ./memmap.o
                0x02006f2c                InitHiROMMap
                0x020071a8                InitLargeHiROMMap
                0x0200753c                InitMap
                0x020074a4                mem_init_paging
                0x02006a04                WriteProtectROM
                0x02007454                mem_reset_paging
                0x02006aa0                MapRAM
                0x02006a60                FixMap
                0x020073c8                mem_getbaseaddress
                0x02006b44                InitLoROMMap
                0x0200743c                InitLargeLoROMMap
                0x020075d4                mem_clear_paging
 .text          0x02007628      0x328 ./opcodes.o
                0x0200777c                CPU_unpack
                0x020078e0                CPU_goto
                0x02007628                CPU_pack
 .text          0x02007950        0x0 ./opcodes2.o
 .text          0x02007950     0x4448 ./ppu.o
                0x02008954                PPU_setBackColor
                0x0200859c                draw_mode_7_line
                0x0200a2a4                draw_plane_64_30
                0x0200afc8                renderMode3
                0x02007950                init_render
                0x020089bc                PPU_setPalette
                0x020087b0                switchToMode7
                0x0200b354                renderMode1
                0x02007c0c                add_tile_2
                0x02007a00                check_tile_addr
                0x020094f8                draw_plane_64_60
                0x02008844                renderMode7
                0x0200ba30                draw_screen
                0x0200808c                draw_sprites
                0x02008cb0                get_joypad
                0x02007d4c                add_tile_8
                0x02009c18                draw_plane_32_60
                0x020079ec                check_sprite_addr
                0x02008fb8                PPU_setScreen
                0x02007f68                update_scroll
                0x02007ca0                add_tile_4
                0x02007a14                check_tile
                0x02009214                draw_plane_32_30_squiz
                0x0200a96c                draw_plane_32_30
                0x02008d88                PPU_update
                0x02008bcc                PPU_reset
                0x02008038                draw_tile_sprite_normal
                0x02007eec                PPU_setMap
                0x02007b24                add_sprite_tile_4
 .text          0x0200bd98      0x4fc ./snapshot.o
                0x0200c1f8                get_snapshot_name
                0x0200bd98                write_snapshot
                0x0200bfd4                read_snapshot
 .text          0x0200c294      0x7d4 ./snes.o
                0x0200c7d0                reset_CPU
                0x0200c494                load_ROM
                0x0200c2c8                UnInterleaveROM
                0x0200c70c                reset_GFX
                0x0200c294                cnt_alphachar
                0x0200c8c4                reset_SNES
                0x0200ca64                init_GFX
 .text          0x0200ca68      0x444 ./touch.o
                0x0200cb74                ADC_to_SCR
                0x0200ca68                PrecalculateCalibrationData
                0x0200cc64                mytouchReadXY
 .text          0x0200ceac       0x9c c:/devkitPro2007/libnds/lib\libfat.a(libfat.o)
                0x0200ceac                fatSetDefaultInterface
                0x0200ced0                fatMountCustomInterface
                0x0200ceb8                fatUnsafeUnmount
                0x0200cedc                fatMountNormalInterface
                0x0200cec4                fatUnmount
                0x0200cf38                fatInitDefault
                0x0200cee8                fatInit
 .text          0x0200cf48      0x4d0 c:/devkitPro2007/libnds/lib\libfat.a(partition.o)
                0x0200cf94                _FAT_partition_getPartitionFromPath
                0x0200cf6c                _FAT_partition_setDefaultPartition
                0x0200d34c                _FAT_partition_mountCustomInterface
                0x0200d070                _FAT_partition_unmount
                0x0200d3ac                _FAT_partition_mount
                0x0200cf48                _FAT_partition_setDefaultInterface
                0x0200d010                _FAT_partition_unsafeUnmount
 .text          0x0200d418       0xb8 c:/devkitPro2007/libnds/lib\libfat.a(disc.o)
                0x0200d494                _FAT_disc_findInterface
                0x0200d454                _FAT_disc_dsSlotFindInterface
                0x0200d418                _FAT_disc_gbaSlotFindInterface
 .text          0x0200d4d0       0x1c c:/devkitPro2007/libnds/lib\libfat.a(io_m3cf.o)
                0x0200d4d0                _M3CF_startup
 .text          0x0200d4ec      0x528 c:/devkitPro2007/libnds/lib\libfat.a(io_m3sd.o)
                0x0200d894                _M3SD_clearStatus
                0x0200d668                _M3SD_cmd_17byte_response
                0x0200d76c                _M3SD_readSectors
                0x0200d730                _M3SD_isInserted
                0x0200d8b8                _M3SD_writeSectors
                0x0200d7f8                _M3SD_shutdown
                0x0200d650                _M3SD_cmd_6byte_response
                0x0200d8a0                _M3SD_startUp
 .text          0x0200da14       0x14 c:/devkitPro2007/libnds/lib\libfat.a(io_mpcf.o)
                0x0200da14                _MPCF_startup
 .text          0x0200da28      0x92c c:/devkitPro2007/libnds/lib\libfat.a(io_njsd.o)
                0x0200de34                _NJSD_writeSectors
                0x0200de1c                _NJSD_clearStatus
                0x0200ddc0                _NJSD_cmd_6byte_response
                0x0200ddf0                _NJSD_isInserted
                0x0200e0c4                _NJSD_startup
                0x0200de28                _NJSD_shutdown
                0x0200e160                _NJSD_readSectors
                0x0200ddd8                _NJSD_cmd_17byte_response
 .text          0x0200e354      0x694 c:/devkitPro2007/libnds/lib\libfat.a(io_nmmc.o)
                0x0200e53c                _NMMC_isInserted
                0x0200e670                _NMMC_writeSectors
                0x0200e810                _NMMC_startUp
                0x0200e530                _NMMC_shutdown
                0x0200e4b4                _NMMC_clearStatus
                0x0200e598                _NMMC_readSectors
 .text          0x0200e9e8       0x18 c:/devkitPro2007/libnds/lib\libfat.a(io_sccf.o)
                0x0200e9e8                _SCCF_startup
 .text          0x0200ea00      0x388 c:/devkitPro2007/libnds/lib\libfat.a(io_scsd.o)
                0x0200eb08                _SCSD_shutdown
                0x0200ec80                _SCSD_startUp
                0x0200ebf8                _SCSD_isInserted
                0x0200ec74                _SCSD_clearStatus
                0x0200ec94                _SCSD_cmd_17byte_response
                0x0200ecac                _SCSD_cmd_6byte_response
                0x0200eb88                _SCSD_readSectors
                0x0200ecc4                _SCSD_writeSectors
 .text          0x0200ed88      0x258 c:/devkitPro2007/libnds/lib\libfat.a(io_sd_common.o)
                0x0200ed88                _SD_CRC7
                0x0200ede4                _SD_CRC16
                0x0200eee0                _SD_InitCard
 *fill*         0x0200efe0       0x20 ff
 .text          0x0200f000     0x8000 c:/devkitPro2007/libnds/lib\libfat.a(io_dldi.o)
                0x0200f060                _io_dldi
 .text          0x02017000       0xc0 c:/devkitPro2007/libnds/lib\libfat.a(io_scsd_s.o)
                0x02017000                _SCSD_writeData_s
 .text          0x020170c0      0x2c0 c:/devkitPro2007/libnds/lib\libfat.a(cache.o)
                0x02017184                _FAT_cache_flush
                0x02017260                _FAT_cache_writePartialSector
                0x020171d0                _FAT_cache_invalidate
                0x020172e8                _FAT_cache_destructor
                0x02017304                _FAT_cache_constructor
                0x020172ac                _FAT_cache_readPartialSector
                0x020171fc                _FAT_cache_eraseWritePartialSector
 .text          0x02017380      0x708 c:/devkitPro2007/libnds/lib\libfat.a(fatdir.o)
                0x02017438                _FAT_stat_r
                0x0201739c                _FAT_dirnext_r
                0x02017520                _FAT_unlink_r
                0x0201770c                _FAT_rename_r
                0x02017380                _FAT_link_r
                0x0201738c                _FAT_dirclose_r
                0x020174b0                _FAT_chdir_r
                0x02017404                _FAT_dirreset_r
                0x02017668                _FAT_diropen_r
                0x0201788c                _FAT_mkdir_r
 .text          0x02017a88      0xc28 c:/devkitPro2007/libnds/lib\libfat.a(fatfile.o)
                0x02018208                _FAT_write_r
                0x02017af8                _FAT_seek_r
                0x02017fc0                _FAT_read_r
                0x02017d08                _FAT_open_r
                0x02017c28                _FAT_close_r
                0x02017a88                _FAT_fstat_r
 .text          0x020186b0      0x398 c:/devkitPro2007/libnds/lib\libfat.a(file_allocation_table.o)
                0x0201890c                _FAT_fat_clearLinks
                0x020186b0                _FAT_fat_nextCluster
                0x020189e0                _FAT_fat_linkFreeClusterCleared
                0x0201895c                _FAT_fat_linkFreeCluster
                0x02018798                _FAT_fat_lastCluster
 .text          0x02018a48       0xdc c:/devkitPro2007/libnds/lib\libfat.a(filetime.o)
                0x02018a94                _FAT_filetime_getDateFromRTC
                0x02018ad8                _FAT_filetime_to_time_t
                0x02018a48                _FAT_filetime_getTimeFromRTC
 .text          0x02018b24      0x30c c:/devkitPro2007/libnds/lib\libfat.a(io_cf_common.o)
                0x02018b24                _CF_isInserted
                0x02018cb8                _CF_writeSectors
                0x02018bac                _CF_readSectors
                0x02018de0                _CF_startup
                0x02018b44                _CF_clearStatus
                0x02018dd4                _CF_shutdown
 .text          0x02018e30       0xa0 c:/devkitPro2007/libnds/lib\libfat.a(io_m3_common.o)
                0x02018e34                _M3_changeMode
 .text          0x02018ed0       0x18 c:/devkitPro2007/libnds/lib\libfat.a(io_sc_common.o)
                0x02018ed0                _SC_changeMode
 .text          0x02018ee8      0xec8 c:/devkitPro2007/libnds/lib\libfat.a(directory.o)
                0x02019448                _FAT_directory_chdir
                0x02019730                _FAT_directory_entryStat
                0x02019478                _FAT_directory_isValidAlias
                0x02019670                _FAT_directory_removeEntry
                0x02018f74                _FAT_directory_getRootEntry
                0x02019560                _FAT_directory_entryFromPosition
                0x02019040                _FAT_directory_getNextEntry
                0x02019204                _FAT_directory_getFirstEntry
                0x02019514                _FAT_directory_isValidLfn
                0x02018f5c                _FAT_directory_entryGetCluster
                0x020197fc                _FAT_directory_addEntry
                0x020192bc                _FAT_directory_entryFromPath
 .text          0x02019db0      0x580 c:/devkitPro2007/libnds/lib\libnds9.a(console.o)
                0x0201a12c                con_write
                0x02019f5c                consoleInit
                0x02019e18                consolePrintChar
                0x02019f48                consoleClear
                0x0201a0e4                consoleDemoInit
                0x0201a0c0                consoleInitDefault
 .text          0x0201a330      0x158 c:/devkitPro2007/libnds/lib\libnds9.a(initSystem.o)
                0x0201a330                initSystem
 .text          0x0201a488      0x100 c:/devkitPro2007/libnds/lib\libnds9.a(keys.o)
                0x0201a4b8                keysSetRepeat
                0x0201a4a8                keysDownRepeat
                0x0201a488                keysHeld
                0x0201a4dc                keysUp
                0x0201a494                keysDown
                0x0201a4f4                scanKeys
 .text          0x0201a588      0x110 c:/devkitPro2007/libnds/lib\libnds9.a(video.o)
                0x0201a648                vramSetBankF
                0x0201a5d8                vramRestoreMainBanks
                0x0201a670                vramSetBankH
                0x0201a620                vramSetBankD
                0x0201a634                vramSetBankE
                0x0201a65c                vramSetBankG
                0x0201a5cc                vramRestorMainBanks
                0x0201a5f8                vramSetBankB
                0x0201a60c                vramSetBankC
                0x0201a684                vramSetBankI
                0x0201a588                vramSetMainBanks
                0x0201a5e4                vramSetBankA
 .text          0x0201a698      0x670 c:/devkitPro2007/libnds/lib\libnds9.a(card.o)
                0x0201a878                cardEepromGetType
                0x0201a6fc                cardStartTransfer
                0x0201a7a0                cardReadHeader
                0x0201a904                cardReadEeprom
                0x0201a7bc                cardReadID
                0x0201ab58                cardEepromGetSize
                0x0201a774                cardRead00
                0x0201a7dc                cardEepromCommand
                0x0201acb4                cardEepromChipErase
                0x0201a6bc                cardPolledTransfer
                0x0201a9b0                cardWriteEeprom
                0x0201a744                cardWriteAndRead
                0x0201a698                cardWriteCommand
                0x0201ac0c                cardEepromSectorErase
                0x0201a864                cardEepromReadID
 .text          0x0201ad08      0x208 c:/devkitPro2007/libnds/lib\libnds9.a(interrupts.o)
                0x0201ae70                irqEnable
                0x0201ad0c                irqSet
                0x0201aec4                irqDisable
                0x0201ad74                irqInit
                0x0201ad08                irqDummy
                0x0201ae40                irqInitHandler
                0x0201adc0                irqClear
 .text          0x0201af10       0x70 c:/devkitPro2007/libnds/lib\libnds9.a(biosCalls.o)
                0x0201af20                swiSleep
                0x0201af5a                swiDecompressLZSSVram
                0x0201af42                swiFastCopy
                0x0201af46                swiSqrt
                0x0201af10                swiSoftReset
                0x0201af4a                swiCRC16
                0x0201af5e                swiDecompressHuffman
                0x0201af76                swiSetHaltCR
                0x0201af2c                swiRemainder
                0x0201af52                swiUnpackBits
                0x0201af56                swiDecompressLZSSWram
                0x0201af72                swiDecodeDelta16
                0x0201af14                swiDelay
                0x0201af32                swiDivMod
                0x0201af66                swiDecompressRLEVram
                0x0201af62                swiDecompressRLEWram
                0x0201af6e                swiDecodeDelta8
                0x0201af28                swiDivide
                0x0201af24                swiChangeSoundBias
                0x0201af1c                swiWaitForVBlank
                0x0201af18                swiIntrWait
                0x0201af4e                swiIsDebugger
                0x0201af6a                swiWaitForIRQ
                0x0201af3e                swiCopy
 .text          0x0201af80        0x0 c:/devkitPro2007/libnds/lib\libnds9.a(interruptDispatcher.o)
 .text          0x0201af80        0x0 c:/devkitPro2007/libnds/lib\libnds9.a(default_font.o)
 .text          0x0201af80      0x114 c:/devkitpro2007/devkitarm/bin/../lib/gcc/arm-eabi/4.1.2\libgcc.a(_udivsi3.o)
                0x0201af80                __udivsi3
                0x0201af80                __aeabi_uidiv
                0x0201b07c                __aeabi_uidivmod
 .text          0x0201b094      0x144 c:/devkitpro2007/devkitarm/bin/../lib/gcc/arm-eabi/4.1.2\libgcc.a(_divsi3.o)
                0x0201b094                __aeabi_idiv
                0x0201b094                __divsi3
                0x0201b1c0                __aeabi_idivmod
 .text          0x0201b1d8        0x4 c:/devkitpro2007/devkitarm/bin/../lib/gcc/arm-eabi/4.1.2\libgcc.a(_dvmd_tls.o)
                0x0201b1d8                __aeabi_ldiv0
                0x0201b1d8                __div0
                0x0201b1d8                __aeabi_idiv0
 .text          0x0201b1dc        0x0 c:/devkitpro2007/devkitarm/bin/../lib/gcc/arm-eabi/4.1.2/../../../../arm-eabi/lib\libc.a(lib_a-ctype_.o)
 .text          0x0201b1dc      0x110 c:/devkitpro2007/devkitarm/bin/../lib/gcc/arm-eabi/4.1.2/../../../../arm-eabi/lib\libc.a(lib_a-fclose.o)
                0x0201b1dc                _fclose_r
                0x0201b2d8                fclose
 .text          0x0201b2ec      0x1b8 c:/devkitpro2007/devkitarm/bin/../lib/gcc/arm-eabi/4.1.2/../../../../arm-eabi/lib\libc.a(lib_a-fflush.o)
                0x0201b2ec                fflush
 .text          0x0201b4a4      0x2bc c:/devkitpro2007/devkitarm/bin/../lib/gcc/arm-eabi/4.1.2/../../../../arm-eabi/lib\libc.a(lib_a-findfp.o)
                0x0201b510                __sinit
                0x0201b628                __sfmoreglue
                0x0201b618                _cleanup
                0x0201b5f8                _cleanup_r
                0x0201b5cc                __fp_lock_all
                0x0201b500                __sfp_lock_acquire
                0x0201b678                __sfp
                0x0201b50c                __sinit_lock_release
                0x0201b5a0                __fp_unlock_all
                0x0201b504                __sfp_lock_release
                0x0201b508                __sinit_lock_acquire
 .text          0x0201b760       0xfc c:/devkitpro2007/devkitarm/bin/../lib/gcc/arm-eabi/4.1.2/../../../../arm-eabi/lib\libc.a(lib_a-fopen.o)
                0x0201b840                fopen
                0x0201b760                _fopen_r
 .text          0x0201b85c      0x228 c:/devkitpro2007/devkitarm/bin/../lib/gcc/arm-eabi/4.1.2/../../../../arm-eabi/lib\libc.a(lib_a-fread.o)
                0x0201ba40                fread
                0x0201b85c                _fread_r
 .text          0x0201ba84      0x3c0 c:/devkitpro2007/devkitarm/bin/../lib/gcc/arm-eabi/4.1.2/../../../../arm-eabi/lib\libc.a(lib_a-freer.o)
                0x0201bb8c                _free_r
                0x0201ba84                _malloc_trim_r
 .text          0x0201be44      0x490 c:/devkitpro2007/devkitarm/bin/../lib/gcc/arm-eabi/4.1.2/../../../../arm-eabi/lib\libc.a(lib_a-fseek.o)
                0x0201c2a8                fseek
                0x0201be44                _fseek_r
 .text          0x0201c2d4      0x11c c:/devkitpro2007/devkitarm/bin/../lib/gcc/arm-eabi/4.1.2/../../../../arm-eabi/lib\libc.a(lib_a-fwalk.o)
                0x0201c360                _fwalk
                0x0201c2d4                _fwalk_reent
 .text          0x0201c3f0       0xc8 c:/devkitpro2007/devkitarm/bin/../lib/gcc/arm-eabi/4.1.2/../../../../arm-eabi/lib\libc.a(lib_a-fwrite.o)
                0x0201c3f0                _fwrite_r
                0x0201c474                fwrite
 .text          0x0201c4b8        0x0 c:/devkitpro2007/devkitarm/bin/../lib/gcc/arm-eabi/4.1.2/../../../../arm-eabi/lib\libc.a(lib_a-impure.o)
 .text          0x0201c4b8       0xd4 c:/devkitpro2007/devkitarm/bin/../lib/gcc/arm-eabi/4.1.2/../../../../arm-eabi/lib\libc.a(lib_a-init.o)
                0x0201c504                __libc_init_array
                0x0201c4b8                __libc_fini_array
 .text          0x0201c58c       0x74 c:/devkitpro2007/devkitarm/bin/../lib/gcc/arm-eabi/4.1.2/../../../../arm-eabi/lib\libc.a(lib_a-iprintf.o)
                0x0201c58c                _iprintf_r
                0x0201c5c0                iprintf
 .text          0x0201c600      0x168 c:/devkitpro2007/devkitarm/bin/../lib/gcc/arm-eabi/4.1.2/../../../../arm-eabi/lib\libc.a(lib_a-makebuf.o)
                0x0201c600                __smakebuf
 .text          0x0201c768       0x50 c:/devkitpro2007/devkitarm/bin/../lib/gcc/arm-eabi/4.1.2/../../../../arm-eabi/lib\libc.a(lib_a-malloc.o)
                0x0201c790                malloc
                0x0201c768                free
 .text          0x0201c7b8      0x77c c:/devkitpro2007/devkitarm/bin/../lib/gcc/arm-eabi/4.1.2/../../../../arm-eabi/lib\libc.a(lib_a-mallocr.o)
                0x0201c7b8                _malloc_r
 .text          0x0201cf34       0x9c c:/devkitpro2007/devkitarm/bin/../lib/gcc/arm-eabi/4.1.2/../../../../arm-eabi/lib\libc.a(lib_a-memcpy.o)
                0x0201cf34                memcpy
 .text          0x0201cfd0       0xfc c:/devkitpro2007/devkitarm/bin/../lib/gcc/arm-eabi/4.1.2/../../../../arm-eabi/lib\libc.a(lib_a-memmove.o)
                0x0201cfd0                memmove
 .text          0x0201d0cc       0x98 c:/devkitpro2007/devkitarm/bin/../lib/gcc/arm-eabi/4.1.2/../../../../arm-eabi/lib\libc.a(lib_a-memset.o)
                0x0201d0cc                memset
 .text          0x0201d164        0x8 c:/devkitpro2007/devkitarm/bin/../lib/gcc/arm-eabi/4.1.2/../../../../arm-eabi/lib\libc.a(lib_a-mlock.o)
                0x0201d168                __malloc_unlock
                0x0201d164                __malloc_lock
 .text          0x0201d16c       0x74 c:/devkitpro2007/devkitarm/bin/../lib/gcc/arm-eabi/4.1.2/../../../../arm-eabi/lib\libc.a(lib_a-printf.o)
                0x0201d16c                printf
                0x0201d1ac                _printf_r
 .text          0x0201d1e0      0x1e0 c:/devkitpro2007/devkitarm/bin/../lib/gcc/arm-eabi/4.1.2/../../../../arm-eabi/lib\libc.a(lib_a-refill.o)
                0x0201d218                __srefill_r
 .text          0x0201d3c0      0x1ac c:/devkitpro2007/devkitarm/bin/../lib/gcc/arm-eabi/4.1.2/../../../../arm-eabi/lib\libc.a(lib_a-setvbuf.o)
                0x0201d3c0                setvbuf
 .text          0x0201d56c      0x108 c:/devkitpro2007/devkitarm/bin/../lib/gcc/arm-eabi/4.1.2/../../../../arm-eabi/lib\libc.a(lib_a-siscanf.o)
                0x0201d574                _siscanf_r
                0x0201d5f4                siscanf
 .text          0x0201d674       0xdc c:/devkitpro2007/devkitarm/bin/../lib/gcc/arm-eabi/4.1.2/../../../../arm-eabi/lib\libc.a(lib_a-sprintf.o)
                0x0201d6e8                _sprintf_r
                0x0201d674                sprintf
 .text          0x0201d750      0x128 c:/devkitpro2007/devkitarm/bin/../lib/gcc/arm-eabi/4.1.2/../../../../arm-eabi/lib\libc.a(lib_a-stdio.o)
                0x0201d778                __sseek
                0x0201d830                __sread
                0x0201d750                __sclose
                0x0201d7c4                __swrite
 .text          0x0201d878       0x9c c:/devkitpro2007/devkitarm/bin/../lib/gcc/arm-eabi/4.1.2/../../../../arm-eabi/lib\libc.a(lib_a-strcasecmp.o)
                0x0201d878                strcasecmp
 .text          0x0201d914       0x98 c:/devkitpro2007/devkitarm/bin/../lib/gcc/arm-eabi/4.1.2/../../../../arm-eabi/lib\libc.a(lib_a-strcat.o)
                0x0201d914                strcat
 .text          0x0201d9ac      0x118 c:/devkitpro2007/devkitarm/bin/../lib/gcc/arm-eabi/4.1.2/../../../../arm-eabi/lib\libc.a(lib_a-strchr.o)
                0x0201d9ac                strchr
 .text          0x0201dac4       0xd0 c:/devkitpro2007/devkitarm/bin/../lib/gcc/arm-eabi/4.1.2/../../../../arm-eabi/lib\libc.a(lib_a-strcmp.o)
                0x0201dac4                strcmp
 .text          0x0201db94       0xa0 c:/devkitpro2007/devkitarm/bin/../lib/gcc/arm-eabi/4.1.2/../../../../arm-eabi/lib\libc.a(lib_a-strcpy.o)
                0x0201db94                strcpy
 .text          0x0201dc34       0x90 c:/devkitpro2007/devkitarm/bin/../lib/gcc/arm-eabi/4.1.2/../../../../arm-eabi/lib\libc.a(lib_a-strlen.o)
                0x0201dc34                strlen
 .text          0x0201dcc4       0xb8 c:/devkitpro2007/devkitarm/bin/../lib/gcc/arm-eabi/4.1.2/../../../../arm-eabi/lib\libc.a(lib_a-strncasecmp.o)
                0x0201dcc4                strncasecmp
 .text          0x0201dd7c      0x13c c:/devkitpro2007/devkitarm/bin/../lib/gcc/arm-eabi/4.1.2/../../../../arm-eabi/lib\libc.a(lib_a-strncmp.o)
                0x0201dd7c                strncmp
 .text          0x0201deb8      0x114 c:/devkitpro2007/devkitarm/bin/../lib/gcc/arm-eabi/4.1.2/../../../../arm-eabi/lib\libc.a(lib_a-strncpy.o)
                0x0201deb8                strncpy
 .text          0x0201dfcc       0x48 c:/devkitpro2007/devkitarm/bin/../lib/gcc/arm-eabi/4.1.2/../../../../arm-eabi/lib\libc.a(lib_a-strnlen.o)
                0x0201dfcc                strnlen
 .text          0x0201e014       0x50 c:/devkitpro2007/devkitarm/bin/../lib/gcc/arm-eabi/4.1.2/../../../../arm-eabi/lib\libc.a(lib_a-strpbrk.o)
                0x0201e014                strpbrk
 .text          0x0201e064       0x50 c:/devkitpro2007/devkitarm/bin/../lib/gcc/arm-eabi/4.1.2/../../../../arm-eabi/lib\libc.a(lib_a-strrchr.o)
                0x0201e064                strrchr
 .text          0x0201e0b4       0x54 c:/devkitpro2007/devkitarm/bin/../lib/gcc/arm-eabi/4.1.2/../../../../arm-eabi/lib\libc.a(lib_a-strstr.o)
                0x0201e0b4                strstr
 .text          0x0201e108       0x44 c:/devkitpro2007/devkitarm/bin/../lib/gcc/arm-eabi/4.1.2/../../../../arm-eabi/lib\libc.a(lib_a-strupr.o)
                0x0201e108                strupr
 .text          0x0201e14c       0x30 c:/devkitpro2007/devkitarm/bin/../lib/gcc/arm-eabi/4.1.2/../../../../arm-eabi/lib\libc.a(lib_a-sysstat.o)
                0x0201e14c                stat
 .text          0x0201e17c       0x1c c:/devkitpro2007/devkitarm/bin/../lib/gcc/arm-eabi/4.1.2/../../../../arm-eabi/lib\libc.a(lib_a-toupper.o)
                0x0201e17c                toupper
 .text          0x0201e198     0x1358 c:/devkitpro2007/devkitarm/bin/../lib/gcc/arm-eabi/4.1.2/../../../../arm-eabi/lib\libc.a(lib_a-vfiprintf.o)
                0x0201f4c4                vfiprintf
                0x0201e1d8                _vfiprintf_r
 .text          0x0201f4f0      0xff8 c:/devkitpro2007/devkitarm/bin/../lib/gcc/arm-eabi/4.1.2/../../../../arm-eabi/lib\libc.a(lib_a-vfiscanf.o)
                0x02020440                _vfiscanf_r
                0x0202048c                vfiscanf
                0x0201f4f0                __svfiscanf_r
                0x02020414                __svfiscanf
 .text          0x020204e8     0x21d4 c:/devkitpro2007/devkitarm/bin/../lib/gcc/arm-eabi/4.1.2/../../../../arm-eabi/lib\libc.a(lib_a-vfprintf.o)
                0x02020528                _vfprintf_r
                0x02022690                vfprintf
 .text          0x020226bc      0x110 c:/devkitpro2007/devkitarm/bin/../lib/gcc/arm-eabi/4.1.2/../../../../arm-eabi/lib\libc.a(lib_a-vsnprintf.o)
                0x02022748                vsnprintf
                0x020226bc                _vsnprintf_r
 .text          0x020227cc       0x84 c:/devkitpro2007/devkitarm/bin/../lib/gcc/arm-eabi/4.1.2/../../../../arm-eabi/lib\libc.a(lib_a-wcrtomb.o)
                0x020227cc                _wcrtomb_r
                0x02022824                wcrtomb
 .text          0x02022850      0x180 c:/devkitpro2007/devkitarm/bin/../lib/gcc/arm-eabi/4.1.2/../../../../arm-eabi/lib\libc.a(lib_a-wcsrtombs.o)
                0x02022850                _wcsrtombs_r
                0x0202298c                wcsrtombs
 .text          0x020229d0      0x428 c:/devkitpro2007/devkitarm/bin/../lib/gcc/arm-eabi/4.1.2/../../../../arm-eabi/lib\libc.a(lib_a-wctomb_r.o)
                0x020229d0                _wctomb_r
 .text          0x02022df8      0x10c c:/devkitpro2007/devkitarm/bin/../lib/gcc/arm-eabi/4.1.2/../../../../arm-eabi/lib\libc.a(lib_a-wsetup.o)
                0x02022df8                __swsetup
 *fill*         0x02022f04        0x4 ff
 .text          0x02022f08     0x1660 c:/devkitpro2007/devkitarm/bin/../lib/gcc/arm-eabi/4.1.2/../../../../arm-eabi/lib\libc.a(lib_a-dtoa.o)
                0x02023114                _dtoa_r
 .text          0x02024568       0xa4 c:/devkitpro2007/devkitarm/bin/../lib/gcc/arm-eabi/4.1.2/../../../../arm-eabi/lib\libc.a(lib_a-flags.o)
                0x02024568                __sflags
 .text          0x0202460c      0x44c c:/devkitpro2007/devkitarm/bin/../lib/gcc/arm-eabi/4.1.2/../../../../arm-eabi/lib\libc.a(lib_a-fvwrite.o)
                0x0202460c                __sfvwrite_r
 .text          0x02024a58       0x24 c:/devkitpro2007/devkitarm/bin/../lib/gcc/arm-eabi/4.1.2/../../../../arm-eabi/lib\libc.a(lib_a-iswspace.o)
                0x02024a58                iswspace
 .text          0x02024a7c       0xb0 c:/devkitpro2007/devkitarm/bin/../lib/gcc/arm-eabi/4.1.2/../../../../arm-eabi/lib\libc.a(lib_a-locale.o)
                0x02024aa8                _setlocale_r
                0x02024a7c                __locale_charset
                0x02024a8c                _localeconv_r
                0x02024b10                setlocale
                0x02024a98                localeconv
 .text          0x02024b2c       0xac c:/devkitpro2007/devkitarm/bin/../lib/gcc/arm-eabi/4.1.2/../../../../arm-eabi/lib\libc.a(lib_a-mbrtowc.o)
                0x02024b94                mbrtowc
                0x02024b2c                _mbrtowc_r
 .text          0x02024bd8       0x50 c:/devkitpro2007/devkitarm/bin/../lib/gcc/arm-eabi/4.1.2/../../../../arm-eabi/lib\libc.a(lib_a-mbtowc_r.o)
                0x02024bd8                _mbtowc_r
 .text          0x02024c28      0x108 c:/devkitpro2007/devkitarm/bin/../lib/gcc/arm-eabi/4.1.2/../../../../arm-eabi/lib\libc.a(lib_a-memchr.o)
                0x02024c28                memchr
 .text          0x02024d30      0xd34 c:/devkitpro2007/devkitarm/bin/../lib/gcc/arm-eabi/4.1.2/../../../../arm-eabi/lib\libc.a(lib_a-mprec.o)
                0x02025030                _mprec_log10
                0x020250f4                __any_on
                0x02025180                _Balloc
                0x02024fac                __ratio
                0x0202577c                __i2b
                0x02024ef0                __b2d
                0x02025970                __s2b
                0x02024e38                __mcmp
                0x02024d4c                __hi0bits
                0x02025874                __pow5mult
                0x020254a0                __lshift
                0x020255b0                __multiply
                0x0202521c                __d2b
                0x0202509c                __copybits
                0x02024e90                __ulp
                0x02025360                __mdiff
                0x02024da4                __lo0bits
                0x020257a0                __multadd
                0x02024d30                _Bfree
 .text          0x02025a64      0x61c c:/devkitpro2007/devkitarm/bin/../lib/gcc/arm-eabi/4.1.2/../../../../arm-eabi/lib\libc.a(lib_a-reallocr.o)
                0x02025a64                _realloc_r
 .text          0x02026080       0x3c c:/devkitpro2007/devkitarm/bin/../lib/gcc/arm-eabi/4.1.2/../../../../arm-eabi/lib\libc.a(lib_a-s_isinfd.o)
                0x02026080                __isinfd
 .text          0x020260bc       0x30 c:/devkitpro2007/devkitarm/bin/../lib/gcc/arm-eabi/4.1.2/../../../../arm-eabi/lib\libc.a(lib_a-s_isnand.o)
                0x020260bc                __isnand
 .text          0x020260ec       0xc8 c:/devkitpro2007/devkitarm/bin/../lib/gcc/arm-eabi/4.1.2/../../../../arm-eabi/lib\libc.a(lib_a-sccl.o)
                0x020260ec                __sccl
 .text          0x020261b4      0x1f0 c:/devkitpro2007/devkitarm/bin/../lib/gcc/arm-eabi/4.1.2/../../../../arm-eabi/lib\libc.a(lib_a-strtol.o)
                0x02026378                strtol
                0x020261b4                _strtol_r
 .text          0x020263a4      0x1e4 c:/devkitpro2007/devkitarm/bin/../lib/gcc/arm-eabi/4.1.2/../../../../arm-eabi/lib\libc.a(lib_a-strtoul.o)
                0x0202655c                strtoul
                0x020263a4                _strtoul_r
 .text          0x02026588      0x254 c:/devkitpro2007/devkitarm/bin/../lib/gcc/arm-eabi/4.1.2/../../../../arm-eabi/lib\libc.a(lib_a-ungetc.o)
                0x020267c0                ungetc
                0x02026588                __submore
                0x02026644                _ungetc_r
 .text          0x020267dc       0xa0 c:/devkitpro2007/devkitarm/bin/../lib/gcc/arm-eabi/4.1.2/../../../../arm-eabi/lib\libc.a(lib_a-callocr.o)
                0x020267dc                _calloc_r
 .text          0x0202687c      0x41c c:/devkitpro2007/devkitarm/bin/../lib/gcc/arm-eabi/4.1.2\libgcc.a(_addsubdf3.o)
                0x02026c38                __floatdidf
                0x02026bbc                __floatsidf
                0x02026b98                __aeabi_ui2d
                0x0202687c                __aeabi_drsub
                0x02026be4                __extendsfdf2
                0x02026888                __adddf3
                0x02026b98                __floatunsidf
                0x02026888                __aeabi_dadd
                0x02026c24                __aeabi_ul2d
                0x02026884                __aeabi_dsub
                0x02026c24                __floatundidf
                0x02026bbc                __aeabi_i2d
                0x02026c38                __aeabi_l2d
                0x02026be4                __aeabi_f2d
                0x02026884                __subdf3
 .text          0x02026c98      0x49c c:/devkitpro2007/devkitarm/bin/../lib/gcc/arm-eabi/4.1.2\libgcc.a(_muldivdf3.o)
                0x02026f28                __aeabi_ddiv
                0x02026c98                __aeabi_dmul
                0x02026f28                __divdf3
                0x02026c98                __muldf3
 .text          0x02027134      0x140 c:/devkitpro2007/devkitarm/bin/../lib/gcc/arm-eabi/4.1.2\libgcc.a(_cmpdf2.o)
                0x0202722c                __aeabi_dcmple
                0x02027144                __cmpdf2
                0x02027144                __eqdf2
                0x02027134                __gtdf2
                0x020271e4                __aeabi_cdcmple
                0x020271c8                __aeabi_cdrcmple
                0x0202713c                __ltdf2
                0x02027214                __aeabi_dcmplt
                0x0202713c                __ledf2
                0x0202725c                __aeabi_dcmpgt
                0x02027244                __aeabi_dcmpge
                0x02027144                __nedf2
                0x020271fc                __aeabi_dcmpeq
                0x020271e4                __aeabi_cdcmpeq
                0x02027134                __gedf2
 .text          0x02027274       0x5c c:/devkitpro2007/devkitarm/bin/../lib/gcc/arm-eabi/4.1.2\libgcc.a(_fixdfsi.o)
                0x02027274                __fixdfsi
                0x02027274                __aeabi_d2iz
 .text          0x020272d0      0x18c c:/devkitpro2007/devkitarm/bin/../lib/gcc/arm-eabi/4.1.2/../../../../arm-eabi/lib\libsysbase.a(iosupport.o)
                0x02027420                RemoveDevice
                0x020272d0                setDefaultDevice
                0x020272e8                AddDevice
                0x0202737c                FindDevice
 .text          0x0202745c       0x60 c:/devkitpro2007/devkitarm/bin/../lib/gcc/arm-eabi/4.1.2/../../../../arm-eabi/lib\libsysbase.a(close.o)
                0x0202745c                _close_r
 .text          0x020274bc       0x68 c:/devkitpro2007/devkitarm/bin/../lib/gcc/arm-eabi/4.1.2/../../../../arm-eabi/lib\libsysbase.a(fstat.o)
                0x020274bc                _fstat_r
 .text          0x02027524        0x8 c:/devkitpro2007/devkitarm/bin/../lib/gcc/arm-eabi/4.1.2/../../../../arm-eabi/lib\libsysbase.a(isatty.o)
                0x02027524                isatty
 .text          0x0202752c       0x48 c:/devkitpro2007/devkitarm/bin/../lib/gcc/arm-eabi/4.1.2/../../../../arm-eabi/lib\libsysbase.a(lseek.o)
                0x0202752c                _lseek_r
 .text          0x02027574       0xcc c:/devkitpro2007/devkitarm/bin/../lib/gcc/arm-eabi/4.1.2/../../../../arm-eabi/lib\libsysbase.a(open.o)
                0x02027574                _open_r
 .text          0x02027640       0x5c c:/devkitpro2007/devkitarm/bin/../lib/gcc/arm-eabi/4.1.2/../../../../arm-eabi/lib\libsysbase.a(read.o)
                0x02027640                _read_r
 .text          0x0202769c       0x80 c:/devkitpro2007/devkitarm/bin/../lib/gcc/arm-eabi/4.1.2/../../../../arm-eabi/lib\libsysbase.a(sbrk.o)
                0x0202769c                _sbrk_r
 .text          0x0202771c       0x68 c:/devkitpro2007/devkitarm/bin/../lib/gcc/arm-eabi/4.1.2/../../../../arm-eabi/lib\libsysbase.a(stat.o)
                0x0202771c                _stat_r
 .text          0x02027784       0x70 c:/devkitpro2007/devkitarm/bin/../lib/gcc/arm-eabi/4.1.2/../../../../arm-eabi/lib\libsysbase.a(times.o)
                0x0202778c                _gettimeofday_r
                0x02027784                _times_r
                0x020277d0                _times
 .text          0x020277f4       0x5c c:/devkitpro2007/devkitarm/bin/../lib/gcc/arm-eabi/4.1.2/../../../../arm-eabi/lib\libsysbase.a(write.o)
                0x020277f4                _write_r
 .text          0x02027850        0x0 c:/devkitpro2007/devkitarm/bin/../lib/gcc/arm-eabi/4.1.2/../../../../arm-eabi/lib\libsysbase.a(malloc_vars.o)
 .text          0x02027850      0x36c c:/devkitpro2007/devkitarm/bin/../lib/gcc/arm-eabi/4.1.2/../../../../arm-eabi/lib\libsysbase.a(chdir.o)
                0x02027a6c                chdir
                0x02027850                getcwd
                0x020278b8                _concatenate_path
 .text          0x02027bbc      0x20c c:/devkitpro2007/devkitarm/bin/../lib/gcc/arm-eabi/4.1.2/../../../../arm-eabi/lib\libsysbase.a(dir.o)
                0x02027bbc                dirreset
                0x02027c20                dirnext
                0x02027d04                diropen
                0x02027c90                dirclose
 .text          0x02027dc8       0x7c c:/devkitpro2007/devkitarm/bin/../lib/gcc/arm-eabi/4.1.2/../../../../arm-eabi/lib\libsysbase.a(build_argv.o)
                0x02027dc8                build_argv
 .text          0x02027e44       0x10 c:/devkitpro2007/devkitarm/bin/../lib/gcc/arm-eabi/4.1.2/../../../../arm-eabi/lib\libc.a(lib_a-errno.o)
                0x02027e44                __errno
 .text          0x02027e54        0x0 c:/devkitpro2007/devkitarm/bin/../lib/gcc/arm-eabi/4.1.2/crtend.o
 .text          0x02027e54        0x0 c:/devkitpro2007/devkitarm/bin/../lib/gcc/arm-eabi/4.1.2/crtn.o
 *(.text.*)
 *(.stub)
 *(.gnu.warning)
 *(.gnu.linkonce.t*)
 *(.glue_7)
 .glue_7        0x02027e54        0x0 c:/devkitpro2007/devkitarm/bin/../lib/gcc/arm-eabi/4.1.2/../../../../arm-eabi/lib/ds_arm9_crt0.o
 .glue_7        0x02027e54        0x0 c:/devkitpro2007/devkitarm/bin/../lib/gcc/arm-eabi/4.1.2/crti.o
 .glue_7        0x02027e54        0x0 c:/devkitpro2007/devkitarm/bin/../lib/gcc/arm-eabi/4.1.2/crtbegin.o
 .glue_7        0x02027e54        0x0 ./SNES_global.o
 .glue_7        0x02027e54        0x0 ./apu.o
 .glue_7        0x02027e54        0x0 ./core.o
 .glue_7        0x02027e54        0x0 ./engine.o
 .glue_7        0x02027e54        0x0 ./fs.o
 .glue_7        0x02027e54        0x0 ./gui.o
 .glue_7        0x02027e54        0x0 ./intr.o
 .glue_7        0x02027e54        0x0 ./main.o
 .glue_7        0x02027e54        0x0 ./memmap.o
 .glue_7        0x02027e54        0x0 ./opcodes.o
 .glue_7        0x02027e54        0x0 ./opcodes2.o
 .glue_7        0x02027e54        0x0 ./ppu.o
 .glue_7        0x02027e54        0x0 ./snapshot.o
 .glue_7        0x02027e54        0x0 ./snes.o
 .glue_7        0x02027e54        0x0 ./touch.o
 .glue_7        0x02027e54        0x0 c:/devkitPro2007/libnds/lib\libfat.a(libfat.o)
 .glue_7        0x02027e54        0x0 c:/devkitPro2007/libnds/lib\libfat.a(partition.o)
 .glue_7        0x02027e54        0x0 c:/devkitPro2007/libnds/lib\libfat.a(disc.o)
 .glue_7        0x02027e54        0x0 c:/devkitPro2007/libnds/lib\libfat.a(io_m3cf.o)
 .glue_7        0x02027e54        0x0 c:/devkitPro2007/libnds/lib\libfat.a(io_m3sd.o)
 .glue_7        0x02027e54        0x0 c:/devkitPro2007/libnds/lib\libfat.a(io_mpcf.o)
 .glue_7        0x02027e54        0x0 c:/devkitPro2007/libnds/lib\libfat.a(io_njsd.o)
 .glue_7        0x02027e54        0x0 c:/devkitPro2007/libnds/lib\libfat.a(io_nmmc.o)
 .glue_7        0x02027e54        0x0 c:/devkitPro2007/libnds/lib\libfat.a(io_sccf.o)
 .glue_7        0x02027e54        0x0 c:/devkitPro2007/libnds/lib\libfat.a(io_scsd.o)
 .glue_7        0x02027e54        0x0 c:/devkitPro2007/libnds/lib\libfat.a(io_sd_common.o)
 .glue_7        0x02027e54        0x0 c:/devkitPro2007/libnds/lib\libfat.a(io_dldi.o)
 .glue_7        0x02027e54        0x0 c:/devkitPro2007/libnds/lib\libfat.a(io_scsd_s.o)
 .glue_7        0x02027e54        0x0 c:/devkitPro2007/libnds/lib\libfat.a(cache.o)
 .glue_7        0x02027e54        0x0 c:/devkitPro2007/libnds/lib\libfat.a(fatdir.o)
 .glue_7        0x02027e54        0x0 c:/devkitPro2007/libnds/lib\libfat.a(fatfile.o)
 .glue_7        0x02027e54        0x0 c:/devkitPro2007/libnds/lib\libfat.a(file_allocation_table.o)
 .glue_7        0x02027e54        0x0 c:/devkitPro2007/libnds/lib\libfat.a(filetime.o)
 .glue_7        0x02027e54        0x0 c:/devkitPro2007/libnds/lib\libfat.a(io_cf_common.o)
 .glue_7        0x02027e54        0x0 c:/devkitPro2007/libnds/lib\libfat.a(io_m3_common.o)
 .glue_7        0x02027e54        0x0 c:/devkitPro2007/libnds/lib\libfat.a(io_sc_common.o)
 .glue_7        0x02027e54        0x0 c:/devkitPro2007/libnds/lib\libfat.a(directory.o)
 .glue_7        0x02027e54        0x0 c:/devkitPro2007/libnds/lib\libnds9.a(console.o)
 .glue_7        0x02027e54        0x0 c:/devkitPro2007/libnds/lib\libnds9.a(initSystem.o)
 .glue_7        0x02027e54        0x0 c:/devkitPro2007/libnds/lib\libnds9.a(keys.o)
 .glue_7        0x02027e54        0x0 c:/devkitPro2007/libnds/lib\libnds9.a(video.o)
 .glue_7        0x02027e54        0x0 c:/devkitPro2007/libnds/lib\libnds9.a(card.o)
 .glue_7        0x02027e54        0x0 c:/devkitPro2007/libnds/lib\libnds9.a(interrupts.o)
 .glue_7        0x02027e54        0x0 c:/devkitPro2007/libnds/lib\libnds9.a(biosCalls.o)
 .glue_7        0x02027e54        0x0 c:/devkitPro2007/libnds/lib\libnds9.a(interruptDispatcher.o)
 .glue_7        0x02027e54        0x0 c:/devkitPro2007/libnds/lib\libnds9.a(default_font.o)
 .glue_7        0x02027e54        0x0 c:/devkitpro2007/devkitarm/bin/../lib/gcc/arm-eabi/4.1.2\libgcc.a(_udivsi3.o)
 .glue_7        0x02027e54        0x0 c:/devkitpro2007/devkitarm/bin/../lib/gcc/arm-eabi/4.1.2\libgcc.a(_divsi3.o)
 .glue_7        0x02027e54        0x0 c:/devkitpro2007/devkitarm/bin/../lib/gcc/arm-eabi/4.1.2\libgcc.a(_dvmd_tls.o)
 .glue_7        0x02027e54        0x0 c:/devkitpro2007/devkitarm/bin/../lib/gcc/arm-eabi/4.1.2/../../../../arm-eabi/lib\libc.a(lib_a-ctype_.o)
 .glue_7        0x02027e54        0x0 c:/devkitpro2007/devkitarm/bin/../lib/gcc/arm-eabi/4.1.2/../../../../arm-eabi/lib\libc.a(lib_a-fclose.o)
 .glue_7        0x02027e54        0x0 c:/devkitpro2007/devkitarm/bin/../lib/gcc/arm-eabi/4.1.2/../../../../arm-eabi/lib\libc.a(lib_a-fflush.o)
 .glue_7        0x02027e54        0x0 c:/devkitpro2007/devkitarm/bin/../lib/gcc/arm-eabi/4.1.2/../../../../arm-eabi/lib\libc.a(lib_a-findfp.o)
 .glue_7        0x02027e54        0x0 c:/devkitpro2007/devkitarm/bin/../lib/gcc/arm-eabi/4.1.2/../../../../arm-eabi/lib\libc.a(lib_a-fopen.o)
 .glue_7        0x02027e54        0x0 c:/devkitpro2007/devkitarm/bin/../lib/gcc/arm-eabi/4.1.2/../../../../arm-eabi/lib\libc.a(lib_a-fread.o)
 .glue_7        0x02027e54        0x0 c:/devkitpro2007/devkitarm/bin/../lib/gcc/arm-eabi/4.1.2/../../../../arm-eabi/lib\libc.a(lib_a-freer.o)
 .glue_7        0x02027e54        0x0 c:/devkitpro2007/devkitarm/bin/../lib/gcc/arm-eabi/4.1.2/../../../../arm-eabi/lib\libc.a(lib_a-fseek.o)
 .glue_7        0x02027e54        0x0 c:/devkitpro2007/devkitarm/bin/../lib/gcc/arm-eabi/4.1.2/../../../../arm-eabi/lib\libc.a(lib_a-fwalk.o)
 .glue_7        0x02027e54        0x0 c:/devkitpro2007/devkitarm/bin/../lib/gcc/arm-eabi/4.1.2/../../../../arm-eabi/lib\libc.a(lib_a-fwrite.o)
 .glue_7        0x02027e54        0x0 c:/devkitpro2007/devkitarm/bin/../lib/gcc/arm-eabi/4.1.2/../../../../arm-eabi/lib\libc.a(lib_a-impure.o)
 .glue_7        0x02027e54        0x0 c:/devkitpro2007/devkitarm/bin/../lib/gcc/arm-eabi/4.1.2/../../../../arm-eabi/lib\libc.a(lib_a-init.o)
 .glue_7        0x02027e54        0x0 c:/devkitpro2007/devkitarm/bin/../lib/gcc/arm-eabi/4.1.2/../../../../arm-eabi/lib\libc.a(lib_a-iprintf.o)
 .glue_7        0x02027e54        0x0 c:/devkitpro2007/devkitarm/bin/../lib/gcc/arm-eabi/4.1.2/../../../../arm-eabi/lib\libc.a(lib_a-makebuf.o)
 .glue_7        0x02027e54        0x0 c:/devkitpro2007/devkitarm/bin/../lib/gcc/arm-eabi/4.1.2/../../../../arm-eabi/lib\libc.a(lib_a-malloc.o)
 .glue_7        0x02027e54        0x0 c:/devkitpro2007/devkitarm/bin/../lib/gcc/arm-eabi/4.1.2/../../../../arm-eabi/lib\libc.a(lib_a-mallocr.o)
 .glue_7        0x02027e54        0x0 c:/devkitpro2007/devkitarm/bin/../lib/gcc/arm-eabi/4.1.2/../../../../arm-eabi/lib\libc.a(lib_a-memcpy.o)
 .glue_7        0x02027e54        0x0 c:/devkitpro2007/devkitarm/bin/../lib/gcc/arm-eabi/4.1.2/../../../../arm-eabi/lib\libc.a(lib_a-memmove.o)
 .glue_7        0x02027e54        0x0 c:/devkitpro2007/devkitarm/bin/../lib/gcc/arm-eabi/4.1.2/../../../../arm-eabi/lib\libc.a(lib_a-memset.o)
 .glue_7        0x02027e54        0x0 c:/devkitpro2007/devkitarm/bin/../lib/gcc/arm-eabi/4.1.2/../../../../arm-eabi/lib\libc.a(lib_a-mlock.o)
 .glue_7        0x02027e54        0x0 c:/devkitpro2007/devkitarm/bin/../lib/gcc/arm-eabi/4.1.2/../../../../arm-eabi/lib\libc.a(lib_a-printf.o)
 .glue_7        0x02027e54        0x0 c:/devkitpro2007/devkitarm/bin/../lib/gcc/arm-eabi/4.1.2/../../../../arm-eabi/lib\libc.a(lib_a-refill.o)
 .glue_7        0x02027e54        0x0 c:/devkitpro2007/devkitarm/bin/../lib/gcc/arm-eabi/4.1.2/../../../../arm-eabi/lib\libc.a(lib_a-setvbuf.o)
 .glue_7        0x02027e54        0x0 c:/devkitpro2007/devkitarm/bin/../lib/gcc/arm-eabi/4.1.2/../../../../arm-eabi/lib\libc.a(lib_a-siscanf.o)
 .glue_7        0x02027e54        0x0 c:/devkitpro2007/devkitarm/bin/../lib/gcc/arm-eabi/4.1.2/../../../../arm-eabi/lib\libc.a(lib_a-sprintf.o)
 .glue_7        0x02027e54        0x0 c:/devkitpro2007/devkitarm/bin/../lib/gcc/arm-eabi/4.1.2/../../../../arm-eabi/lib\libc.a(lib_a-stdio.o)
 .glue_7        0x02027e54        0x0 c:/devkitpro2007/devkitarm/bin/../lib/gcc/arm-eabi/4.1.2/../../../../arm-eabi/lib\libc.a(lib_a-strcasecmp.o)
 .glue_7        0x02027e54        0x0 c:/devkitpro2007/devkitarm/bin/../lib/gcc/arm-eabi/4.1.2/../../../../arm-eabi/lib\libc.a(lib_a-strcat.o)
 .glue_7        0x02027e54        0x0 c:/devkitpro2007/devkitarm/bin/../lib/gcc/arm-eabi/4.1.2/../../../../arm-eabi/lib\libc.a(lib_a-strchr.o)
 .glue_7        0x02027e54        0x0 c:/devkitpro2007/devkitarm/bin/../lib/gcc/arm-eabi/4.1.2/../../../../arm-eabi/lib\libc.a(lib_a-strcmp.o)
 .glue_7        0x02027e54        0x0 c:/devkitpro2007/devkitarm/bin/../lib/gcc/arm-eabi/4.1.2/../../../../arm-eabi/lib\libc.a(lib_a-strcpy.o)
 .glue_7        0x02027e54        0x0 c:/devkitpro2007/devkitarm/bin/../lib/gcc/arm-eabi/4.1.2/../../../../arm-eabi/lib\libc.a(lib_a-strlen.o)
 .glue_7        0x02027e54        0x0 c:/devkitpro2007/devkitarm/bin/../lib/gcc/arm-eabi/4.1.2/../../../../arm-eabi/lib\libc.a(lib_a-strncasecmp.o)
 .glue_7        0x02027e54        0x0 c:/devkitpro2007/devkitarm/bin/../lib/gcc/arm-eabi/4.1.2/../../../../arm-eabi/lib\libc.a(lib_a-strncmp.o)
 .glue_7        0x02027e54        0x0 c:/devkitpro2007/devkitarm/bin/../lib/gcc/arm-eabi/4.1.2/../../../../arm-eabi/lib\libc.a(lib_a-strncpy.o)
 .glue_7        0x02027e54        0x0 c:/devkitpro2007/devkitarm/bin/../lib/gcc/arm-eabi/4.1.2/../../../../arm-eabi/lib\libc.a(lib_a-strnlen.o)
 .glue_7        0x02027e54        0x0 c:/devkitpro2007/devkitarm/bin/../lib/gcc/arm-eabi/4.1.2/../../../../arm-eabi/lib\libc.a(lib_a-strpbrk.o)
 .glue_7        0x02027e54        0x0 c:/devkitpro2007/devkitarm/bin/../lib/gcc/arm-eabi/4.1.2/../../../../arm-eabi/lib\libc.a(lib_a-strrchr.o)
 .glue_7        0x02027e54        0x0 c:/devkitpro2007/devkitarm/bin/../lib/gcc/arm-eabi/4.1.2/../../../../arm-eabi/lib\libc.a(lib_a-strstr.o)
 .glue_7        0x02027e54        0x0 c:/devkitpro2007/devkitarm/bin/../lib/gcc/arm-eabi/4.1.2/../../../../arm-eabi/lib\libc.a(lib_a-strupr.o)
 .glue_7        0x02027e54        0x0 c:/devkitpro2007/devkitarm/bin/../lib/gcc/arm-eabi/4.1.2/../../../../arm-eabi/lib\libc.a(lib_a-sysstat.o)
 .glue_7        0x02027e54        0x0 c:/devkitpro2007/devkitarm/bin/../lib/gcc/arm-eabi/4.1.2/../../../../arm-eabi/lib\libc.a(lib_a-toupper.o)
 .glue_7        0x02027e54        0x0 c:/devkitpro2007/devkitarm/bin/../lib/gcc/arm-eabi/4.1.2/../../../../arm-eabi/lib\libc.a(lib_a-vfiprintf.o)
 .glue_7        0x02027e54        0x0 c:/devkitpro2007/devkitarm/bin/../lib/gcc/arm-eabi/4.1.2/../../../../arm-eabi/lib\libc.a(lib_a-vfiscanf.o)
 .glue_7        0x02027e54        0x0 c:/devkitpro2007/devkitarm/bin/../lib/gcc/arm-eabi/4.1.2/../../../../arm-eabi/lib\libc.a(lib_a-vfprintf.o)
 .glue_7        0x02027e54        0x0 c:/devkitpro2007/devkitarm/bin/../lib/gcc/arm-eabi/4.1.2/../../../../arm-eabi/lib\libc.a(lib_a-vsnprintf.o)
 .glue_7        0x02027e54        0x0 c:/devkitpro2007/devkitarm/bin/../lib/gcc/arm-eabi/4.1.2/../../../../arm-eabi/lib\libc.a(lib_a-wcrtomb.o)
 .glue_7        0x02027e54        0x0 c:/devkitpro2007/devkitarm/bin/../lib/gcc/arm-eabi/4.1.2/../../../../arm-eabi/lib\libc.a(lib_a-wcsrtombs.o)
 .glue_7        0x02027e54        0x0 c:/devkitpro2007/devkitarm/bin/../lib/gcc/arm-eabi/4.1.2/../../../../arm-eabi/lib\libc.a(lib_a-wctomb_r.o)
 .glue_7        0x02027e54        0x0 c:/devkitpro2007/devkitarm/bin/../lib/gcc/arm-eabi/4.1.2/../../../../arm-eabi/lib\libc.a(lib_a-wsetup.o)
 .glue_7        0x02027e54        0x0 c:/devkitpro2007/devkitarm/bin/../lib/gcc/arm-eabi/4.1.2/../../../../arm-eabi/lib\libc.a(lib_a-dtoa.o)
 .glue_7        0x02027e54        0x0 c:/devkitpro2007/devkitarm/bin/../lib/gcc/arm-eabi/4.1.2/../../../../arm-eabi/lib\libc.a(lib_a-flags.o)
 .glue_7        0x02027e54        0x0 c:/devkitpro2007/devkitarm/bin/../lib/gcc/arm-eabi/4.1.2/../../../../arm-eabi/lib\libc.a(lib_a-fvwrite.o)
 .glue_7        0x02027e54        0x0 c:/devkitpro2007/devkitarm/bin/../lib/gcc/arm-eabi/4.1.2/../../../../arm-eabi/lib\libc.a(lib_a-iswspace.o)
 .glue_7        0x02027e54        0x0 c:/devkitpro2007/devkitarm/bin/../lib/gcc/arm-eabi/4.1.2/../../../../arm-eabi/lib\libc.a(lib_a-locale.o)
 .glue_7        0x02027e54        0x0 c:/devkitpro2007/devkitarm/bin/../lib/gcc/arm-eabi/4.1.2/../../../../arm-eabi/lib\libc.a(lib_a-mbrtowc.o)
 .glue_7        0x02027e54        0x0 c:/devkitpro2007/devkitarm/bin/../lib/gcc/arm-eabi/4.1.2/../../../../arm-eabi/lib\libc.a(lib_a-mbtowc_r.o)
 .glue_7        0x02027e54        0x0 c:/devkitpro2007/devkitarm/bin/../lib/gcc/arm-eabi/4.1.2/../../../../arm-eabi/lib\libc.a(lib_a-memchr.o)
 .glue_7        0x02027e54        0x0 c:/devkitpro2007/devkitarm/bin/../lib/gcc/arm-eabi/4.1.2/../../../../arm-eabi/lib\libc.a(lib_a-mprec.o)
 .glue_7        0x02027e54        0x0 c:/devkitpro2007/devkitarm/bin/../lib/gcc/arm-eabi/4.1.2/../../../../arm-eabi/lib\libc.a(lib_a-reallocr.o)
 .glue_7        0x02027e54        0x0 c:/devkitpro2007/devkitarm/bin/../lib/gcc/arm-eabi/4.1.2/../../../../arm-eabi/lib\libc.a(lib_a-s_isinfd.o)
 .glue_7        0x02027e54        0x0 c:/devkitpro2007/devkitarm/bin/../lib/gcc/arm-eabi/4.1.2/../../../../arm-eabi/lib\libc.a(lib_a-s_isnand.o)
 .glue_7        0x02027e54        0x0 c:/devkitpro2007/devkitarm/bin/../lib/gcc/arm-eabi/4.1.2/../../../../arm-eabi/lib\libc.a(lib_a-sccl.o)
 .glue_7        0x02027e54        0x0 c:/devkitpro2007/devkitarm/bin/../lib/gcc/arm-eabi/4.1.2/../../../../arm-eabi/lib\libc.a(lib_a-strtol.o)
 .glue_7        0x02027e54        0x0 c:/devkitpro2007/devkitarm/bin/../lib/gcc/arm-eabi/4.1.2/../../../../arm-eabi/lib\libc.a(lib_a-strtoul.o)
 .glue_7        0x02027e54        0x0 c:/devkitpro2007/devkitarm/bin/../lib/gcc/arm-eabi/4.1.2/../../../../arm-eabi/lib\libc.a(lib_a-ungetc.o)
 .glue_7        0x02027e54        0x0 c:/devkitpro2007/devkitarm/bin/../lib/gcc/arm-eabi/4.1.2/../../../../arm-eabi/lib\libc.a(lib_a-callocr.o)
 .glue_7        0x02027e54        0x0 c:/devkitpro2007/devkitarm/bin/../lib/gcc/arm-eabi/4.1.2\libgcc.a(_addsubdf3.o)
 .glue_7        0x02027e54        0x0 c:/devkitpro2007/devkitarm/bin/../lib/gcc/arm-eabi/4.1.2\libgcc.a(_muldivdf3.o)
 .glue_7        0x02027e54        0x0 c:/devkitpro2007/devkitarm/bin/../lib/gcc/arm-eabi/4.1.2\libgcc.a(_cmpdf2.o)
 .glue_7        0x02027e54        0x0 c:/devkitpro2007/devkitarm/bin/../lib/gcc/arm-eabi/4.1.2\libgcc.a(_fixdfsi.o)
 .glue_7        0x02027e54        0x0 c:/devkitpro2007/devkitarm/bin/../lib/gcc/arm-eabi/4.1.2/../../../../arm-eabi/lib\libsysbase.a(iosupport.o)
 .glue_7        0x02027e54        0x0 c:/devkitpro2007/devkitarm/bin/../lib/gcc/arm-eabi/4.1.2/../../../../arm-eabi/lib\libsysbase.a(close.o)
 .glue_7        0x02027e54        0x0 c:/devkitpro2007/devkitarm/bin/../lib/gcc/arm-eabi/4.1.2/../../../../arm-eabi/lib\libsysbase.a(fstat.o)
 .glue_7        0x02027e54        0x0 c:/devkitpro2007/devkitarm/bin/../lib/gcc/arm-eabi/4.1.2/../../../../arm-eabi/lib\libsysbase.a(isatty.o)
 .glue_7        0x02027e54        0x0 c:/devkitpro2007/devkitarm/bin/../lib/gcc/arm-eabi/4.1.2/../../../../arm-eabi/lib\libsysbase.a(lseek.o)
 .glue_7        0x02027e54        0x0 c:/devkitpro2007/devkitarm/bin/../lib/gcc/arm-eabi/4.1.2/../../../../arm-eabi/lib\libsysbase.a(open.o)
 .glue_7        0x02027e54        0x0 c:/devkitpro2007/devkitarm/bin/../lib/gcc/arm-eabi/4.1.2/../../../../arm-eabi/lib\libsysbase.a(read.o)
 .glue_7        0x02027e54        0x0 c:/devkitpro2007/devkitarm/bin/../lib/gcc/arm-eabi/4.1.2/../../../../arm-eabi/lib\libsysbase.a(sbrk.o)
 .glue_7        0x02027e54        0x0 c:/devkitpro2007/devkitarm/bin/../lib/gcc/arm-eabi/4.1.2/../../../../arm-eabi/lib\libsysbase.a(stat.o)
 .glue_7        0x02027e54        0x0 c:/devkitpro2007/devkitarm/bin/../lib/gcc/arm-eabi/4.1.2/../../../../arm-eabi/lib\libsysbase.a(times.o)
 .glue_7        0x02027e54        0x0 c:/devkitpro2007/devkitarm/bin/../lib/gcc/arm-eabi/4.1.2/../../../../arm-eabi/lib\libsysbase.a(write.o)
 .glue_7        0x02027e54        0x0 c:/devkitpro2007/devkitarm/bin/../lib/gcc/arm-eabi/4.1.2/../../../../arm-eabi/lib\libsysbase.a(malloc_vars.o)
 .glue_7        0x02027e54        0x0 c:/devkitpro2007/devkitarm/bin/../lib/gcc/arm-eabi/4.1.2/../../../../arm-eabi/lib\libsysbase.a(chdir.o)
 .glue_7        0x02027e54        0x0 c:/devkitpro2007/devkitarm/bin/../lib/gcc/arm-eabi/4.1.2/../../../../arm-eabi/lib\libsysbase.a(dir.o)
 .glue_7        0x02027e54        0x0 c:/devkitpro2007/devkitarm/bin/../lib/gcc/arm-eabi/4.1.2/../../../../arm-eabi/lib\libsysbase.a(build_argv.o)
 .glue_7        0x02027e54        0x0 c:/devkitpro2007/devkitarm/bin/../lib/gcc/arm-eabi/4.1.2/../../../../arm-eabi/lib\libc.a(lib_a-errno.o)
 .glue_7        0x02027e54       0xc0 c:/devkitpro2007/devkitarm/bin/../lib/gcc/arm-eabi/4.1.2/crtend.o
                0x02027e84                __keysHeld_from_arm
                0x02027ed8                __vramSetBankF_from_arm
                0x02027e78                __scanKeys_from_arm
                0x02027e90                __keysDown_from_arm
                0x02027eb4                __vramSetBankC_from_arm
                0x02027f08                __consoleInitDefault_from_arm
                0x02027ecc                __vramSetBankE_from_arm
                0x02027e60                __consoleClear_from_arm
                0x02027ea8                __vramSetBankB_from_arm
                0x02027efc                __vramSetBankI_from_arm
                0x02027e9c                __vramSetBankA_from_arm
                0x02027ee4                __vramSetBankG_from_arm
                0x02027ef0                __vramSetBankH_from_arm
                0x02027ec0                __vramSetBankD_from_arm
                0x02027e6c                __swiWaitForVBlank_from_arm
                0x02027e54                __fatInitDefault_from_arm
 .glue_7        0x02027f14        0x0 c:/devkitpro2007/devkitarm/bin/../lib/gcc/arm-eabi/4.1.2/crtn.o
 *(.glue_7t)
 .glue_7t       0x02027f14        0x0 c:/devkitpro2007/devkitarm/bin/../lib/gcc/arm-eabi/4.1.2/../../../../arm-eabi/lib/ds_arm9_crt0.o
 .glue_7t       0x02027f14        0x0 c:/devkitpro2007/devkitarm/bin/../lib/gcc/arm-eabi/4.1.2/crti.o
 .glue_7t       0x02027f14        0x0 c:/devkitpro2007/devkitarm/bin/../lib/gcc/arm-eabi/4.1.2/crtbegin.o
 .glue_7t       0x02027f14        0x0 ./SNES_global.o
 .glue_7t       0x02027f14        0x0 ./apu.o
 .glue_7t       0x02027f14        0x0 ./core.o
 .glue_7t       0x02027f14        0x0 ./engine.o
 .glue_7t       0x02027f14        0x0 ./fs.o
 .glue_7t       0x02027f14        0x0 ./gui.o
 .glue_7t       0x02027f14        0x0 ./intr.o
 .glue_7t       0x02027f14        0x0 ./main.o
 .glue_7t       0x02027f14        0x0 ./memmap.o
 .glue_7t       0x02027f14        0x0 ./opcodes.o
 .glue_7t       0x02027f14        0x0 ./opcodes2.o
 .glue_7t       0x02027f14        0x0 ./ppu.o
 .glue_7t       0x02027f14        0x0 ./snapshot.o
 .glue_7t       0x02027f14        0x0 ./snes.o
 .glue_7t       0x02027f14        0x0 ./touch.o
 .glue_7t       0x02027f14        0x0 c:/devkitPro2007/libnds/lib\libfat.a(libfat.o)
 .glue_7t       0x02027f14        0x0 c:/devkitPro2007/libnds/lib\libfat.a(partition.o)
 .glue_7t       0x02027f14        0x0 c:/devkitPro2007/libnds/lib\libfat.a(disc.o)
 .glue_7t       0x02027f14        0x0 c:/devkitPro2007/libnds/lib\libfat.a(io_m3cf.o)
 .glue_7t       0x02027f14        0x0 c:/devkitPro2007/libnds/lib\libfat.a(io_m3sd.o)
 .glue_7t       0x02027f14        0x0 c:/devkitPro2007/libnds/lib\libfat.a(io_mpcf.o)
 .glue_7t       0x02027f14        0x0 c:/devkitPro2007/libnds/lib\libfat.a(io_njsd.o)
 .glue_7t       0x02027f14        0x0 c:/devkitPro2007/libnds/lib\libfat.a(io_nmmc.o)
 .glue_7t       0x02027f14        0x0 c:/devkitPro2007/libnds/lib\libfat.a(io_sccf.o)
 .glue_7t       0x02027f14        0x0 c:/devkitPro2007/libnds/lib\libfat.a(io_scsd.o)
 .glue_7t       0x02027f14        0x0 c:/devkitPro2007/libnds/lib\libfat.a(io_sd_common.o)
 .glue_7t       0x02027f14        0x0 c:/devkitPro2007/libnds/lib\libfat.a(io_dldi.o)
 .glue_7t       0x02027f14        0x0 c:/devkitPro2007/libnds/lib\libfat.a(io_scsd_s.o)
 .glue_7t       0x02027f14        0x0 c:/devkitPro2007/libnds/lib\libfat.a(cache.o)
 .glue_7t       0x02027f14        0x0 c:/devkitPro2007/libnds/lib\libfat.a(fatdir.o)
 .glue_7t       0x02027f14        0x0 c:/devkitPro2007/libnds/lib\libfat.a(fatfile.o)
 .glue_7t       0x02027f14        0x0 c:/devkitPro2007/libnds/lib\libfat.a(file_allocation_table.o)
 .glue_7t       0x02027f14        0x0 c:/devkitPro2007/libnds/lib\libfat.a(filetime.o)
 .glue_7t       0x02027f14        0x0 c:/devkitPro2007/libnds/lib\libfat.a(io_cf_common.o)
 .glue_7t       0x02027f14        0x0 c:/devkitPro2007/libnds/lib\libfat.a(io_m3_common.o)
 .glue_7t       0x02027f14        0x0 c:/devkitPro2007/libnds/lib\libfat.a(io_sc_common.o)
 .glue_7t       0x02027f14        0x0 c:/devkitPro2007/libnds/lib\libfat.a(directory.o)
 .glue_7t       0x02027f14        0x0 c:/devkitPro2007/libnds/lib\libnds9.a(console.o)
 .glue_7t       0x02027f14        0x0 c:/devkitPro2007/libnds/lib\libnds9.a(initSystem.o)
 .glue_7t       0x02027f14        0x0 c:/devkitPro2007/libnds/lib\libnds9.a(keys.o)
 .glue_7t       0x02027f14        0x0 c:/devkitPro2007/libnds/lib\libnds9.a(video.o)
 .glue_7t       0x02027f14        0x0 c:/devkitPro2007/libnds/lib\libnds9.a(card.o)
 .glue_7t       0x02027f14        0x0 c:/devkitPro2007/libnds/lib\libnds9.a(interrupts.o)
 .glue_7t       0x02027f14        0x0 c:/devkitPro2007/libnds/lib\libnds9.a(biosCalls.o)
 .glue_7t       0x02027f14        0x0 c:/devkitPro2007/libnds/lib\libnds9.a(interruptDispatcher.o)
 .glue_7t       0x02027f14        0x0 c:/devkitPro2007/libnds/lib\libnds9.a(default_font.o)
 .glue_7t       0x02027f14        0x0 c:/devkitpro2007/devkitarm/bin/../lib/gcc/arm-eabi/4.1.2\libgcc.a(_udivsi3.o)
 .glue_7t       0x02027f14        0x0 c:/devkitpro2007/devkitarm/bin/../lib/gcc/arm-eabi/4.1.2\libgcc.a(_divsi3.o)
 .glue_7t       0x02027f14        0x0 c:/devkitpro2007/devkitarm/bin/../lib/gcc/arm-eabi/4.1.2\libgcc.a(_dvmd_tls.o)
 .glue_7t       0x02027f14        0x0 c:/devkitpro2007/devkitarm/bin/../lib/gcc/arm-eabi/4.1.2/../../../../arm-eabi/lib\libc.a(lib_a-ctype_.o)
 .glue_7t       0x02027f14        0x0 c:/devkitpro2007/devkitarm/bin/../lib/gcc/arm-eabi/4.1.2/../../../../arm-eabi/lib\libc.a(lib_a-fclose.o)
 .glue_7t       0x02027f14        0x0 c:/devkitpro2007/devkitarm/bin/../lib/gcc/arm-eabi/4.1.2/../../../../arm-eabi/lib\libc.a(lib_a-fflush.o)
 .glue_7t       0x02027f14        0x0 c:/devkitpro2007/devkitarm/bin/../lib/gcc/arm-eabi/4.1.2/../../../../arm-eabi/lib\libc.a(lib_a-findfp.o)
 .glue_7t       0x02027f14        0x0 c:/devkitpro2007/devkitarm/bin/../lib/gcc/arm-eabi/4.1.2/../../../../arm-eabi/lib\libc.a(lib_a-fopen.o)
 .glue_7t       0x02027f14        0x0 c:/devkitpro2007/devkitarm/bin/../lib/gcc/arm-eabi/4.1.2/../../../../arm-eabi/lib\libc.a(lib_a-fread.o)
 .glue_7t       0x02027f14        0x0 c:/devkitpro2007/devkitarm/bin/../lib/gcc/arm-eabi/4.1.2/../../../../arm-eabi/lib\libc.a(lib_a-freer.o)
 .glue_7t       0x02027f14        0x0 c:/devkitpro2007/devkitarm/bin/../lib/gcc/arm-eabi/4.1.2/../../../../arm-eabi/lib\libc.a(lib_a-fseek.o)
 .glue_7t       0x02027f14        0x0 c:/devkitpro2007/devkitarm/bin/../lib/gcc/arm-eabi/4.1.2/../../../../arm-eabi/lib\libc.a(lib_a-fwalk.o)
 .glue_7t       0x02027f14        0x0 c:/devkitpro2007/devkitarm/bin/../lib/gcc/arm-eabi/4.1.2/../../../../arm-eabi/lib\libc.a(lib_a-fwrite.o)
 .glue_7t       0x02027f14        0x0 c:/devkitpro2007/devkitarm/bin/../lib/gcc/arm-eabi/4.1.2/../../../../arm-eabi/lib\libc.a(lib_a-impure.o)
 .glue_7t       0x02027f14        0x0 c:/devkitpro2007/devkitarm/bin/../lib/gcc/arm-eabi/4.1.2/../../../../arm-eabi/lib\libc.a(lib_a-init.o)
 .glue_7t       0x02027f14        0x0 c:/devkitpro2007/devkitarm/bin/../lib/gcc/arm-eabi/4.1.2/../../../../arm-eabi/lib\libc.a(lib_a-iprintf.o)
 .glue_7t       0x02027f14        0x0 c:/devkitpro2007/devkitarm/bin/../lib/gcc/arm-eabi/4.1.2/../../../../arm-eabi/lib\libc.a(lib_a-makebuf.o)
 .glue_7t       0x02027f14        0x0 c:/devkitpro2007/devkitarm/bin/../lib/gcc/arm-eabi/4.1.2/../../../../arm-eabi/lib\libc.a(lib_a-malloc.o)
 .glue_7t       0x02027f14        0x0 c:/devkitpro2007/devkitarm/bin/../lib/gcc/arm-eabi/4.1.2/../../../../arm-eabi/lib\libc.a(lib_a-mallocr.o)
 .glue_7t       0x02027f14        0x0 c:/devkitpro2007/devkitarm/bin/../lib/gcc/arm-eabi/4.1.2/../../../../arm-eabi/lib\libc.a(lib_a-memcpy.o)
 .glue_7t       0x02027f14        0x0 c:/devkitpro2007/devkitarm/bin/../lib/gcc/arm-eabi/4.1.2/../../../../arm-eabi/lib\libc.a(lib_a-memmove.o)
 .glue_7t       0x02027f14        0x0 c:/devkitpro2007/devkitarm/bin/../lib/gcc/arm-eabi/4.1.2/../../../../arm-eabi/lib\libc.a(lib_a-memset.o)
 .glue_7t       0x02027f14        0x0 c:/devkitpro2007/devkitarm/bin/../lib/gcc/arm-eabi/4.1.2/../../../../arm-eabi/lib\libc.a(lib_a-mlock.o)
 .glue_7t       0x02027f14        0x0 c:/devkitpro2007/devkitarm/bin/../lib/gcc/arm-eabi/4.1.2/../../../../arm-eabi/lib\libc.a(lib_a-printf.o)
 .glue_7t       0x02027f14        0x0 c:/devkitpro2007/devkitarm/bin/../lib/gcc/arm-eabi/4.1.2/../../../../arm-eabi/lib\libc.a(lib_a-refill.o)
 .glue_7t       0x02027f14        0x0 c:/devkitpro2007/devkitarm/bin/../lib/gcc/arm-eabi/4.1.2/../../../../arm-eabi/lib\libc.a(lib_a-setvbuf.o)
 .glue_7t       0x02027f14        0x0 c:/devkitpro2007/devkitarm/bin/../lib/gcc/arm-eabi/4.1.2/../../../../arm-eabi/lib\libc.a(lib_a-siscanf.o)
 .glue_7t       0x02027f14        0x0 c:/devkitpro2007/devkitarm/bin/../lib/gcc/arm-eabi/4.1.2/../../../../arm-eabi/lib\libc.a(lib_a-sprintf.o)
 .glue_7t       0x02027f14        0x0 c:/devkitpro2007/devkitarm/bin/../lib/gcc/arm-eabi/4.1.2/../../../../arm-eabi/lib\libc.a(lib_a-stdio.o)
 .glue_7t       0x02027f14        0x0 c:/devkitpro2007/devkitarm/bin/../lib/gcc/arm-eabi/4.1.2/../../../../arm-eabi/lib\libc.a(lib_a-strcasecmp.o)
 .glue_7t       0x02027f14        0x0 c:/devkitpro2007/devkitarm/bin/../lib/gcc/arm-eabi/4.1.2/../../../../arm-eabi/lib\libc.a(lib_a-strcat.o)
 .glue_7t       0x02027f14        0x0 c:/devkitpro2007/devkitarm/bin/../lib/gcc/arm-eabi/4.1.2/../../../../arm-eabi/lib\libc.a(lib_a-strchr.o)
 .glue_7t       0x02027f14        0x0 c:/devkitpro2007/devkitarm/bin/../lib/gcc/arm-eabi/4.1.2/../../../../arm-eabi/lib\libc.a(lib_a-strcmp.o)
 .glue_7t       0x02027f14        0x0 c:/devkitpro2007/devkitarm/bin/../lib/gcc/arm-eabi/4.1.2/../../../../arm-eabi/lib\libc.a(lib_a-strcpy.o)
 .glue_7t       0x02027f14        0x0 c:/devkitpro2007/devkitarm/bin/../lib/gcc/arm-eabi/4.1.2/../../../../arm-eabi/lib\libc.a(lib_a-strlen.o)
 .glue_7t       0x02027f14        0x0 c:/devkitpro2007/devkitarm/bin/../lib/gcc/arm-eabi/4.1.2/../../../../arm-eabi/lib\libc.a(lib_a-strncasecmp.o)
 .glue_7t       0x02027f14        0x0 c:/devkitpro2007/devkitarm/bin/../lib/gcc/arm-eabi/4.1.2/../../../../arm-eabi/lib\libc.a(lib_a-strncmp.o)
 .glue_7t       0x02027f14        0x0 c:/devkitpro2007/devkitarm/bin/../lib/gcc/arm-eabi/4.1.2/../../../../arm-eabi/lib\libc.a(lib_a-strncpy.o)
 .glue_7t       0x02027f14        0x0 c:/devkitpro2007/devkitarm/bin/../lib/gcc/arm-eabi/4.1.2/../../../../arm-eabi/lib\libc.a(lib_a-strnlen.o)
 .glue_7t       0x02027f14        0x0 c:/devkitpro2007/devkitarm/bin/../lib/gcc/arm-eabi/4.1.2/../../../../arm-eabi/lib\libc.a(lib_a-strpbrk.o)
 .glue_7t       0x02027f14        0x0 c:/devkitpro2007/devkitarm/bin/../lib/gcc/arm-eabi/4.1.2/../../../../arm-eabi/lib\libc.a(lib_a-strrchr.o)
 .glue_7t       0x02027f14        0x0 c:/devkitpro2007/devkitarm/bin/../lib/gcc/arm-eabi/4.1.2/../../../../arm-eabi/lib\libc.a(lib_a-strstr.o)
 .glue_7t       0x02027f14        0x0 c:/devkitpro2007/devkitarm/bin/../lib/gcc/arm-eabi/4.1.2/../../../../arm-eabi/lib\libc.a(lib_a-strupr.o)
 .glue_7t       0x02027f14        0x0 c:/devkitpro2007/devkitarm/bin/../lib/gcc/arm-eabi/4.1.2/../../../../arm-eabi/lib\libc.a(lib_a-sysstat.o)
 .glue_7t       0x02027f14        0x0 c:/devkitpro2007/devkitarm/bin/../lib/gcc/arm-eabi/4.1.2/../../../../arm-eabi/lib\libc.a(lib_a-toupper.o)
 .glue_7t       0x02027f14        0x0 c:/devkitpro2007/devkitarm/bin/../lib/gcc/arm-eabi/4.1.2/../../../../arm-eabi/lib\libc.a(lib_a-vfiprintf.o)
 .glue_7t       0x02027f14        0x0 c:/devkitpro2007/devkitarm/bin/../lib/gcc/arm-eabi/4.1.2/../../../../arm-eabi/lib\libc.a(lib_a-vfiscanf.o)
 .glue_7t       0x02027f14        0x0 c:/devkitpro2007/devkitarm/bin/../lib/gcc/arm-eabi/4.1.2/../../../../arm-eabi/lib\libc.a(lib_a-vfprintf.o)
 .glue_7t       0x02027f14        0x0 c:/devkitpro2007/devkitarm/bin/../lib/gcc/arm-eabi/4.1.2/../../../../arm-eabi/lib\libc.a(lib_a-vsnprintf.o)
 .glue_7t       0x02027f14        0x0 c:/devkitpro2007/devkitarm/bin/../lib/gcc/arm-eabi/4.1.2/../../../../arm-eabi/lib\libc.a(lib_a-wcrtomb.o)
 .glue_7t       0x02027f14        0x0 c:/devkitpro2007/devkitarm/bin/../lib/gcc/arm-eabi/4.1.2/../../../../arm-eabi/lib\libc.a(lib_a-wcsrtombs.o)
 .glue_7t       0x02027f14        0x0 c:/devkitpro2007/devkitarm/bin/../lib/gcc/arm-eabi/4.1.2/../../../../arm-eabi/lib\libc.a(lib_a-wctomb_r.o)
 .glue_7t       0x02027f14        0x0 c:/devkitpro2007/devkitarm/bin/../lib/gcc/arm-eabi/4.1.2/../../../../arm-eabi/lib\libc.a(lib_a-wsetup.o)
 .glue_7t       0x02027f14        0x0 c:/devkitpro2007/devkitarm/bin/../lib/gcc/arm-eabi/4.1.2/../../../../arm-eabi/lib\libc.a(lib_a-dtoa.o)
 .glue_7t       0x02027f14        0x0 c:/devkitpro2007/devkitarm/bin/../lib/gcc/arm-eabi/4.1.2/../../../../arm-eabi/lib\libc.a(lib_a-flags.o)
 .glue_7t       0x02027f14        0x0 c:/devkitpro2007/devkitarm/bin/../lib/gcc/arm-eabi/4.1.2/../../../../arm-eabi/lib\libc.a(lib_a-fvwrite.o)
 .glue_7t       0x02027f14        0x0 c:/devkitpro2007/devkitarm/bin/../lib/gcc/arm-eabi/4.1.2/../../../../arm-eabi/lib\libc.a(lib_a-iswspace.o)
 .glue_7t       0x02027f14        0x0 c:/devkitpro2007/devkitarm/bin/../lib/gcc/arm-eabi/4.1.2/../../../../arm-eabi/lib\libc.a(lib_a-locale.o)
 .glue_7t       0x02027f14        0x0 c:/devkitpro2007/devkitarm/bin/../lib/gcc/arm-eabi/4.1.2/../../../../arm-eabi/lib\libc.a(lib_a-mbrtowc.o)
 .glue_7t       0x02027f14        0x0 c:/devkitpro2007/devkitarm/bin/../lib/gcc/arm-eabi/4.1.2/../../../../arm-eabi/lib\libc.a(lib_a-mbtowc_r.o)
 .glue_7t       0x02027f14        0x0 c:/devkitpro2007/devkitarm/bin/../lib/gcc/arm-eabi/4.1.2/../../../../arm-eabi/lib\libc.a(lib_a-memchr.o)
 .glue_7t       0x02027f14        0x0 c:/devkitpro2007/devkitarm/bin/../lib/gcc/arm-eabi/4.1.2/../../../../arm-eabi/lib\libc.a(lib_a-mprec.o)
 .glue_7t       0x02027f14        0x0 c:/devkitpro2007/devkitarm/bin/../lib/gcc/arm-eabi/4.1.2/../../../../arm-eabi/lib\libc.a(lib_a-reallocr.o)
 .glue_7t       0x02027f14        0x0 c:/devkitpro2007/devkitarm/bin/../lib/gcc/arm-eabi/4.1.2/../../../../arm-eabi/lib\libc.a(lib_a-s_isinfd.o)
 .glue_7t       0x02027f14        0x0 c:/devkitpro2007/devkitarm/bin/../lib/gcc/arm-eabi/4.1.2/../../../../arm-eabi/lib\libc.a(lib_a-s_isnand.o)
 .glue_7t       0x02027f14        0x0 c:/devkitpro2007/devkitarm/bin/../lib/gcc/arm-eabi/4.1.2/../../../../arm-eabi/lib\libc.a(lib_a-sccl.o)
 .glue_7t       0x02027f14        0x0 c:/devkitpro2007/devkitarm/bin/../lib/gcc/arm-eabi/4.1.2/../../../../arm-eabi/lib\libc.a(lib_a-strtol.o)
 .glue_7t       0x02027f14        0x0 c:/devkitpro2007/devkitarm/bin/../lib/gcc/arm-eabi/4.1.2/../../../../arm-eabi/lib\libc.a(lib_a-strtoul.o)
 .glue_7t       0x02027f14        0x0 c:/devkitpro2007/devkitarm/bin/../lib/gcc/arm-eabi/4.1.2/../../../../arm-eabi/lib\libc.a(lib_a-ungetc.o)
 .glue_7t       0x02027f14        0x0 c:/devkitpro2007/devkitarm/bin/../lib/gcc/arm-eabi/4.1.2/../../../../arm-eabi/lib\libc.a(lib_a-callocr.o)
 .glue_7t       0x02027f14        0x0 c:/devkitpro2007/devkitarm/bin/../lib/gcc/arm-eabi/4.1.2\libgcc.a(_addsubdf3.o)
 .glue_7t       0x02027f14        0x0 c:/devkitpro2007/devkitarm/bin/../lib/gcc/arm-eabi/4.1.2\libgcc.a(_muldivdf3.o)
 .glue_7t       0x02027f14        0x0 c:/devkitpro2007/devkitarm/bin/../lib/gcc/arm-eabi/4.1.2\libgcc.a(_cmpdf2.o)
 .glue_7t       0x02027f14        0x0 c:/devkitpro2007/devkitarm/bin/../lib/gcc/arm-eabi/4.1.2\libgcc.a(_fixdfsi.o)
 .glue_7t       0x02027f14        0x0 c:/devkitpro2007/devkitarm/bin/../lib/gcc/arm-eabi/4.1.2/../../../../arm-eabi/lib\libsysbase.a(iosupport.o)
 .glue_7t       0x02027f14        0x0 c:/devkitpro2007/devkitarm/bin/../lib/gcc/arm-eabi/4.1.2/../../../../arm-eabi/lib\libsysbase.a(close.o)
 .glue_7t       0x02027f14        0x0 c:/devkitpro2007/devkitarm/bin/../lib/gcc/arm-eabi/4.1.2/../../../../arm-eabi/lib\libsysbase.a(fstat.o)
 .glue_7t       0x02027f14        0x0 c:/devkitpro2007/devkitarm/bin/../lib/gcc/arm-eabi/4.1.2/../../../../arm-eabi/lib\libsysbase.a(isatty.o)
 .glue_7t       0x02027f14        0x0 c:/devkitpro2007/devkitarm/bin/../lib/gcc/arm-eabi/4.1.2/../../../../arm-eabi/lib\libsysbase.a(lseek.o)
 .glue_7t       0x02027f14        0x0 c:/devkitpro2007/devkitarm/bin/../lib/gcc/arm-eabi/4.1.2/../../../../arm-eabi/lib\libsysbase.a(open.o)
 .glue_7t       0x02027f14        0x0 c:/devkitpro2007/devkitarm/bin/../lib/gcc/arm-eabi/4.1.2/../../../../arm-eabi/lib\libsysbase.a(read.o)
 .glue_7t       0x02027f14        0x0 c:/devkitpro2007/devkitarm/bin/../lib/gcc/arm-eabi/4.1.2/../../../../arm-eabi/lib\libsysbase.a(sbrk.o)
 .glue_7t       0x02027f14        0x0 c:/devkitpro2007/devkitarm/bin/../lib/gcc/arm-eabi/4.1.2/../../../../arm-eabi/lib\libsysbase.a(stat.o)
 .glue_7t       0x02027f14        0x0 c:/devkitpro2007/devkitarm/bin/../lib/gcc/arm-eabi/4.1.2/../../../../arm-eabi/lib\libsysbase.a(times.o)
 .glue_7t       0x02027f14        0x0 c:/devkitpro2007/devkitarm/bin/../lib/gcc/arm-eabi/4.1.2/../../../../arm-eabi/lib\libsysbase.a(write.o)
 .glue_7t       0x02027f14        0x0 c:/devkitpro2007/devkitarm/bin/../lib/gcc/arm-eabi/4.1.2/../../../../arm-eabi/lib\libsysbase.a(malloc_vars.o)
 .glue_7t       0x02027f14        0x0 c:/devkitpro2007/devkitarm/bin/../lib/gcc/arm-eabi/4.1.2/../../../../arm-eabi/lib\libsysbase.a(chdir.o)
 .glue_7t       0x02027f14        0x0 c:/devkitpro2007/devkitarm/bin/../lib/gcc/arm-eabi/4.1.2/../../../../arm-eabi/lib\libsysbase.a(dir.o)
 .glue_7t       0x02027f14        0x0 c:/devkitpro2007/devkitarm/bin/../lib/gcc/arm-eabi/4.1.2/../../../../arm-eabi/lib\libsysbase.a(build_argv.o)
 .glue_7t       0x02027f14        0x0 c:/devkitpro2007/devkitarm/bin/../lib/gcc/arm-eabi/4.1.2/../../../../arm-eabi/lib\libc.a(lib_a-errno.o)
 .glue_7t       0x02027f14       0xc8 c:/devkitpro2007/devkitarm/bin/../lib/gcc/arm-eabi/4.1.2/crtend.o
                0x02027f44                __memset_from_thumb
                0x02027f98                __strncasecmp_change_to_arm
                0x02027f74                __strrchr_from_thumb
                0x02027f58                ____aeabi_uidiv_change_to_arm
                0x02027f48                __memset_change_to_arm
                0x02027fbc                ____aeabi_idivmod_from_thumb
                0x02027f64                ___SCSD_writeData_s_from_thumb
                0x02027f6c                __strncpy_from_thumb
                0x02027f50                __malloc_change_to_arm
                0x02027f28                __strlen_change_to_arm
                0x02027fb4                ____aeabi_idiv_from_thumb
                0x02027f30                __strchr_change_to_arm
                0x02027f5c                __memcpy_from_thumb
                0x02027f54                ____aeabi_uidiv_from_thumb
                0x02027f20                __chdir_change_to_arm
                0x02027fb0                __strupr_change_to_arm
                0x02027f38                __strncmp_change_to_arm
                0x02027f94                __strncasecmp_from_thumb
                0x02027fac                __strupr_from_thumb
                0x02027f90                __strcasecmp_change_to_arm
                0x02027f7c                ____aeabi_uidivmod_from_thumb
                0x02027fc8                __iprintf_change_to_arm
                0x02027fa8                __memmove_change_to_arm
                0x02027f2c                __strchr_from_thumb
                0x02027fd8                __siscanf_change_to_arm
                0x02027f88                __strnlen_change_to_arm
                0x02027f14                __AddDevice_from_thumb
                0x02027fc4                __iprintf_from_thumb
                0x02027fa4                __memmove_from_thumb
                0x02027f1c                __chdir_from_thumb
                0x02027f78                __strrchr_change_to_arm
                0x02027f9c                __strpbrk_from_thumb
                0x02027f80                ____aeabi_uidivmod_change_to_arm
                0x02027f18                __AddDevice_change_to_arm
                0x02027f8c                __strcasecmp_from_thumb
                0x02027f84                __strnlen_from_thumb
                0x02027fd4                __siscanf_from_thumb
                0x02027f68                ___SCSD_writeData_s_change_to_arm
                0x02027fd0                __setvbuf_change_to_arm
                0x02027f40                __free_change_to_arm
                0x02027f24                __strlen_from_thumb
                0x02027f4c                __malloc_from_thumb
                0x02027fc0                ____aeabi_idivmod_change_to_arm
                0x02027f60                __memcpy_change_to_arm
                0x02027fa0                __strpbrk_change_to_arm
                0x02027fcc                __setvbuf_from_thumb
                0x02027f70                __strncpy_change_to_arm
                0x02027f34                __strncmp_from_thumb
                0x02027fb8                ____aeabi_idiv_change_to_arm
                0x02027f3c                __free_from_thumb
 .glue_7t       0x02027fdc        0x0 c:/devkitpro2007/devkitarm/bin/../lib/gcc/arm-eabi/4.1.2/crtn.o
                0x02027fdc                . = ALIGN (0x4)

.fini           0x02027fdc       0x18
 *(.fini)
 .fini          0x02027fdc        0xc c:/devkitpro2007/devkitarm/bin/../lib/gcc/arm-eabi/4.1.2/crti.o
                0x02027fdc                _fini
 .fini          0x02027fe8        0xc c:/devkitpro2007/devkitarm/bin/../lib/gcc/arm-eabi/4.1.2/crtn.o
                0x02027ff4                __text_end = .

.rodata         0x02027ff8     0x38ec
 *(.rodata)
 .rodata        0x02027ff8        0xc ./main.o
 .rodata        0x02028004        0xc ./snes.o
 .rodata        0x02028010       0x4c c:/devkitPro2007/libnds/lib\libfat.a(libfat.o)
                0x02028010                dotab_fat
 .rodata        0x0202805c       0x44 c:/devkitPro2007/libnds/lib\libfat.a(io_m3cf.o)
                0x0202805c                _io_m3cf
 .rodata        0x020280a0       0x20 c:/devkitPro2007/libnds/lib\libfat.a(io_m3sd.o)
                0x020280a0                _io_m3sd
 .rodata        0x020280c0       0x44 c:/devkitPro2007/libnds/lib\libfat.a(io_mpcf.o)
                0x020280c0                _io_mpcf
 .rodata        0x02028104       0x30 c:/devkitPro2007/libnds/lib\libfat.a(io_njsd.o)
                0x02028104                _io_njsd
 .rodata        0x02028134       0x20 c:/devkitPro2007/libnds/lib\libfat.a(io_nmmc.o)
                0x02028134                _io_nmmc
 .rodata        0x02028154       0x44 c:/devkitPro2007/libnds/lib\libfat.a(io_sccf.o)
                0x02028154                _io_sccf
 .rodata        0x02028198       0x20 c:/devkitPro2007/libnds/lib\libfat.a(io_scsd.o)
                0x02028198                _io_scsd
 .rodata        0x020281b8       0x34 c:/devkitPro2007/libnds/lib\libfat.a(directory.o)
                0x020281b8                LFN_offset_table
 .rodata        0x020281ec      0x120 c:/devkitPro2007/libnds/lib\libnds9.a(console.o)
                0x020282c0                dotab_stdout
 .rodata        0x0202830c        0x8 c:/devkitPro2007/libnds/lib\libnds9.a(card.o)
 .rodata        0x02028314     0x2004 c:/devkitPro2007/libnds/lib\libnds9.a(default_font.o)
                0x0202a318                default_font_bin_end
                0x02028314                default_font_bin_size
                0x02028318                default_font_bin
 .rodata        0x0202a318      0x101 c:/devkitpro2007/devkitarm/bin/../lib/gcc/arm-eabi/4.1.2/../../../../arm-eabi/lib\libc.a(lib_a-ctype_.o)
                0x0202a318                _ctype_
 *fill*         0x0202a419        0x3 ff
 .rodata        0x0202a41c        0x4 c:/devkitpro2007/devkitarm/bin/../lib/gcc/arm-eabi/4.1.2/../../../../arm-eabi/lib\libc.a(lib_a-impure.o)
                0x0202a41c                _global_impure_ptr
 .rodata        0x0202a420       0x20 c:/devkitpro2007/devkitarm/bin/../lib/gcc/arm-eabi/4.1.2/../../../../arm-eabi/lib\libc.a(lib_a-vfiprintf.o)
 .rodata        0x0202a440       0x22 c:/devkitpro2007/devkitarm/bin/../lib/gcc/arm-eabi/4.1.2/../../../../arm-eabi/lib\libc.a(lib_a-vfiscanf.o)
 .rodata        0x0202a462       0x20 c:/devkitpro2007/devkitarm/bin/../lib/gcc/arm-eabi/4.1.2/../../../../arm-eabi/lib\libc.a(lib_a-vfprintf.o)
 *fill*         0x0202a482        0x2 ff
 .rodata        0x0202a484       0x34 c:/devkitpro2007/devkitarm/bin/../lib/gcc/arm-eabi/4.1.2/../../../../arm-eabi/lib\libc.a(lib_a-locale.o)
 .rodata        0x0202a4b8      0x128 c:/devkitpro2007/devkitarm/bin/../lib/gcc/arm-eabi/4.1.2/../../../../arm-eabi/lib\libc.a(lib_a-mprec.o)
                0x0202a5a8                __mprec_tinytens
                0x0202a4b8                __mprec_tens
                0x0202a580                __mprec_bigtens
 .rodata        0x0202a5e0       0x50 c:/devkitpro2007/devkitarm/bin/../lib/gcc/arm-eabi/4.1.2/../../../../arm-eabi/lib\libsysbase.a(iosupport.o)
                0x0202a5e0                dotab_stdnull
 .rodata        0x0202a630        0xc c:/devkitpro2007/devkitarm/bin/../lib/gcc/arm-eabi/4.1.2/../../../../arm-eabi/lib\libsysbase.a(chdir.o)
                0x0202a630                DIRECTORY_SEPARATOR
                0x0202a634                DIRECTORY_THIS
                0x0202a638                DIRECTORY_PARENT
 *all.rodata*(*)
 *(.roda)
 *(.rodata.*)
 .rodata.str1.4
                0x0202a63c       0x15 ./core.o
                                 0x18 (size before relaxing)
 *fill*         0x0202a651        0x3 ff
 .rodata.str1.4
                0x0202a654      0xcb1 ./engine.o
                                0xcbc (size before relaxing)
 *fill*         0x0202b305        0x3 ff
 .rodata.str1.4
                0x0202b308       0xd7 ./fs.o
                                 0xdc (size before relaxing)
 *fill*         0x0202b3df        0x1 ff
 .rodata.str1.4
                0x0202b3e0       0x63 ./gui.o
                                 0x68 (size before relaxing)
 *fill*         0x0202b443        0x1 ff
 .rodata.str1.4
                0x0202b444      0x269 ./main.o
                                0x28c (size before relaxing)
 *fill*         0x0202b6ad        0x3 ff
 .rodata.str1.4
                0x0202b6b0       0x92 ./memmap.o
                                 0x94 (size before relaxing)
 *fill*         0x0202b742        0x2 ff
 .rodata.str1.4
                0x0202b744       0x57 ./ppu.o
                                 0x58 (size before relaxing)
 *fill*         0x0202b79b        0x1 ff
 .rodata.str1.4
                0x0202b79c       0x32 ./snapshot.o
                                 0x3c (size before relaxing)
 *fill*         0x0202b7ce        0x2 ff
 .rodata.str1.4
                0x0202b7d0        0xe ./snes.o
                                 0x10 (size before relaxing)
 *fill*         0x0202b7de        0x2 ff
 .rodata.str1.4
                0x0202b7e0        0xc c:/devkitPro2007/libnds/lib\libfat.a(libfat.o)
 .rodata.str1.4
                0x00000000        0x4 c:/devkitPro2007/libnds/lib\libfat.a(partition.o)
 .rodata.str1.4
                0x0202b7ec       0x23 c:/devkitPro2007/libnds/lib\libfat.a(directory.o)
                                 0x28 (size before relaxing)
 *fill*         0x0202b80f        0x1 ff
 .rodata.str1.4
                0x0202b810       0x2c c:/devkitPro2007/libnds/lib\libnds9.a(console.o)
 .rodata.str1.4
                0x0202b83c        0x2 c:/devkitpro2007/devkitarm/bin/../lib/gcc/arm-eabi/4.1.2/../../../../arm-eabi/lib\libc.a(lib_a-impure.o)
                                  0x4 (size before relaxing)
 *fill*         0x0202b83e        0x2 ff
 .rodata.str1.4
                0x0202b840       0x4a c:/devkitpro2007/devkitarm/bin/../lib/gcc/arm-eabi/4.1.2/../../../../arm-eabi/lib\libc.a(lib_a-vfiprintf.o)
                                 0x4c (size before relaxing)
 *fill*         0x0202b88a        0x2 ff
 .rodata.str1.4
                0x0202b88c       0x12 c:/devkitpro2007/devkitarm/bin/../lib/gcc/arm-eabi/4.1.2/../../../../arm-eabi/lib\libc.a(lib_a-vfprintf.o)
                                 0x64 (size before relaxing)
 *fill*         0x0202b89e        0x2 ff
 .rodata.str1.4
                0x0202b8a0       0x1e c:/devkitpro2007/devkitarm/bin/../lib/gcc/arm-eabi/4.1.2/../../../../arm-eabi/lib\libc.a(lib_a-wctomb_r.o)
                                 0x20 (size before relaxing)
 *fill*         0x0202b8be        0x2 ff
 .rodata.str1.4
                0x0202b8c0       0x10 c:/devkitpro2007/devkitarm/bin/../lib/gcc/arm-eabi/4.1.2/../../../../arm-eabi/lib\libc.a(lib_a-dtoa.o)
                                 0x14 (size before relaxing)
 .rodata.str1.4
                0x0202b8d0        0xb c:/devkitpro2007/devkitarm/bin/../lib/gcc/arm-eabi/4.1.2/../../../../arm-eabi/lib\libc.a(lib_a-locale.o)
                                 0x18 (size before relaxing)
 .rodata.str1.4
                0x00000000        0x4 c:/devkitpro2007/devkitarm/bin/../lib/gcc/arm-eabi/4.1.2/../../../../arm-eabi/lib\libc.a(lib_a-mbrtowc.o)
 *fill*         0x0202b8db        0x1 ff
 .rodata.str1.4
                0x0202b8dc        0x8 c:/devkitpro2007/devkitarm/bin/../lib/gcc/arm-eabi/4.1.2/../../../../arm-eabi/lib\libsysbase.a(iosupport.o)
 *(.gnu.linkonce.r*)
                0x0202b8e4                . = ALIGN (0x4)

.ARM.extab
 *(.ARM.extab* .gnu.linkonce.armextab.*)
                0x0202b8e4                __exidx_start = .

.ARM.exidx
 *(.ARM.exidx* .gnu.linkonce.armexidx.*)
                0x0202b8e4                __exidx_end = .
                0x0202b8e4                . = ALIGN (0x4)
                0x0202b8e4                PROVIDE (__preinit_array_start, .)

.preinit_array
 *(.preinit_array)
                0x0202b8e4                PROVIDE (__preinit_array_end, .)
                0x0202b8e4                PROVIDE (__init_array_start, .)

.init_array     0x0202b8e4        0x4
 *(.init_array)
 .init_array    0x0202b8e4        0x4 c:/devkitpro2007/devkitarm/bin/../lib/gcc/arm-eabi/4.1.2/crtbegin.o
                0x0202b8e8                PROVIDE (__init_array_end, .)
                0x0202b8e8                PROVIDE (__fini_array_start, .)

.fini_array     0x0202b8e8        0x4
 *(.fini_array)
 .fini_array    0x0202b8e8        0x4 c:/devkitpro2007/devkitarm/bin/../lib/gcc/arm-eabi/4.1.2/crtbegin.o
                0x0202b8ec                PROVIDE (__fini_array_end, .)

.ctors          0x0202b8ec        0x0
 *crtbegin.o(.ctors)
 *(EXCLUDE_FILE(*crtend.o) .ctors)
 *(SORT(.ctors.*))
 *(.ctors)
                0x0202b8ec                . = ALIGN (0x4)

.dtors          0x0202b8ec        0x0
 *crtbegin.o(.dtors)
 *(EXCLUDE_FILE(*crtend.o) .dtors)
 *(SORT(.dtors.*))
 *(.dtors)
                0x0202b8ec                . = ALIGN (0x4)

.eh_frame       0x0202b8ec        0x4
 *(.eh_frame)
 .eh_frame      0x0202b8ec        0x0 c:/devkitpro2007/devkitarm/bin/../lib/gcc/arm-eabi/4.1.2/crtbegin.o
 .eh_frame      0x0202b8ec        0x4 c:/devkitpro2007/devkitarm/bin/../lib/gcc/arm-eabi/4.1.2/crtend.o
                0x0202b8f0                . = ALIGN (0x4)

.gcc_except_table
                0x0202b8f0        0x0
 *(.gcc_except_table)
                0x0202b8f0                . = ALIGN (0x4)

.jcr            0x0202b8f0        0x4
 *(.jcr)
 .jcr           0x0202b8f0        0x0 c:/devkitpro2007/devkitarm/bin/../lib/gcc/arm-eabi/4.1.2/crtbegin.o
 .jcr           0x0202b8f0        0x4 c:/devkitpro2007/devkitarm/bin/../lib/gcc/arm-eabi/4.1.2/crtend.o

.got
 *(.got.plt)
 *(.got)
 *(.rel.got)

.ewram          0x0202b8f4        0x0