Archive member included because of file (symbol)

c:/devkitPro2007/libnds/lib\libnds9.a(console.o)
                              ./gui.o (consoleClear)
c:/devkitPro2007/libnds/lib\libnds9.a(initSystem.o)
                              c:/devkitpro2007/devkitarm/bin/../lib/gcc/arm-eabi/4.1.2/../../../../arm-eabi/lib/ds_arm9_crt0.o (initSystem)
c:/devkitPro2007/libnds/lib\libnds9.a(keys.o)
                              ./main.o (keysHeld)
c:/devkitPro2007/libnds/lib\libnds9.a(video.o)
                              ./main.o (vramSetBankA)
c:/devkitPro2007/libnds/lib\libnds9.a(biosCalls.o)
                              ./main.o (swiWaitForVBlank)
c:/devkitPro2007/libnds/lib\libnds9.a(default_font.o)
                              c:/devkitPro2007/libnds/lib\libnds9.a(console.o) (default_font_bin)
c:/devkitpro2007/devkitarm/bin/../lib/gcc/arm-eabi/4.1.2\libgcc.a(_divsi3.o)
                              ./core.o (__aeabi_idiv)
c:/devkitpro2007/devkitarm/bin/../lib/gcc/arm-eabi/4.1.2\libgcc.a(_dvmd_tls.o)
                              c:/devkitpro2007/devkitarm/bin/../lib/gcc/arm-eabi/4.1.2\libgcc.a(_divsi3.o) (__div0)
c:/devkitpro2007/devkitarm/bin/../lib/gcc/arm-eabi/4.1.2/../../../../arm-eabi/lib\libc.a(lib_a-fwrite.o)
                              ./core.o (fwrite)
c:/devkitpro2007/devkitarm/bin/../lib/gcc/arm-eabi/4.1.2/../../../../arm-eabi/lib\libc.a(lib_a-impure.o)
                              c:/devkitPro2007/libnds/lib\libnds9.a(console.o) (_impure_ptr)
c:/devkitpro2007/devkitarm/bin/../lib/gcc/arm-eabi/4.1.2/../../../../arm-eabi/lib\libc.a(lib_a-init.o)
                              c:/devkitpro2007/devkitarm/bin/../lib/gcc/arm-eabi/4.1.2/../../../../arm-eabi/lib/ds_arm9_crt0.o (__libc_init_array)
c:/devkitpro2007/devkitarm/bin/../lib/gcc/arm-eabi/4.1.2/../../../../arm-eabi/lib\libc.a(lib_a-iprintf.o)
                              ./core.o (iprintf)
c:/devkitpro2007/devkitarm/bin/../lib/gcc/arm-eabi/4.1.2/../../../../arm-eabi/lib\libc.a(lib_a-malloc.o)
                              ./engine.o (free)
c:/devkitpro2007/devkitarm/bin/../lib/gcc/arm-eabi/4.1.2/../../../../arm-eabi/lib\libc.a(lib_a-mallocr.o)
                              c:/devkitpro2007/devkitarm/bin/../lib/gcc/arm-eabi/4.1.2/../../../../arm-eabi/lib\libc.a(lib_a-malloc.o) (_malloc_r)
c:/devkitpro2007/devkitarm/bin/../lib/gcc/arm-eabi/4.1.2/../../../../arm-eabi/lib\libc.a(lib_a-memcpy.o)
                              ./apu.o (memcpy)
c:/devkitpro2007/devkitarm/bin/../lib/gcc/arm-eabi/4.1.2/../../../../arm-eabi/lib\libc.a(lib_a-memmove.o)
                              ./memmap.o (memmove)
c:/devkitpro2007/devkitarm/bin/../lib/gcc/arm-eabi/4.1.2/../../../../arm-eabi/lib\libc.a(lib_a-memset.o)
                              ./engine.o (memset)
c:/devkitpro2007/devkitarm/bin/../lib/gcc/arm-eabi/4.1.2/../../../../arm-eabi/lib\libc.a(lib_a-mlock.o)
                              c:/devkitpro2007/devkitarm/bin/../lib/gcc/arm-eabi/4.1.2/../../../../arm-eabi/lib\libc.a(lib_a-mallocr.o) (__malloc_lock)
c:/devkitpro2007/devkitarm/bin/../lib/gcc/arm-eabi/4.1.2/../../../../arm-eabi/lib\libc.a(lib_a-printf.o)
                              ./gui.o (printf)
c:/devkitpro2007/devkitarm/bin/../lib/gcc/arm-eabi/4.1.2/../../../../arm-eabi/lib\libc.a(lib_a-puts.o)
                              ./fs.o (puts)
c:/devkitpro2007/devkitarm/bin/../lib/gcc/arm-eabi/4.1.2/../../../../arm-eabi/lib\libc.a(lib_a-setvbuf.o)
                              c:/devkitPro2007/libnds/lib\libnds9.a(console.o) (setvbuf)
c:/devkitpro2007/devkitarm/bin/../lib/gcc/arm-eabi/4.1.2/../../../../arm-eabi/lib\libc.a(lib_a-siscanf.o)
                              c:/devkitPro2007/libnds/lib\libnds9.a(console.o) (siscanf)
c:/devkitpro2007/devkitarm/bin/../lib/gcc/arm-eabi/4.1.2/../../../../arm-eabi/lib\libc.a(lib_a-sprintf.o)
                              ./engine.o (sprintf)
c:/devkitpro2007/devkitarm/bin/../lib/gcc/arm-eabi/4.1.2/../../../../arm-eabi/lib\libc.a(lib_a-strcat.o)
                              ./main.o (strcat)
c:/devkitpro2007/devkitarm/bin/../lib/gcc/arm-eabi/4.1.2/../../../../arm-eabi/lib\libc.a(lib_a-strchr.o)
                              ./fs.o (strchr)
c:/devkitpro2007/devkitarm/bin/../lib/gcc/arm-eabi/4.1.2/../../../../arm-eabi/lib\libc.a(lib_a-strcmp.o)
                              ./fs.o (strcmp)
c:/devkitpro2007/devkitarm/bin/../lib/gcc/arm-eabi/4.1.2/../../../../arm-eabi/lib\libc.a(lib_a-strcpy.o)
                              ./main.o (strcpy)
c:/devkitpro2007/devkitarm/bin/../lib/gcc/arm-eabi/4.1.2/../../../../arm-eabi/lib\libc.a(lib_a-strdup.o)
                              ./engine.o (strdup)
c:/devkitpro2007/devkitarm/bin/../lib/gcc/arm-eabi/4.1.2/../../../../arm-eabi/lib\libc.a(lib_a-strdup_r.o)
                              c:/devkitpro2007/devkitarm/bin/../lib/gcc/arm-eabi/4.1.2/../../../../arm-eabi/lib\libc.a(lib_a-strdup.o) (_strdup_r)
c:/devkitpro2007/devkitarm/bin/../lib/gcc/arm-eabi/4.1.2/../../../../arm-eabi/lib\libc.a(lib_a-strlen.o)
[...]
Memory Configuration

Name             Origin             Length             Attributes
rom              0x08000000         0x02000000
ewram            0x02000000         0x003ff000
dtcm             0x0b000000         0x00004000
itcm             0x01000000         0x00008000
*default*        0x00000000         0xffffffff

Linker script and memory map

                0x01000000                __itcm_start = 0x1000000
                0x023ff000                __ewram_end = 0x23ff000
                0x023ff000                __eheap_end = 0x23ff000
                0x0b000000                __dtcm_start = 0xb000000
                0x0b004000                __dtcm_top = 0xb004000
                0x0b003ff8                __irq_flags = (__dtcm_top - 0x8)
                0x0b003ffc                __irq_vector = (__dtcm_top - 0x4)
                0x0b003f00                __sp_svc = (__dtcm_top - 0x100)
                0x0b003e00                __sp_irq = (__sp_svc - 0x100)
                0x0b003d00                __sp_usr = (__sp_irq - 0x100)

.init           0x02000000      0x2e8
                0x02000000                __text_start = .
 *(.init)
 .init          0x02000000      0x2d0 c:/devkitpro2007/devkitarm/bin/../lib/gcc/arm-eabi/4.1.2/../../../../arm-eabi/lib/ds_arm9_crt0.o
                0x02000000                _start
 .init          0x020002d0        0xc c:/devkitpro2007/devkitarm/bin/../lib/gcc/arm-eabi/4.1.2/crti.o
                0x020002d0                _init
 .init          0x020002dc        0xc c:/devkitpro2007/devkitarm/bin/../lib/gcc/arm-eabi/4.1.2/crtn.o
                0x020002e8                . = ALIGN (0x4)

.plt
 *(.plt)

.text           0x020002f0    0x1bef4
 *(EXCLUDE_FILE(*.itcm*) .text)
 .text          0x020002f0        0x0 c:/devkitpro2007/devkitarm/bin/../lib/gcc/arm-eabi/4.1.2/../../../../arm-eabi/lib/ds_arm9_crt0.o
 .text          0x020002f0        0x0 c:/devkitpro2007/devkitarm/bin/../lib/gcc/arm-eabi/4.1.2/crti.o
 .text          0x020002f0       0xa4 c:/devkitpro2007/devkitarm/bin/../lib/gcc/arm-eabi/4.1.2/crtbegin.o
 .text          0x02000394        0x0 ./SNES_global.o
 .text          0x02000394      0x138 ./apu.o
                0x0200042c                APU_saveSpc
                0x02000394                ARM7_fifo_init
                0x0200043c                APU_clear
                0x020003ac                SendArm7Command
                0x02000468                APU_playSong
                0x020003f0                APU_stop
                0x02000464                APU_command
                0x02000424                APU_playSpc
                0x020003e0                APU_reset
                0x02000434                APU_loadSpc
                0x020003e8                APU_pause
 .text          0x020004cc     0x3420 ./core.o
                0x020026c4                HDMA_write
                0x0200119c                read_mouse
                0x020016cc                PPU_port_write
                0x020004cc                DMA_port_read
                0x02001468                update_joypads
                0x02001530                GoIRQ
                0x02002f5c                PPU_fastDMA_2118_1
                0x02003244                DMA_transfert
                0x02001604                GoNMI
                0x020012a8                read_scope
                0x02001420                read_joypads
                0x02003574                DMA_port_write
                0x020013a0                SNES_update
                0x020029e4                HDMA_transfert
                0x0200077c                PPU_port_read
 .text          0x020038ec     0x3704 ./engine.o
                0x020038f4                SetCFG
                0x020064c4                trace_CPU
                0x020038f0                readSRAM
                0x02006678                go
                0x02006e0c                saveSRAM
                0x02003974                show_opcode
                0x02006e78                loadSRAM
                0x020038ec                writeSRAM
                0x02006d44                initSNESEmpty
                0x02006ee8                changeROM
 .text          0x02006ff0      0x5d8 ./fs.o
                0x02007470                FS_getDirectoryList
                0x02007394                FS_chdir
                0x020072d0                FS_printlog
                0x020073a8                FS_init
                0x02007254                FS_saveFile
                0x02006ff0                FS_shouldFreeROM
                0x020073e8                getFileExtension
                0x020071b0                FS_loadROM
                0x02007104                FS_loadROMForPaging
                0x0200732c                FS_flog
                0x02006ff8                FS_loadROMPage
                0x020070a0                FS_loadFile
 .text          0x020075c8      0x47c ./gui.o
                0x02007660                GUI_printfC
                0x020079fc                GUI_createList
                0x02007604                T
                0x02007874                GUI_displayList
                0x020079b8                GUI_setItem
                0x02007608                LOG
                0x0200778c                GUI_displayMenuBack
                0x02007730                GUI_printf
                0x020075c8                GUI_checkMenu
                0x02007928                GUI_checkList
                0x020076c4                GUI_displayMenuTitle
                0x02007808                GUI_displayMenu
 .text          0x02007a44       0x1c ./intr.o
                0x02007a44                IntrHandlerAsm
 .text          0x02007a60     0x1340 ./main.o
                0x02007fe0                SPC_jukebox_choose_real_time
                0x02007bfc                initGUI
                0x02007b60                waitReleaseTouch
                0x02007afc                Hblank
                0x02007f9c                superTouchReadXY
                0x0200837c                handleMenu
                0x02007b38                waitHeldTouch
                0x02008904                main
                0x02007a60                Vblank
                0x0200821c                handle_saveState
                0x02007e00                selectSong
                0x02007e98                loadROM
                0x02008094                waitPressTouch
                0x020080bc                handle_loadState
                0x02007b88                updateOptions
 .text          0x02008da0     0x11dc ./memmap.o
                0x020098b4                InitHiROMMap
                0x02008eac                IO_setword
                0x02009654                InitLargeHiROMMap
                0x02009084                IO_getword
                0x02009194                IO_getbyte
                0x02009f04                InitMap
                0x02009570                mem_init_paging
                0x02008e34                mem_removeCacheBlock
                0x020095fc                WriteProtectROM
                0x0200938c                map_memory
                0x02009438                mem_setword
                0x02008da0                MapRAM
                0x020094ac                mem_setbyte
                0x02009b40                InitLoROMMap
                0x02009244                mem_checkReload
                0x02008fd0                IO_setbyte
                0x02009514                InitLargeLoROMMap
                0x0200952c                mem_clear_paging
 .text          0x02009f7c      0xe28 ./opcodes.o
                0x02009fb0                rol_w
                0x0200a700                XCE
                0x0200a4a4                SBC8
                0x02009f7c                rol_b
                0x0200acf8                MVN
                0x0200a024                ADC16
                0x02009fdc                ror_b
                0x0200a90c                COP
                0x0200a2f4                SBC16
                0x0200a5fc                RTI
                0x0200a84c                BRK
                0x0200a000                ror_w
                0x0200ac4c                MVP
                0x0200aac8                CPU_unpack
                0x0200a1a4                ADC8
                0x0200aa2c                CPU_pack
 .text          0x0200ada4     0x3888 ./ppu.o
                0x0200b9fc                PPU_setBackColor
                0x0200d06c                draw_plane_64_30
                0x0200ada4                init_render
                0x0200bab8                update_scrollx
                0x0200bbac                PPU_setPalette
                0x0200dc54                draw_screen2
                0x0200b0c0                add_tile_2
                0x0200adf8                check_tile_addr
                0x0200c3c4                draw_plane_64_60
                0x0200e310                draw_screen
                0x0200b4d4                draw_sprites
                0x0200bdc8                get_joypad
                0x0200ba64                update_scrolly
                0x0200b324                add_tile_8
                0x0200ca6c                draw_plane_32_60
                0x0200ade4                check_sprite_addr
                0x0200bfa8                PPU_setScreen
                0x0200b3a4                update_scroll
                0x0200b1b4                add_tile_4
                0x0200ae0c                check_tile
                0x0200c0fc                draw_plane_32_30_squiz
                0x0200d684                draw_plane_32_30
                0x0200be84                PPU_update
                0x0200bd0c                PPU_reset
                0x0200b480                draw_tile_sprite_normal
                0x0200b328                PPU_setMap
                0x0200af1c                add_sprite_tile_4
 .text          0x0200e62c      0x51c ./snapshot.o
                0x0200eac4                get_snapshot_name
                0x0200e62c                write_snapshot
                0x0200e8a0                read_snapshot
 .text          0x0200eb48      0x7c8 ./snes.o
                0x0200f078                reset_CPU
                0x0200ed4c                load_ROM
                0x0200eb7c                destroy_rle_tile
                0x0200eb80                UnInterleaveROM
                0x0200efc4                reset_GFX
                0x0200eb48                cnt_alphachar
                0x0200f164                reset_SNES
                0x0200f30c                init_GFX
 .text          0x0200f310      0x444 ./touch.o
                0x0200f41c                ADC_to_SCR
                0x0200f310                PrecalculateCalibrationData
                0x0200f50c                mytouchReadXY
 .text          0x0200f754      0x580 c:/devkitPro2007/libnds/lib\libnds9.a(console.o)
                0x0200fad0                con_write
                0x0200f900                consoleInit
                0x0200f7bc                consolePrintChar
                0x0200f8ec                consoleClear
                0x0200fa88                consoleDemoInit
                0x0200fa64                consoleInitDefault
 .text          0x0200fcd4      0x158 c:/devkitPro2007/libnds/lib\libnds9.a(initSystem.o)
                0x0200fcd4                initSystem
 .text          0x0200fe2c      0x100 c:/devkitPro2007/libnds/lib\libnds9.a(keys.o)
                0x0200fe5c                keysSetRepeat
                0x0200fe4c                keysDownRepeat
                0x0200fe2c                keysHeld
                0x0200fe80                keysUp
                0x0200fe38                keysDown
                0x0200fe98                scanKeys
 .text          0x0200ff2c      0x110 c:/devkitPro2007/libnds/lib\libnds9.a(video.o)
                0x0200ffec                vramSetBankF
                0x0200ff7c                vramRestoreMainBanks
                0x02010014                vramSetBankH
                0x0200ffc4                vramSetBankD
                0x0200ffd8                vramSetBankE
                0x02010000                vramSetBankG
                0x0200ff70                vramRestorMainBanks
                0x0200ff9c                vramSetBankB
                0x0200ffb0                vramSetBankC
                0x02010028                vramSetBankI
                0x0200ff2c                vramSetMainBanks
                0x0200ff88                vramSetBankA
 *fill*         0x0201003c        0x4 ff
 .text          0x02010040       0x70 c:/devkitPro2007/libnds/lib\libnds9.a(biosCalls.o)
                0x02010050                swiSleep
                0x0201008a                swiDecompressLZSSVram
                0x02010072                swiFastCopy
                0x02010076                swiSqrt
                0x02010040                swiSoftReset
                0x0201007a                swiCRC16
                0x0201008e                swiDecompressHuffman
                0x020100a6                swiSetHaltCR
                0x0201005c                swiRemainder
                0x02010082                swiUnpackBits
                0x02010086                swiDecompressLZSSWram
                0x020100a2                swiDecodeDelta16
                0x02010044                swiDelay
                0x02010062                swiDivMod
                0x02010096                swiDecompressRLEVram
                0x02010092                swiDecompressRLEWram
                0x0201009e                swiDecodeDelta8
                0x02010058                swiDivide
                0x02010054                swiChangeSoundBias
                0x0201004c                swiWaitForVBlank
                0x02010048                swiIntrWait
                0x0201007e                swiIsDebugger
                0x0201009a                swiWaitForIRQ
                0x0201006e                swiCopy
 .text          0x020100b0        0x0 c:/devkitPro2007/libnds/lib\libnds9.a(default_font.o)
 .text          0x020100b0      0x144 c:/devkitpro2007/devkitarm/bin/../lib/gcc/arm-eabi/4.1.2\libgcc.a(_divsi3.o)
                0x020100b0                __aeabi_idiv
                0x020100b0                __divsi3
                0x020101dc                __aeabi_idivmod
 .text          0x020101f4        0x4 c:/devkitpro2007/devkitarm/bin/../lib/gcc/arm-eabi/4.1.2\libgcc.a(_dvmd_tls.o)
                0x020101f4                __aeabi_ldiv0
                0x020101f4                __div0
                0x020101f4                __aeabi_idiv0
 .text          0x020101f8       0xc8 c:/devkitpro2007/devkitarm/bin/../lib/gcc/arm-eabi/4.1.2/../../../../arm-eabi/lib\libc.a(lib_a-fwrite.o)
                0x020101f8                _fwrite_r
                0x0201027c                fwrite
 .text          0x020102c0        0x0 c:/devkitpro2007/devkitarm/bin/../lib/gcc/arm-eabi/4.1.2/../../../../arm-eabi/lib\libc.a(lib_a-impure.o)
 .text          0x020102c0       0xd4 c:/devkitpro2007/devkitarm/bin/../lib/gcc/arm-eabi/4.1.2/../../../../arm-eabi/lib\libc.a(lib_a-init.o)
                0x0201030c                __libc_init_array
                0x020102c0                __libc_fini_array
 .text          0x02010394       0x74 c:/devkitpro2007/devkitarm/bin/../lib/gcc/arm-eabi/4.1.2/../../../../arm-eabi/lib\libc.a(lib_a-iprintf.o)
                0x02010394                _iprintf_r
                0x020103c8                iprintf
 .text          0x02010408       0x50 c:/devkitpro2007/devkitarm/bin/../lib/gcc/arm-eabi/4.1.2/../../../../arm-eabi/lib\libc.a(lib_a-malloc.o)
                0x02010430                malloc
                0x02010408                free
 .text          0x02010458      0x77c c:/devkitpro2007/devkitarm/bin/../lib/gcc/arm-eabi/4.1.2/../../../../arm-eabi/lib\libc.a(lib_a-mallocr.o)
                0x02010458                _malloc_r
 .text          0x02010bd4       0x9c c:/devkitpro2007/devkitarm/bin/../lib/gcc/arm-eabi/4.1.2/../../../../arm-eabi/lib\libc.a(lib_a-memcpy.o)
                0x02010bd4                memcpy
 .text          0x02010c70       0xfc c:/devkitpro2007/devkitarm/bin/../lib/gcc/arm-eabi/4.1.2/../../../../arm-eabi/lib\libc.a(lib_a-memmove.o)
                0x02010c70                memmove
 .text          0x02010d6c       0x98 c:/devkitpro2007/devkitarm/bin/../lib/gcc/arm-eabi/4.1.2/../../../../arm-eabi/lib\libc.a(lib_a-memset.o)
                0x02010d6c                memset
 .text          0x02010e04        0x8 c:/devkitpro2007/devkitarm/bin/../lib/gcc/arm-eabi/4.1.2/../../../../arm-eabi/lib\libc.a(lib_a-mlock.o)
                0x02010e08                __malloc_unlock
                0x02010e04                __malloc_lock
 .text          0x02010e0c       0x74 c:/devkitpro2007/devkitarm/bin/../lib/gcc/arm-eabi/4.1.2/../../../../arm-eabi/lib\libc.a(lib_a-printf.o)
                0x02010e0c                printf
                0x02010e4c                _printf_r
 .text          0x02010e80       0x8c c:/devkitpro2007/devkitarm/bin/../lib/gcc/arm-eabi/4.1.2/../../../../arm-eabi/lib\libc.a(lib_a-puts.o)
                0x02010e80                _puts_r
                0x02010ef8                puts
 .text          0x02010f0c      0x1ac c:/devkitpro2007/devkitarm/bin/../lib/gcc/arm-eabi/4.1.2/../../../../arm-eabi/lib\libc.a(lib_a-setvbuf.o)
                0x02010f0c                setvbuf
 .text          0x020110b8      0x108 c:/devkitpro2007/devkitarm/bin/../lib/gcc/arm-eabi/4.1.2/../../../../arm-eabi/lib\libc.a(lib_a-siscanf.o)
                0x020110c0                _siscanf_r
                0x02011140                siscanf
 .text          0x020111c0       0xdc c:/devkitpro2007/devkitarm/bin/../lib/gcc/arm-eabi/4.1.2/../../../../arm-eabi/lib\libc.a(lib_a-sprintf.o)
                0x02011234                _sprintf_r
                0x020111c0                sprintf
 .text          0x0201129c       0x98 c:/devkitpro2007/devkitarm/bin/../lib/gcc/arm-eabi/4.1.2/../../../../arm-eabi/lib\libc.a(lib_a-strcat.o)
                0x0201129c                strcat
 .text          0x02011334      0x118 c:/devkitpro2007/devkitarm/bin/../lib/gcc/arm-eabi/4.1.2/../../../../arm-eabi/lib\libc.a(lib_a-strchr.o)
                0x02011334                strchr
 .text          0x0201144c       0xd0 c:/devkitpro2007/devkitarm/bin/../lib/gcc/arm-eabi/4.1.2/../../../../arm-eabi/lib\libc.a(lib_a-strcmp.o)
                0x0201144c                strcmp
 .text          0x0201151c       0xa0 c:/devkitpro2007/devkitarm/bin/../lib/gcc/arm-eabi/4.1.2/../../../../arm-eabi/lib\libc.a(lib_a-strcpy.o)
                0x0201151c                strcpy
 .text          0x020115bc       0x28 c:/devkitpro2007/devkitarm/bin/../lib/gcc/arm-eabi/4.1.2/../../../../arm-eabi/lib\libc.a(lib_a-strdup.o)
                0x020115bc                strdup
 .text          0x020115e4       0x40 c:/devkitpro2007/devkitarm/bin/../lib/gcc/arm-eabi/4.1.2/../../../../arm-eabi/lib\libc.a(lib_a-strdup_r.o)
                0x020115e4                _strdup_r
 .text          0x02011624       0x90 c:/devkitpro2007/devkitarm/bin/../lib/gcc/arm-eabi/4.1.2/../../../../arm-eabi/lib\libc.a(lib_a-strlen.o)
                0x02011624                strlen
 .text          0x020116b4      0x114 c:/devkitpro2007/devkitarm/bin/../lib/gcc/arm-eabi/4.1.2/../../../../arm-eabi/lib\libc.a(lib_a-strncpy.o)
                0x020116b4                strncpy
 .text          0x020117c8       0x50 c:/devkitpro2007/devkitarm/bin/../lib/gcc/arm-eabi/4.1.2/../../../../arm-eabi/lib\libc.a(lib_a-strrchr.o)
                0x020117c8                strrchr
 .text          0x02011818       0x54 c:/devkitpro2007/devkitarm/bin/../lib/gcc/arm-eabi/4.1.2/../../../../arm-eabi/lib\libc.a(lib_a-strstr.o)
                0x02011818                strstr
 .text          0x0201186c       0x1c c:/devkitpro2007/devkitarm/bin/../lib/gcc/arm-eabi/4.1.2/../../../../arm-eabi/lib\libc.a(lib_a-toupper.o)
                0x0201186c                toupper
 .text          0x02011888     0x1358 c:/devkitpro2007/devkitarm/bin/../lib/gcc/arm-eabi/4.1.2/../../../../arm-eabi/lib\libc.a(lib_a-vfiprintf.o)
                0x02012bb4                vfiprintf
                0x020118c8                _vfiprintf_r
 .text          0x02012be0      0xff8 c:/devkitpro2007/devkitarm/bin/../lib/gcc/arm-eabi/4.1.2/../../../../arm-eabi/lib\libc.a(lib_a-vfiscanf.o)
                0x02013b30                _vfiscanf_r
                0x02013b7c                vfiscanf
                0x02012be0                __svfiscanf_r
                0x02013b04                __svfiscanf
 .text          0x02013bd8     0x21d4 c:/devkitpro2007/devkitarm/bin/../lib/gcc/arm-eabi/4.1.2/../../../../arm-eabi/lib\libc.a(lib_a-vfprintf.o)
                0x02013c18                _vfprintf_r
                0x02015d80                vfprintf
 .text          0x02015dac      0x110 c:/devkitpro2007/devkitarm/bin/../lib/gcc/arm-eabi/4.1.2/../../../../arm-eabi/lib\libc.a(lib_a-vsnprintf.o)
                0x02015e38                vsnprintf
                0x02015dac                _vsnprintf_r
 .text          0x02015ebc       0x84 c:/devkitpro2007/devkitarm/bin/../lib/gcc/arm-eabi/4.1.2/../../../../arm-eabi/lib\libc.a(lib_a-wcrtomb.o)
                0x02015ebc                _wcrtomb_r
                0x02015f14                wcrtomb
 .text          0x02015f40      0x180 c:/devkitpro2007/devkitarm/bin/../lib/gcc/arm-eabi/4.1.2/../../../../arm-eabi/lib\libc.a(lib_a-wcsrtombs.o)
                0x02015f40                _wcsrtombs_r
                0x0201607c                wcsrtombs
 .text          0x020160c0      0x428 c:/devkitpro2007/devkitarm/bin/../lib/gcc/arm-eabi/4.1.2/../../../../arm-eabi/lib\libc.a(lib_a-wctomb_r.o)
                0x020160c0                _wctomb_r
 .text          0x020164e8      0x10c c:/devkitpro2007/devkitarm/bin/../lib/gcc/arm-eabi/4.1.2/../../../../arm-eabi/lib\libc.a(lib_a-wsetup.o)
                0x020164e8                __swsetup
 .text          0x020165f4        0x0 c:/devkitpro2007/devkitarm/bin/../lib/gcc/arm-eabi/4.1.2/../../../../arm-eabi/lib\libc.a(lib_a-ctype_.o)
 *fill*         0x020165f4        0x4 ff
 .text          0x020165f8     0x1660 c:/devkitpro2007/devkitarm/bin/../lib/gcc/arm-eabi/4.1.2/../../../../arm-eabi/lib\libc.a(lib_a-dtoa.o)
                0x02016804                _dtoa_r
 .text          0x02017c58      0x1b8 c:/devkitpro2007/devkitarm/bin/../lib/gcc/arm-eabi/4.1.2/../../../../arm-eabi/lib\libc.a(lib_a-fflush.o)
                0x02017c58                fflush
 .text          0x02017e10      0x2bc c:/devkitpro2007/devkitarm/bin/../lib/gcc/arm-eabi/4.1.2/../../../../arm-eabi/lib\libc.a(lib_a-findfp.o)
                0x02017e7c                __sinit
                0x02017f94                __sfmoreglue
                0x02017f84                _cleanup
                0x02017f64                _cleanup_r
                0x02017f38                __fp_lock_all
                0x02017e6c                __sfp_lock_acquire
                0x02017fe4                __sfp
                0x02017e78                __sinit_lock_release
                0x02017f0c                __fp_unlock_all
                0x02017e70                __sfp_lock_release
                0x02017e74                __sinit_lock_acquire
 .text          0x020180cc      0x228 c:/devkitpro2007/devkitarm/bin/../lib/gcc/arm-eabi/4.1.2/../../../../arm-eabi/lib\libc.a(lib_a-fread.o)
                0x020182b0                fread
                0x020180cc                _fread_r
 .text          0x020182f4      0x3c0 c:/devkitpro2007/devkitarm/bin/../lib/gcc/arm-eabi/4.1.2/../../../../arm-eabi/lib\libc.a(lib_a-freer.o)
                0x020183fc                _free_r
                0x020182f4                _malloc_trim_r
 .text          0x020186b4      0x44c c:/devkitpro2007/devkitarm/bin/../lib/gcc/arm-eabi/4.1.2/../../../../arm-eabi/lib\libc.a(lib_a-fvwrite.o)
                0x020186b4                __sfvwrite_r
 .text          0x02018b00      0x11c c:/devkitpro2007/devkitarm/bin/../lib/gcc/arm-eabi/4.1.2/../../../../arm-eabi/lib\libc.a(lib_a-fwalk.o)
                0x02018b8c                _fwalk
                0x02018b00                _fwalk_reent
 .text          0x02018c1c       0x24 c:/devkitpro2007/devkitarm/bin/../lib/gcc/arm-eabi/4.1.2/../../../../arm-eabi/lib\libc.a(lib_a-iswspace.o)
                0x02018c1c                iswspace
 .text          0x02018c40       0xb0 c:/devkitpro2007/devkitarm/bin/../lib/gcc/arm-eabi/4.1.2/../../../../arm-eabi/lib\libc.a(lib_a-locale.o)
                0x02018c6c                _setlocale_r
                0x02018c40                __locale_charset
                0x02018c50                _localeconv_r
                0x02018cd4                setlocale
                0x02018c5c                localeconv
 .text          0x02018cf0      0x168 c:/devkitpro2007/devkitarm/bin/../lib/gcc/arm-eabi/4.1.2/../../../../arm-eabi/lib\libc.a(lib_a-makebuf.o)
                0x02018cf0                __smakebuf
 .text          0x02018e58       0xac c:/devkitpro2007/devkitarm/bin/../lib/gcc/arm-eabi/4.1.2/../../../../arm-eabi/lib\libc.a(lib_a-mbrtowc.o)
                0x02018ec0                mbrtowc
                0x02018e58                _mbrtowc_r
 .text          0x02018f04       0x50 c:/devkitpro2007/devkitarm/bin/../lib/gcc/arm-eabi/4.1.2/../../../../arm-eabi/lib\libc.a(lib_a-mbtowc_r.o)
                0x02018f04                _mbtowc_r
 .text          0x02018f54      0x108 c:/devkitpro2007/devkitarm/bin/../lib/gcc/arm-eabi/4.1.2/../../../../arm-eabi/lib\libc.a(lib_a-memchr.o)
                0x02018f54                memchr
 .text          0x0201905c      0xd34 c:/devkitpro2007/devkitarm/bin/../lib/gcc/arm-eabi/4.1.2/../../../../arm-eabi/lib\libc.a(lib_a-mprec.o)
                0x0201935c                _mprec_log10
                0x02019420                __any_on
                0x020194ac                _Balloc
                0x020192d8                __ratio
                0x02019aa8                __i2b
                0x0201921c                __b2d
                0x02019c9c                __s2b
                0x02019164                __mcmp
                0x02019078                __hi0bits
                0x02019ba0                __pow5mult
                0x020197cc                __lshift
                0x020198dc                __multiply
                0x02019548                __d2b
                0x020193c8                __copybits
                0x020191bc                __ulp
                0x0201968c                __mdiff
                0x020190d0                __lo0bits
                0x02019acc                __multadd
                0x0201905c                _Bfree
 .text          0x02019d90      0x61c c:/devkitpro2007/devkitarm/bin/../lib/gcc/arm-eabi/4.1.2/../../../../arm-eabi/lib\libc.a(lib_a-reallocr.o)
                0x02019d90                _realloc_r
 .text          0x0201a3ac      0x1e0 c:/devkitpro2007/devkitarm/bin/../lib/gcc/arm-eabi/4.1.2/../../../../arm-eabi/lib\libc.a(lib_a-refill.o)
                0x0201a3e4                __srefill_r
 .text          0x0201a58c       0x3c c:/devkitpro2007/devkitarm/bin/../lib/gcc/arm-eabi/4.1.2/../../../../arm-eabi/lib\libc.a(lib_a-s_isinfd.o)
                0x0201a58c                __isinfd
 .text          0x0201a5c8       0x30 c:/devkitpro2007/devkitarm/bin/../lib/gcc/arm-eabi/4.1.2/../../../../arm-eabi/lib\libc.a(lib_a-s_isnand.o)
                0x0201a5c8                __isnand
 .text          0x0201a5f8       0xc8 c:/devkitpro2007/devkitarm/bin/../lib/gcc/arm-eabi/4.1.2/../../../../arm-eabi/lib\libc.a(lib_a-sccl.o)
                0x0201a5f8                __sccl
 .text          0x0201a6c0      0x128 c:/devkitpro2007/devkitarm/bin/../lib/gcc/arm-eabi/4.1.2/../../../../arm-eabi/lib\libc.a(lib_a-stdio.o)
                0x0201a6e8                __sseek
                0x0201a7a0                __sread
                0x0201a6c0                __sclose
                0x0201a734                __swrite
 .text          0x0201a7e8      0x1f0 c:/devkitpro2007/devkitarm/bin/../lib/gcc/arm-eabi/4.1.2/../../../../arm-eabi/lib\libc.a(lib_a-strtol.o)
                0x0201a9ac                strtol
                0x0201a7e8                _strtol_r
 .text          0x0201a9d8      0x1e4 c:/devkitpro2007/devkitarm/bin/../lib/gcc/arm-eabi/4.1.2/../../../../arm-eabi/lib\libc.a(lib_a-strtoul.o)
                0x0201ab90                strtoul
                0x0201a9d8                _strtoul_r
 .text          0x0201abbc      0x254 c:/devkitpro2007/devkitarm/bin/../lib/gcc/arm-eabi/4.1.2/../../../../arm-eabi/lib\libc.a(lib_a-ungetc.o)
                0x0201adf4                ungetc
                0x0201abbc                __submore
                0x0201ac78                _ungetc_r
 .text          0x0201ae10       0xa0 c:/devkitpro2007/devkitarm/bin/../lib/gcc/arm-eabi/4.1.2/../../../../arm-eabi/lib\libc.a(lib_a-callocr.o)
                0x0201ae10                _calloc_r
 .text          0x0201aeb0      0x110 c:/devkitpro2007/devkitarm/bin/../lib/gcc/arm-eabi/4.1.2/../../../../arm-eabi/lib\libc.a(lib_a-fclose.o)
                0x0201aeb0                _fclose_r
                0x0201afac                fclose
 .text          0x0201afc0      0x114 c:/devkitpro2007/devkitarm/bin/../lib/gcc/arm-eabi/4.1.2\libgcc.a(_udivsi3.o)
                0x0201afc0                __udivsi3
                0x0201afc0                __aeabi_uidiv
                0x0201b0bc                __aeabi_uidivmod
 .text          0x0201b0d4      0x41c c:/devkitpro2007/devkitarm/bin/../lib/gcc/arm-eabi/4.1.2\libgcc.a(_addsubdf3.o)
                0x0201b490                __floatdidf
                0x0201b414                __floatsidf
                0x0201b3f0                __aeabi_ui2d
                0x0201b0d4                __aeabi_drsub
                0x0201b43c                __extendsfdf2
                0x0201b0e0                __adddf3
                0x0201b3f0                __floatunsidf
                0x0201b0e0                __aeabi_dadd
                0x0201b47c                __aeabi_ul2d
                0x0201b0dc                __aeabi_dsub
                0x0201b47c                __floatundidf
                0x0201b414                __aeabi_i2d
                0x0201b490                __aeabi_l2d
                0x0201b43c                __aeabi_f2d
                0x0201b0dc                __subdf3
 .text          0x0201b4f0      0x49c c:/devkitpro2007/devkitarm/bin/../lib/gcc/arm-eabi/4.1.2\libgcc.a(_muldivdf3.o)
                0x0201b780                __aeabi_ddiv
                0x0201b4f0                __aeabi_dmul
                0x0201b780                __divdf3
                0x0201b4f0                __muldf3
 .text          0x0201b98c      0x140 c:/devkitpro2007/devkitarm/bin/../lib/gcc/arm-eabi/4.1.2\libgcc.a(_cmpdf2.o)
                0x0201ba84                __aeabi_dcmple
                0x0201b99c                __cmpdf2
                0x0201b99c                __eqdf2
                0x0201b98c                __gtdf2
                0x0201ba3c                __aeabi_cdcmple
                0x0201ba20                __aeabi_cdrcmple
                0x0201b994                __ltdf2
                0x0201ba6c                __aeabi_dcmplt
                0x0201b994                __ledf2
                0x0201bab4                __aeabi_dcmpgt
                0x0201ba9c                __aeabi_dcmpge
                0x0201b99c                __nedf2
                0x0201ba54                __aeabi_dcmpeq
                0x0201ba3c                __aeabi_cdcmpeq
                0x0201b98c                __gedf2
 .text          0x0201bacc       0x5c c:/devkitpro2007/devkitarm/bin/../lib/gcc/arm-eabi/4.1.2\libgcc.a(_fixdfsi.o)
                0x0201bacc                __fixdfsi
                0x0201bacc                __aeabi_d2iz
 .text          0x0201bb28      0x18c c:/devkitpro2007/devkitarm/bin/../lib/gcc/arm-eabi/4.1.2/../../../../arm-eabi/lib\libsysbase.a(iosupport.o)
                0x0201bc78                RemoveDevice
                0x0201bb28                setDefaultDevice
                0x0201bb40                AddDevice
                0x0201bbd4                FindDevice
 .text          0x0201bcb4       0x60 c:/devkitpro2007/devkitarm/bin/../lib/gcc/arm-eabi/4.1.2/../../../../arm-eabi/lib\libsysbase.a(close.o)
                0x0201bcb4                _close_r
 .text          0x0201bd14       0x68 c:/devkitpro2007/devkitarm/bin/../lib/gcc/arm-eabi/4.1.2/../../../../arm-eabi/lib\libsysbase.a(fstat.o)
                0x0201bd14                _fstat_r
 .text          0x0201bd7c        0x8 c:/devkitpro2007/devkitarm/bin/../lib/gcc/arm-eabi/4.1.2/../../../../arm-eabi/lib\libsysbase.a(isatty.o)
                0x0201bd7c                isatty
 .text          0x0201bd84       0x48 c:/devkitpro2007/devkitarm/bin/../lib/gcc/arm-eabi/4.1.2/../../../../arm-eabi/lib\libsysbase.a(lseek.o)
                0x0201bd84                _lseek_r
 .text          0x0201bdcc       0x5c c:/devkitpro2007/devkitarm/bin/../lib/gcc/arm-eabi/4.1.2/../../../../arm-eabi/lib\libsysbase.a(read.o)
                0x0201bdcc                _read_r
 .text          0x0201be28       0x80 c:/devkitpro2007/devkitarm/bin/../lib/gcc/arm-eabi/4.1.2/../../../../arm-eabi/lib\libsysbase.a(sbrk.o)
                0x0201be28                _sbrk_r
 .text          0x0201bea8       0x70 c:/devkitpro2007/devkitarm/bin/../lib/gcc/arm-eabi/4.1.2/../../../../arm-eabi/lib\libsysbase.a(times.o)
                0x0201beb0                _gettimeofday_r
                0x0201bea8                _times_r
                0x0201bef4                _times
 .text          0x0201bf18       0x5c c:/devkitpro2007/devkitarm/bin/../lib/gcc/arm-eabi/4.1.2/../../../../arm-eabi/lib\libsysbase.a(write.o)
                0x0201bf18                _write_r
 .text          0x0201bf74        0x0 c:/devkitpro2007/devkitarm/bin/../lib/gcc/arm-eabi/4.1.2/../../../../arm-eabi/lib\libsysbase.a(malloc_vars.o)
 .text          0x0201bf74       0x7c c:/devkitpro2007/devkitarm/bin/../lib/gcc/arm-eabi/4.1.2/../../../../arm-eabi/lib\libsysbase.a(build_argv.o)
                0x0201bf74                build_argv
 .text          0x0201bff0       0x10 c:/devkitpro2007/devkitarm/bin/../lib/gcc/arm-eabi/4.1.2/../../../../arm-eabi/lib\libc.a(lib_a-errno.o)
                0x0201bff0                __errno
 .text          0x0201c000      0x13c c:/devkitpro2007/devkitarm/bin/../lib/gcc/arm-eabi/4.1.2/../../../../arm-eabi/lib\libc.a(lib_a-strncmp.o)
                0x0201c000                strncmp
 .text          0x0201c13c        0x0 c:/devkitpro2007/devkitarm/bin/../lib/gcc/arm-eabi/4.1.2/crtend.o
 .text          0x0201c13c        0x0 c:/devkitpro2007/devkitarm/bin/../lib/gcc/arm-eabi/4.1.2/crtn.o
 *(.text.*)
 *(.stub)
 *(.gnu.warning)
 *(.gnu.linkonce.t*)
 *(.glue_7)
 .glue_7        0x0201c13c        0x0 c:/devkitpro2007/devkitarm/bin/../lib/gcc/arm-eabi/4.1.2/../../../../arm-eabi/lib/ds_arm9_crt0.o
 .glue_7        0x0201c13c        0x0 c:/devkitpro2007/devkitarm/bin/../lib/gcc/arm-eabi/4.1.2/crti.o
 .glue_7        0x0201c13c        0x0 c:/devkitpro2007/devkitarm/bin/../lib/gcc/arm-eabi/4.1.2/crtbegin.o
 .glue_7        0x0201c13c        0x0 ./SNES_global.o
 .glue_7        0x0201c13c        0x0 ./apu.o
 .glue_7        0x0201c13c        0x0 ./core.o
 .glue_7        0x0201c13c        0x0 ./engine.o
 .glue_7        0x0201c13c        0x0 ./fs.o
 .glue_7        0x0201c13c        0x0 ./gui.o
 .glue_7        0x0201c13c        0x0 ./intr.o
 .glue_7        0x0201c13c        0x0 ./main.o
 .glue_7        0x0201c13c        0x0 ./memmap.o
 .glue_7        0x0201c13c        0x0 ./opcodes.o
 .glue_7        0x0201c13c        0x0 ./ppu.o
 .glue_7        0x0201c13c        0x0 ./snapshot.o
 .glue_7        0x0201c13c        0x0 ./snes.o
 .glue_7        0x0201c13c        0x0 ./touch.o
 .glue_7        0x0201c13c        0x0 c:/devkitPro2007/libnds/lib\libnds9.a(console.o)
 .glue_7        0x0201c13c        0x0 c:/devkitPro2007/libnds/lib\libnds9.a(initSystem.o)
 .glue_7        0x0201c13c        0x0 c:/devkitPro2007/libnds/lib\libnds9.a(keys.o)
 .glue_7        0x0201c13c        0x0 c:/devkitPro2007/libnds/lib\libnds9.a(video.o)
 .glue_7        0x0201c13c        0x0 c:/devkitPro2007/libnds/lib\libnds9.a(biosCalls.o)
 .glue_7        0x0201c13c        0x0 c:/devkitPro2007/libnds/lib\libnds9.a(default_font.o)
 .glue_7        0x0201c13c        0x0 c:/devkitpro2007/devkitarm/bin/../lib/gcc/arm-eabi/4.1.2\libgcc.a(_divsi3.o)
 .glue_7        0x0201c13c        0x0 c:/devkitpro2007/devkitarm/bin/../lib/gcc/arm-eabi/4.1.2\libgcc.a(_dvmd_tls.o)
 .glue_7        0x0201c13c        0x0 c:/devkitpro2007/devkitarm/bin/../lib/gcc/arm-eabi/4.1.2/../../../../arm-eabi/lib\libc.a(lib_a-fwrite.o)
 .glue_7        0x0201c13c        0x0 c:/devkitpro2007/devkitarm/bin/../lib/gcc/arm-eabi/4.1.2/../../../../arm-eabi/lib\libc.a(lib_a-impure.o)
 .glue_7        0x0201c13c        0x0 c:/devkitpro2007/devkitarm/bin/../lib/gcc/arm-eabi/4.1.2/../../../../arm-eabi/lib\libc.a(lib_a-init.o)
 .glue_7        0x0201c13c        0x0 c:/devkitpro2007/devkitarm/bin/../lib/gcc/arm-eabi/4.1.2/../../../../arm-eabi/lib\libc.a(lib_a-iprintf.o)
 .glue_7        0x0201c13c        0x0 c:/devkitpro2007/devkitarm/bin/../lib/gcc/arm-eabi/4.1.2/../../../../arm-eabi/lib\libc.a(lib_a-malloc.o)
 .glue_7        0x0201c13c        0x0 c:/devkitpro2007/devkitarm/bin/../lib/gcc/arm-eabi/4.1.2/../../../../arm-eabi/lib\libc.a(lib_a-mallocr.o)
 .glue_7        0x0201c13c        0x0 c:/devkitpro2007/devkitarm/bin/../lib/gcc/arm-eabi/4.1.2/../../../../arm-eabi/lib\libc.a(lib_a-memcpy.o)
 .glue_7        0x0201c13c        0x0 c:/devkitpro2007/devkitarm/bin/../lib/gcc/arm-eabi/4.1.2/../../../../arm-eabi/lib\libc.a(lib_a-memmove.o)
 .glue_7        0x0201c13c        0x0 c:/devkitpro2007/devkitarm/bin/../lib/gcc/arm-eabi/4.1.2/../../../../arm-eabi/lib\libc.a(lib_a-memset.o)
 .glue_7        0x0201c13c        0x0 c:/devkitpro2007/devkitarm/bin/../lib/gcc/arm-eabi/4.1.2/../../../../arm-eabi/lib\libc.a(lib_a-mlock.o)
 .glue_7        0x0201c13c        0x0 c:/devkitpro2007/devkitarm/bin/../lib/gcc/arm-eabi/4.1.2/../../../../arm-eabi/lib\libc.a(lib_a-printf.o)
 .glue_7        0x0201c13c        0x0 c:/devkitpro2007/devkitarm/bin/../lib/gcc/arm-eabi/4.1.2/../../../../arm-eabi/lib\libc.a(lib_a-puts.o)
 .glue_7        0x0201c13c        0x0 c:/devkitpro2007/devkitarm/bin/../lib/gcc/arm-eabi/4.1.2/../../../../arm-eabi/lib\libc.a(lib_a-setvbuf.o)
 .glue_7        0x0201c13c        0x0 c:/devkitpro2007/devkitarm/bin/../lib/gcc/arm-eabi/4.1.2/../../../../arm-eabi/lib\libc.a(lib_a-siscanf.o)
 .glue_7        0x0201c13c        0x0 c:/devkitpro2007/devkitarm/bin/../lib/gcc/arm-eabi/4.1.2/../../../../arm-eabi/lib\libc.a(lib_a-sprintf.o)
 .glue_7        0x0201c13c        0x0 c:/devkitpro2007/devkitarm/bin/../lib/gcc/arm-eabi/4.1.2/../../../../arm-eabi/lib\libc.a(lib_a-strcat.o)
 .glue_7        0x0201c13c        0x0 c:/devkitpro2007/devkitarm/bin/../lib/gcc/arm-eabi/4.1.2/../../../../arm-eabi/lib\libc.a(lib_a-strchr.o)
 .glue_7        0x0201c13c        0x0 c:/devkitpro2007/devkitarm/bin/../lib/gcc/arm-eabi/4.1.2/../../../../arm-eabi/lib\libc.a(lib_a-strcmp.o)
 .glue_7        0x0201c13c        0x0 c:/devkitpro2007/devkitarm/bin/../lib/gcc/arm-eabi/4.1.2/../../../../arm-eabi/lib\libc.a(lib_a-strcpy.o)
 .glue_7        0x0201c13c        0x0 c:/devkitpro2007/devkitarm/bin/../lib/gcc/arm-eabi/4.1.2/../../../../arm-eabi/lib\libc.a(lib_a-strdup.o)
 .glue_7        0x0201c13c        0x0 c:/devkitpro2007/devkitarm/bin/../lib/gcc/arm-eabi/4.1.2/../../../../arm-eabi/lib\libc.a(lib_a-strdup_r.o)
 .glue_7        0x0201c13c        0x0 c:/devkitpro2007/devkitarm/bin/../lib/gcc/arm-eabi/4.1.2/../../../../arm-eabi/lib\libc.a(lib_a-strlen.o)
 .glue_7        0x0201c13c        0x0 c:/devkitpro2007/devkitarm/bin/../lib/gcc/arm-eabi/4.1.2/../../../../arm-eabi/lib\libc.a(lib_a-strncpy.o)
 .glue_7        0x0201c13c        0x0 c:/devkitpro2007/devkitarm/bin/../lib/gcc/arm-eabi/4.1.2/../../../../arm-eabi/lib\libc.a(lib_a-strrchr.o)
 .glue_7        0x0201c13c        0x0 c:/devkitpro2007/devkitarm/bin/../lib/gcc/arm-eabi/4.1.2/../../../../arm-eabi/lib\libc.a(lib_a-strstr.o)
 .glue_7        0x0201c13c        0x0 c:/devkitpro2007/devkitarm/bin/../lib/gcc/arm-eabi/4.1.2/../../../../arm-eabi/lib\libc.a(lib_a-toupper.o)
 .glue_7        0x0201c13c        0x0 c:/devkitpro2007/devkitarm/bin/../lib/gcc/arm-eabi/4.1.2/../../../../arm-eabi/lib\libc.a(lib_a-vfiprintf.o)
 .glue_7        0x0201c13c        0x0 c:/devkitpro2007/devkitarm/bin/../lib/gcc/arm-eabi/4.1.2/../../../../arm-eabi/lib\libc.a(lib_a-vfiscanf.o)
 .glue_7        0x0201c13c        0x0 c:/devkitpro2007/devkitarm/bin/../lib/gcc/arm-eabi/4.1.2/../../../../arm-eabi/lib\libc.a(lib_a-vfprintf.o)
 .glue_7        0x0201c13c        0x0 c:/devkitpro2007/devkitarm/bin/../lib/gcc/arm-eabi/4.1.2/../../../../arm-eabi/lib\libc.a(lib_a-vsnprintf.o)
 .glue_7        0x0201c13c        0x0 c:/devkitpro2007/devkitarm/bin/../lib/gcc/arm-eabi/4.1.2/../../../../arm-eabi/lib\libc.a(lib_a-wcrtomb.o)
 .glue_7        0x0201c13c        0x0 c:/devkitpro2007/devkitarm/bin/../lib/gcc/arm-eabi/4.1.2/../../../../arm-eabi/lib\libc.a(lib_a-wcsrtombs.o)
 .glue_7        0x0201c13c        0x0 c:/devkitpro2007/devkitarm/bin/../lib/gcc/arm-eabi/4.1.2/../../../../arm-eabi/lib\libc.a(lib_a-wctomb_r.o)
 .glue_7        0x0201c13c        0x0 c:/devkitpro2007/devkitarm/bin/../lib/gcc/arm-eabi/4.1.2/../../../../arm-eabi/lib\libc.a(lib_a-wsetup.o)
 .glue_7        0x0201c13c        0x0 c:/devkitpro2007/devkitarm/bin/../lib/gcc/arm-eabi/4.1.2/../../../../arm-eabi/lib\libc.a(lib_a-ctype_.o)
 .glue_7        0x0201c13c        0x0 c:/devkitpro2007/devkitarm/bin/../lib/gcc/arm-eabi/4.1.2/../../../../arm-eabi/lib\libc.a(lib_a-dtoa.o)
 .glue_7        0x0201c13c        0x0 c:/devkitpro2007/devkitarm/bin/../lib/gcc/arm-eabi/4.1.2/../../../../arm-eabi/lib\libc.a(lib_a-fflush.o)
 .glue_7        0x0201c13c        0x0 c:/devkitpro2007/devkitarm/bin/../lib/gcc/arm-eabi/4.1.2/../../../../arm-eabi/lib\libc.a(lib_a-findfp.o)
 .glue_7        0x0201c13c        0x0 c:/devkitpro2007/devkitarm/bin/../lib/gcc/arm-eabi/4.1.2/../../../../arm-eabi/lib\libc.a(lib_a-fread.o)
 .glue_7        0x0201c13c        0x0 c:/devkitpro2007/devkitarm/bin/../lib/gcc/arm-eabi/4.1.2/../../../../arm-eabi/lib\libc.a(lib_a-freer.o)
 .glue_7        0x0201c13c        0x0 c:/devkitpro2007/devkitarm/bin/../lib/gcc/arm-eabi/4.1.2/../../../../arm-eabi/lib\libc.a(lib_a-fvwrite.o)
 .glue_7        0x0201c13c        0x0 c:/devkitpro2007/devkitarm/bin/../lib/gcc/arm-eabi/4.1.2/../../../../arm-eabi/lib\libc.a(lib_a-fwalk.o)
 .glue_7        0x0201c13c        0x0 c:/devkitpro2007/devkitarm/bin/../lib/gcc/arm-eabi/4.1.2/../../../../arm-eabi/lib\libc.a(lib_a-iswspace.o)
 .glue_7        0x0201c13c        0x0 c:/devkitpro2007/devkitarm/bin/../lib/gcc/arm-eabi/4.1.2/../../../../arm-eabi/lib\libc.a(lib_a-locale.o)
 .glue_7        0x0201c13c        0x0 c:/devkitpro2007/devkitarm/bin/../lib/gcc/arm-eabi/4.1.2/../../../../arm-eabi/lib\libc.a(lib_a-makebuf.o)
 .glue_7        0x0201c13c        0x0 c:/devkitpro2007/devkitarm/bin/../lib/gcc/arm-eabi/4.1.2/../../../../arm-eabi/lib\libc.a(lib_a-mbrtowc.o)
 .glue_7        0x0201c13c        0x0 c:/devkitpro2007/devkitarm/bin/../lib/gcc/arm-eabi/4.1.2/../../../../arm-eabi/lib\libc.a(lib_a-mbtowc_r.o)
 .glue_7        0x0201c13c        0x0 c:/devkitpro2007/devkitarm/bin/../lib/gcc/arm-eabi/4.1.2/../../../../arm-eabi/lib\libc.a(lib_a-memchr.o)
 .glue_7        0x0201c13c        0x0 c:/devkitpro2007/devkitarm/bin/../lib/gcc/arm-eabi/4.1.2/../../../../arm-eabi/lib\libc.a(lib_a-mprec.o)
 .glue_7        0x0201c13c        0x0 c:/devkitpro2007/devkitarm/bin/../lib/gcc/arm-eabi/4.1.2/../../../../arm-eabi/lib\libc.a(lib_a-reallocr.o)
 .glue_7        0x0201c13c        0x0 c:/devkitpro2007/devkitarm/bin/../lib/gcc/arm-eabi/4.1.2/../../../../arm-eabi/lib\libc.a(lib_a-refill.o)
 .glue_7        0x0201c13c        0x0 c:/devkitpro2007/devkitarm/bin/../lib/gcc/arm-eabi/4.1.2/../../../../arm-eabi/lib\libc.a(lib_a-s_isinfd.o)
 .glue_7        0x0201c13c        0x0 c:/devkitpro2007/devkitarm/bin/../lib/gcc/arm-eabi/4.1.2/../../../../arm-eabi/lib\libc.a(lib_a-s_isnand.o)
 .glue_7        0x0201c13c        0x0 c:/devkitpro2007/devkitarm/bin/../lib/gcc/arm-eabi/4.1.2/../../../../arm-eabi/lib\libc.a(lib_a-sccl.o)
 .glue_7        0x0201c13c        0x0 c:/devkitpro2007/devkitarm/bin/../lib/gcc/arm-eabi/4.1.2/../../../../arm-eabi/lib\libc.a(lib_a-stdio.o)
 .glue_7        0x0201c13c        0x0 c:/devkitpro2007/devkitarm/bin/../lib/gcc/arm-eabi/4.1.2/../../../../arm-eabi/lib\libc.a(lib_a-strtol.o)
 .glue_7        0x0201c13c        0x0 c:/devkitpro2007/devkitarm/bin/../lib/gcc/arm-eabi/4.1.2/../../../../arm-eabi/lib\libc.a(lib_a-strtoul.o)
 .glue_7        0x0201c13c        0x0 c:/devkitpro2007/devkitarm/bin/../lib/gcc/arm-eabi/4.1.2/../../../../arm-eabi/lib\libc.a(lib_a-ungetc.o)
 .glue_7        0x0201c13c        0x0 c:/devkitpro2007/devkitarm/bin/../lib/gcc/arm-eabi/4.1.2/../../../../arm-eabi/lib\libc.a(lib_a-callocr.o)
 .glue_7        0x0201c13c        0x0 c:/devkitpro2007/devkitarm/bin/../lib/gcc/arm-eabi/4.1.2/../../../../arm-eabi/lib\libc.a(lib_a-fclose.o)
 .glue_7        0x0201c13c        0x0 c:/devkitpro2007/devkitarm/bin/../lib/gcc/arm-eabi/4.1.2\libgcc.a(_udivsi3.o)
 .glue_7        0x0201c13c        0x0 c:/devkitpro2007/devkitarm/bin/../lib/gcc/arm-eabi/4.1.2\libgcc.a(_addsubdf3.o)
 .glue_7        0x0201c13c        0x0 c:/devkitpro2007/devkitarm/bin/../lib/gcc/arm-eabi/4.1.2\libgcc.a(_muldivdf3.o)
 .glue_7        0x0201c13c        0x0 c:/devkitpro2007/devkitarm/bin/../lib/gcc/arm-eabi/4.1.2\libgcc.a(_cmpdf2.o)
 .glue_7        0x0201c13c        0x0 c:/devkitpro2007/devkitarm/bin/../lib/gcc/arm-eabi/4.1.2\libgcc.a(_fixdfsi.o)
 .glue_7        0x0201c13c        0x0 c:/devkitpro2007/devkitarm/bin/../lib/gcc/arm-eabi/4.1.2/../../../../arm-eabi/lib\libsysbase.a(iosupport.o)
 .glue_7        0x0201c13c        0x0 c:/devkitpro2007/devkitarm/bin/../lib/gcc/arm-eabi/4.1.2/../../../../arm-eabi/lib\libsysbase.a(close.o)
 .glue_7        0x0201c13c        0x0 c:/devkitpro2007/devkitarm/bin/../lib/gcc/arm-eabi/4.1.2/../../../../arm-eabi/lib\libsysbase.a(fstat.o)
 .glue_7        0x0201c13c        0x0 c:/devkitpro2007/devkitarm/bin/../lib/gcc/arm-eabi/4.1.2/../../../../arm-eabi/lib\libsysbase.a(isatty.o)
 .glue_7        0x0201c13c        0x0 c:/devkitpro2007/devkitarm/bin/../lib/gcc/arm-eabi/4.1.2/../../../../arm-eabi/lib\libsysbase.a(lseek.o)
 .glue_7        0x0201c13c        0x0 c:/devkitpro2007/devkitarm/bin/../lib/gcc/arm-eabi/4.1.2/../../../../arm-eabi/lib\libsysbase.a(read.o)
 .glue_7        0x0201c13c        0x0 c:/devkitpro2007/devkitarm/bin/../lib/gcc/arm-eabi/4.1.2/../../../../arm-eabi/lib\libsysbase.a(sbrk.o)
 .glue_7        0x0201c13c        0x0 c:/devkitpro2007/devkitarm/bin/../lib/gcc/arm-eabi/4.1.2/../../../../arm-eabi/lib\libsysbase.a(times.o)
 .glue_7        0x0201c13c        0x0 c:/devkitpro2007/devkitarm/bin/../lib/gcc/arm-eabi/4.1.2/../../../../arm-eabi/lib\libsysbase.a(write.o)
 .glue_7        0x0201c13c        0x0 c:/devkitpro2007/devkitarm/bin/../lib/gcc/arm-eabi/4.1.2/../../../../arm-eabi/lib\libsysbase.a(malloc_vars.o)
 .glue_7        0x0201c13c        0x0 c:/devkitpro2007/devkitarm/bin/../lib/gcc/arm-eabi/4.1.2/../../../../arm-eabi/lib\libsysbase.a(build_argv.o)
 .glue_7        0x0201c13c        0x0 c:/devkitpro2007/devkitarm/bin/../lib/gcc/arm-eabi/4.1.2/../../../../arm-eabi/lib\libc.a(lib_a-errno.o)
 .glue_7        0x0201c13c        0x0 c:/devkitpro2007/devkitarm/bin/../lib/gcc/arm-eabi/4.1.2/../../../../arm-eabi/lib\libc.a(lib_a-strncmp.o)
 .glue_7        0x0201c13c       0x90 c:/devkitpro2007/devkitarm/bin/../lib/gcc/arm-eabi/4.1.2/crtend.o
                0x0201c160                __keysHeld_from_arm
                0x0201c154                __scanKeys_from_arm
                0x0201c16c                __keysDown_from_arm
                0x0201c190                __vramSetBankC_from_arm
                0x0201c1c0                __consoleInitDefault_from_arm
                0x0201c13c                __consoleClear_from_arm
                0x0201c184                __vramSetBankB_from_arm
                0x0201c1b4                __vramSetBankI_from_arm
                0x0201c178                __vramSetBankA_from_arm
                0x0201c1a8                __vramSetBankH_from_arm
                0x0201c19c                __vramSetBankD_from_arm
                0x0201c148                __swiWaitForVBlank_from_arm
 .glue_7        0x0201c1cc        0x0 c:/devkitpro2007/devkitarm/bin/../lib/gcc/arm-eabi/4.1.2/crtn.o
 *(.glue_7t)
 .glue_7t       0x0201c1cc        0x0 c:/devkitpro2007/devkitarm/bin/../lib/gcc/arm-eabi/4.1.2/../../../../arm-eabi/lib/ds_arm9_crt0.o
 .glue_7t       0x0201c1cc        0x0 c:/devkitpro2007/devkitarm/bin/../lib/gcc/arm-eabi/4.1.2/crti.o
 .glue_7t       0x0201c1cc        0x0 c:/devkitpro2007/devkitarm/bin/../lib/gcc/arm-eabi/4.1.2/crtbegin.o
 .glue_7t       0x0201c1cc        0x0 ./SNES_global.o
 .glue_7t       0x0201c1cc        0x0 ./apu.o
 .glue_7t       0x0201c1cc        0x0 ./core.o
 .glue_7t       0x0201c1cc        0x0 ./engine.o
 .glue_7t       0x0201c1cc        0x0 ./fs.o
 .glue_7t       0x0201c1cc        0x0 ./gui.o
 .glue_7t       0x0201c1cc        0x0 ./intr.o
 .glue_7t       0x0201c1cc        0x0 ./main.o
 .glue_7t       0x0201c1cc        0x0 ./memmap.o
 .glue_7t       0x0201c1cc        0x0 ./opcodes.o
 .glue_7t       0x0201c1cc        0x0 ./ppu.o
 .glue_7t       0x0201c1cc        0x0 ./snapshot.o
 .glue_7t       0x0201c1cc        0x0 ./snes.o
 .glue_7t       0x0201c1cc        0x0 ./touch.o
 .glue_7t       0x0201c1cc        0x0 c:/devkitPro2007/libnds/lib\libnds9.a(console.o)
 .glue_7t       0x0201c1cc        0x0 c:/devkitPro2007/libnds/lib\libnds9.a(initSystem.o)
 .glue_7t       0x0201c1cc        0x0 c:/devkitPro2007/libnds/lib\libnds9.a(keys.o)
 .glue_7t       0x0201c1cc        0x0 c:/devkitPro2007/libnds/lib\libnds9.a(video.o)
 .glue_7t       0x0201c1cc        0x0 c:/devkitPro2007/libnds/lib\libnds9.a(biosCalls.o)
 .glue_7t       0x0201c1cc        0x0 c:/devkitPro2007/libnds/lib\libnds9.a(default_font.o)
 .glue_7t       0x0201c1cc        0x0 c:/devkitpro2007/devkitarm/bin/../lib/gcc/arm-eabi/4.1.2\libgcc.a(_divsi3.o)
 .glue_7t       0x0201c1cc        0x0 c:/devkitpro2007/devkitarm/bin/../lib/gcc/arm-eabi/4.1.2\libgcc.a(_dvmd_tls.o)
 .glue_7t       0x0201c1cc        0x0 c:/devkitpro2007/devkitarm/bin/../lib/gcc/arm-eabi/4.1.2/../../../../arm-eabi/lib\libc.a(lib_a-fwrite.o)
 .glue_7t       0x0201c1cc        0x0 c:/devkitpro2007/devkitarm/bin/../lib/gcc/arm-eabi/4.1.2/../../../../arm-eabi/lib\libc.a(lib_a-impure.o)
 .glue_7t       0x0201c1cc        0x0 c:/devkitpro2007/devkitarm/bin/../lib/gcc/arm-eabi/4.1.2/../../../../arm-eabi/lib\libc.a(lib_a-init.o)
 .glue_7t       0x0201c1cc        0x0 c:/devkitpro2007/devkitarm/bin/../lib/gcc/arm-eabi/4.1.2/../../../../arm-eabi/lib\libc.a(lib_a-iprintf.o)
 .glue_7t       0x0201c1cc        0x0 c:/devkitpro2007/devkitarm/bin/../lib/gcc/arm-eabi/4.1.2/../../../../arm-eabi/lib\libc.a(lib_a-malloc.o)
 .glue_7t       0x0201c1cc        0x0 c:/devkitpro2007/devkitarm/bin/../lib/gcc/arm-eabi/4.1.2/../../../../arm-eabi/lib\libc.a(lib_a-mallocr.o)
 .glue_7t       0x0201c1cc        0x0 c:/devkitpro2007/devkitarm/bin/../lib/gcc/arm-eabi/4.1.2/../../../../arm-eabi/lib\libc.a(lib_a-memcpy.o)
 .glue_7t       0x0201c1cc        0x0 c:/devkitpro2007/devkitarm/bin/../lib/gcc/arm-eabi/4.1.2/../../../../arm-eabi/lib\libc.a(lib_a-memmove.o)
 .glue_7t       0x0201c1cc        0x0 c:/devkitpro2007/devkitarm/bin/../lib/gcc/arm-eabi/4.1.2/../../../../arm-eabi/lib\libc.a(lib_a-memset.o)
 .glue_7t       0x0201c1cc        0x0 c:/devkitpro2007/devkitarm/bin/../lib/gcc/arm-eabi/4.1.2/../../../../arm-eabi/lib\libc.a(lib_a-mlock.o)
 .glue_7t       0x0201c1cc        0x0 c:/devkitpro2007/devkitarm/bin/../lib/gcc/arm-eabi/4.1.2/../../../../arm-eabi/lib\libc.a(lib_a-printf.o)
 .glue_7t       0x0201c1cc        0x0 c:/devkitpro2007/devkitarm/bin/../lib/gcc/arm-eabi/4.1.2/../../../../arm-eabi/lib\libc.a(lib_a-puts.o)
 .glue_7t       0x0201c1cc        0x0 c:/devkitpro2007/devkitarm/bin/../lib/gcc/arm-eabi/4.1.2/../../../../arm-eabi/lib\libc.a(lib_a-setvbuf.o)
 .glue_7t       0x0201c1cc        0x0 c:/devkitpro2007/devkitarm/bin/../lib/gcc/arm-eabi/4.1.2/../../../../arm-eabi/lib\libc.a(lib_a-siscanf.o)
 .glue_7t       0x0201c1cc        0x0 c:/devkitpro2007/devkitarm/bin/../lib/gcc/arm-eabi/4.1.2/../../../../arm-eabi/lib\libc.a(lib_a-sprintf.o)
 .glue_7t       0x0201c1cc        0x0 c:/devkitpro2007/devkitarm/bin/../lib/gcc/arm-eabi/4.1.2/../../../../arm-eabi/lib\libc.a(lib_a-strcat.o)
 .glue_7t       0x0201c1cc        0x0 c:/devkitpro2007/devkitarm/bin/../lib/gcc/arm-eabi/4.1.2/../../../../arm-eabi/lib\libc.a(lib_a-strchr.o)
 .glue_7t       0x0201c1cc        0x0 c:/devkitpro2007/devkitarm/bin/../lib/gcc/arm-eabi/4.1.2/../../../../arm-eabi/lib\libc.a(lib_a-strcmp.o)
 .glue_7t       0x0201c1cc        0x0 c:/devkitpro2007/devkitarm/bin/../lib/gcc/arm-eabi/4.1.2/../../../../arm-eabi/lib\libc.a(lib_a-strcpy.o)
 .glue_7t       0x0201c1cc        0x0 c:/devkitpro2007/devkitarm/bin/../lib/gcc/arm-eabi/4.1.2/../../../../arm-eabi/lib\libc.a(lib_a-strdup.o)
 .glue_7t       0x0201c1cc        0x0 c:/devkitpro2007/devkitarm/bin/../lib/gcc/arm-eabi/4.1.2/../../../../arm-eabi/lib\libc.a(lib_a-strdup_r.o)
 .glue_7t       0x0201c1cc        0x0 c:/devkitpro2007/devkitarm/bin/../lib/gcc/arm-eabi/4.1.2/../../../../arm-eabi/lib\libc.a(lib_a-strlen.o)
 .glue_7t       0x0201c1cc        0x0 c:/devkitpro2007/devkitarm/bin/../lib/gcc/arm-eabi/4.1.2/../../../../arm-eabi/lib\libc.a(lib_a-strncpy.o)
 .glue_7t       0x0201c1cc        0x0 c:/devkitpro2007/devkitarm/bin/../lib/gcc/arm-eabi/4.1.2/../../../../arm-eabi/lib\libc.a(lib_a-strrchr.o)
 .glue_7t       0x0201c1cc        0x0 c:/devkitpro2007/devkitarm/bin/../lib/gcc/arm-eabi/4.1.2/../../../../arm-eabi/lib\libc.a(lib_a-strstr.o)
 .glue_7t       0x0201c1cc        0x0 c:/devkitpro2007/devkitarm/bin/../lib/gcc/arm-eabi/4.1.2/../../../../arm-eabi/lib\libc.a(lib_a-toupper.o)
 .glue_7t       0x0201c1cc        0x0 c:/devkitpro2007/devkitarm/bin/../lib/gcc/arm-eabi/4.1.2/../../../../arm-eabi/lib\libc.a(lib_a-vfiprintf.o)
 .glue_7t       0x0201c1cc        0x0 c:/devkitpro2007/devkitarm/bin/../lib/gcc/arm-eabi/4.1.2/../../../../arm-eabi/lib\libc.a(lib_a-vfiscanf.o)
 .glue_7t       0x0201c1cc        0x0 c:/devkitpro2007/devkitarm/bin/../lib/gcc/arm-eabi/4.1.2/../../../../arm-eabi/lib\libc.a(lib_a-vfprintf.o)
 .glue_7t       0x0201c1cc        0x0 c:/devkitpro2007/devkitarm/bin/../lib/gcc/arm-eabi/4.1.2/../../../../arm-eabi/lib\libc.a(lib_a-vsnprintf.o)
 .glue_7t       0x0201c1cc        0x0 c:/devkitpro2007/devkitarm/bin/../lib/gcc/arm-eabi/4.1.2/../../../../arm-eabi/lib\libc.a(lib_a-wcrtomb.o)
 .glue_7t       0x0201c1cc        0x0 c:/devkitpro2007/devkitarm/bin/../lib/gcc/arm-eabi/4.1.2/../../../../arm-eabi/lib\libc.a(lib_a-wcsrtombs.o)
 .glue_7t       0x0201c1cc        0x0 c:/devkitpro2007/devkitarm/bin/../lib/gcc/arm-eabi/4.1.2/../../../../arm-eabi/lib\libc.a(lib_a-wctomb_r.o)
 .glue_7t       0x0201c1cc        0x0 c:/devkitpro2007/devkitarm/bin/../lib/gcc/arm-eabi/4.1.2/../../../../arm-eabi/lib\libc.a(lib_a-wsetup.o)
 .glue_7t       0x0201c1cc        0x0 c:/devkitpro2007/devkitarm/bin/../lib/gcc/arm-eabi/4.1.2/../../../../arm-eabi/lib\libc.a(lib_a-ctype_.o)
 .glue_7t       0x0201c1cc        0x0 c:/devkitpro2007/devkitarm/bin/../lib/gcc/arm-eabi/4.1.2/../../../../arm-eabi/lib\libc.a(lib_a-dtoa.o)
 .glue_7t       0x0201c1cc        0x0 c:/devkitpro2007/devkitarm/bin/../lib/gcc/arm-eabi/4.1.2/../../../../arm-eabi/lib\libc.a(lib_a-fflush.o)
 .glue_7t       0x0201c1cc        0x0 c:/devkitpro2007/devkitarm/bin/../lib/gcc/arm-eabi/4.1.2/../../../../arm-eabi/lib\libc.a(lib_a-findfp.o)
 .glue_7t       0x0201c1cc        0x0 c:/devkitpro2007/devkitarm/bin/../lib/gcc/arm-eabi/4.1.2/../../../../arm-eabi/lib\libc.a(lib_a-fread.o)
 .glue_7t       0x0201c1cc        0x0 c:/devkitpro2007/devkitarm/bin/../lib/gcc/arm-eabi/4.1.2/../../../../arm-eabi/lib\libc.a(lib_a-freer.o)
 .glue_7t       0x0201c1cc        0x0 c:/devkitpro2007/devkitarm/bin/../lib/gcc/arm-eabi/4.1.2/../../../../arm-eabi/lib\libc.a(lib_a-fvwrite.o)
 .glue_7t       0x0201c1cc        0x0 c:/devkitpro2007/devkitarm/bin/../lib/gcc/arm-eabi/4.1.2/../../../../arm-eabi/lib\libc.a(lib_a-fwalk.o)
 .glue_7t       0x0201c1cc        0x0 c:/devkitpro2007/devkitarm/bin/../lib/gcc/arm-eabi/4.1.2/../../../../arm-eabi/lib\libc.a(lib_a-iswspace.o)
 .glue_7t       0x0201c1cc        0x0 c:/devkitpro2007/devkitarm/bin/../lib/gcc/arm-eabi/4.1.2/../../../../arm-eabi/lib\libc.a(lib_a-locale.o)
 .glue_7t       0x0201c1cc        0x0 c:/devkitpro2007/devkitarm/bin/../lib/gcc/arm-eabi/4.1.2/../../../../arm-eabi/lib\libc.a(lib_a-makebuf.o)
 .glue_7t       0x0201c1cc        0x0 c:/devkitpro2007/devkitarm/bin/../lib/gcc/arm-eabi/4.1.2/../../../../arm-eabi/lib\libc.a(lib_a-mbrtowc.o)
 .glue_7t       0x0201c1cc        0x0 c:/devkitpro2007/devkitarm/bin/../lib/gcc/arm-eabi/4.1.2/../../../../arm-eabi/lib\libc.a(lib_a-mbtowc_r.o)
 .glue_7t       0x0201c1cc        0x0 c:/devkitpro2007/devkitarm/bin/../lib/gcc/arm-eabi/4.1.2/../../../../arm-eabi/lib\libc.a(lib_a-memchr.o)
 .glue_7t       0x0201c1cc        0x0 c:/devkitpro2007/devkitarm/bin/../lib/gcc/arm-eabi/4.1.2/../../../../arm-eabi/lib\libc.a(lib_a-mprec.o)
 .glue_7t       0x0201c1cc        0x0 c:/devkitpro2007/devkitarm/bin/../lib/gcc/arm-eabi/4.1.2/../../../../arm-eabi/lib\libc.a(lib_a-reallocr.o)
 .glue_7t       0x0201c1cc        0x0 c:/devkitpro2007/devkitarm/bin/../lib/gcc/arm-eabi/4.1.2/../../../../arm-eabi/lib\libc.a(lib_a-refill.o)
 .glue_7t       0x0201c1cc        0x0 c:/devkitpro2007/devkitarm/bin/../lib/gcc/arm-eabi/4.1.2/../../../../arm-eabi/lib\libc.a(lib_a-s_isinfd.o)
 .glue_7t       0x0201c1cc        0x0 c:/devkitpro2007/devkitarm/bin/../lib/gcc/arm-eabi/4.1.2/../../../../arm-eabi/lib\libc.a(lib_a-s_isnand.o)
 .glue_7t       0x0201c1cc        0x0 c:/devkitpro2007/devkitarm/bin/../lib/gcc/arm-eabi/4.1.2/../../../../arm-eabi/lib\libc.a(lib_a-sccl.o)
 .glue_7t       0x0201c1cc        0x0 c:/devkitpro2007/devkitarm/bin/../lib/gcc/arm-eabi/4.1.2/../../../../arm-eabi/lib\libc.a(lib_a-stdio.o)
 .glue_7t       0x0201c1cc        0x0 c:/devkitpro2007/devkitarm/bin/../lib/gcc/arm-eabi/4.1.2/../../../../arm-eabi/lib\libc.a(lib_a-strtol.o)
 .glue_7t       0x0201c1cc        0x0 c:/devkitpro2007/devkitarm/bin/../lib/gcc/arm-eabi/4.1.2/../../../../arm-eabi/lib\libc.a(lib_a-strtoul.o)
 .glue_7t       0x0201c1cc        0x0 c:/devkitpro2007/devkitarm/bin/../lib/gcc/arm-eabi/4.1.2/../../../../arm-eabi/lib\libc.a(lib_a-ungetc.o)
 .glue_7t       0x0201c1cc        0x0 c:/devkitpro2007/devkitarm/bin/../lib/gcc/arm-eabi/4.1.2/../../../../arm-eabi/lib\libc.a(lib_a-callocr.o)
 .glue_7t       0x0201c1cc        0x0 c:/devkitpro2007/devkitarm/bin/../lib/gcc/arm-eabi/4.1.2/../../../../arm-eabi/lib\libc.a(lib_a-fclose.o)
 .glue_7t       0x0201c1cc        0x0 c:/devkitpro2007/devkitarm/bin/../lib/gcc/arm-eabi/4.1.2\libgcc.a(_udivsi3.o)
 .glue_7t       0x0201c1cc        0x0 c:/devkitpro2007/devkitarm/bin/../lib/gcc/arm-eabi/4.1.2\libgcc.a(_addsubdf3.o)
 .glue_7t       0x0201c1cc        0x0 c:/devkitpro2007/devkitarm/bin/../lib/gcc/arm-eabi/4.1.2\libgcc.a(_muldivdf3.o)
 .glue_7t       0x0201c1cc        0x0 c:/devkitpro2007/devkitarm/bin/../lib/gcc/arm-eabi/4.1.2\libgcc.a(_cmpdf2.o)
 .glue_7t       0x0201c1cc        0x0 c:/devkitpro2007/devkitarm/bin/../lib/gcc/arm-eabi/4.1.2\libgcc.a(_fixdfsi.o)
 .glue_7t       0x0201c1cc        0x0 c:/devkitpro2007/devkitarm/bin/../lib/gcc/arm-eabi/4.1.2/../../../../arm-eabi/lib\libsysbase.a(iosupport.o)
 .glue_7t       0x0201c1cc        0x0 c:/devkitpro2007/devkitarm/bin/../lib/gcc/arm-eabi/4.1.2/../../../../arm-eabi/lib\libsysbase.a(close.o)
 .glue_7t       0x0201c1cc        0x0 c:/devkitpro2007/devkitarm/bin/../lib/gcc/arm-eabi/4.1.2/../../../../arm-eabi/lib\libsysbase.a(fstat.o)
 .glue_7t       0x0201c1cc        0x0 c:/devkitpro2007/devkitarm/bin/../lib/gcc/arm-eabi/4.1.2/../../../../arm-eabi/lib\libsysbase.a(isatty.o)
 .glue_7t       0x0201c1cc        0x0 c:/devkitpro2007/devkitarm/bin/../lib/gcc/arm-eabi/4.1.2/../../../../arm-eabi/lib\libsysbase.a(lseek.o)
 .glue_7t       0x0201c1cc        0x0 c:/devkitpro2007/devkitarm/bin/../lib/gcc/arm-eabi/4.1.2/../../../../arm-eabi/lib\libsysbase.a(read.o)
 .glue_7t       0x0201c1cc        0x0 c:/devkitpro2007/devkitarm/bin/../lib/gcc/arm-eabi/4.1.2/../../../../arm-eabi/lib\libsysbase.a(sbrk.o)
 .glue_7t       0x0201c1cc        0x0 c:/devkitpro2007/devkitarm/bin/../lib/gcc/arm-eabi/4.1.2/../../../../arm-eabi/lib\libsysbase.a(times.o)
 .glue_7t       0x0201c1cc        0x0 c:/devkitpro2007/devkitarm/bin/../lib/gcc/arm-eabi/4.1.2/../../../../arm-eabi/lib\libsysbase.a(write.o)
 .glue_7t       0x0201c1cc        0x0 c:/devkitpro2007/devkitarm/bin/../lib/gcc/arm-eabi/4.1.2/../../../../arm-eabi/lib\libsysbase.a(malloc_vars.o)
 .glue_7t       0x0201c1cc        0x0 c:/devkitpro2007/devkitarm/bin/../lib/gcc/arm-eabi/4.1.2/../../../../arm-eabi/lib\libsysbase.a(build_argv.o)
 .glue_7t       0x0201c1cc        0x0 c:/devkitpro2007/devkitarm/bin/../lib/gcc/arm-eabi/4.1.2/../../../../arm-eabi/lib\libc.a(lib_a-errno.o)
 .glue_7t       0x0201c1cc        0x0 c:/devkitpro2007/devkitarm/bin/../lib/gcc/arm-eabi/4.1.2/../../../../arm-eabi/lib\libc.a(lib_a-strncmp.o)
 .glue_7t       0x0201c1cc       0x18 c:/devkitpro2007/devkitarm/bin/../lib/gcc/arm-eabi/4.1.2/crtend.o
                0x0201c1d0                __iprintf_change_to_arm
                0x0201c1e0                __siscanf_change_to_arm
                0x0201c1cc                __iprintf_from_thumb
                0x0201c1dc                __siscanf_from_thumb
                0x0201c1d8                __setvbuf_change_to_arm
                0x0201c1d4                __setvbuf_from_thumb
 .glue_7t       0x0201c1e4        0x0 c:/devkitpro2007/devkitarm/bin/../lib/gcc/arm-eabi/4.1.2/crtn.o
                0x0201c1e4                . = ALIGN (0x4)

.fini           0x0201c1e4       0x18
 *(.fini)
 .fini          0x0201c1e4        0xc c:/devkitpro2007/devkitarm/bin/../lib/gcc/arm-eabi/4.1.2/crti.o
                0x0201c1e4                _fini
 .fini          0x0201c1f0        0xc c:/devkitpro2007/devkitarm/bin/../lib/gcc/arm-eabi/4.1.2/crtn.o
                0x0201c1fc                __text_end = .

.rodata         0x0201c200     0x3ad4
 *(.rodata)
 .rodata        0x0201c200      0x400 ./opcodes.o
 .rodata        0x0201c600        0xc ./ppu.o
 .rodata        0x0201c60c      0x120 c:/devkitPro2007/libnds/lib\libnds9.a(console.o)
                0x0201c6e0                dotab_stdout
 .rodata        0x0201c72c     0x2004 c:/devkitPro2007/libnds/lib\libnds9.a(default_font.o)
                0x0201e730                default_font_bin_end
                0x0201c72c                default_font_bin_size
                0x0201c730                default_font_bin
 .rodata        0x0201e730        0x4 c:/devkitpro2007/devkitarm/bin/../lib/gcc/arm-eabi/4.1.2/../../../../arm-eabi/lib\libc.a(lib_a-impure.o)
                0x0201e730                _global_impure_ptr
 .rodata        0x0201e734       0x20 c:/devkitpro2007/devkitarm/bin/../lib/gcc/arm-eabi/4.1.2/../../../../arm-eabi/lib\libc.a(lib_a-vfiprintf.o)
 .rodata        0x0201e754       0x22 c:/devkitpro2007/devkitarm/bin/../lib/gcc/arm-eabi/4.1.2/../../../../arm-eabi/lib\libc.a(lib_a-vfiscanf.o)
 .rodata        0x0201e776       0x20 c:/devkitpro2007/devkitarm/bin/../lib/gcc/arm-eabi/4.1.2/../../../../arm-eabi/lib\libc.a(lib_a-vfprintf.o)
 .rodata        0x0201e796      0x101 c:/devkitpro2007/devkitarm/bin/../lib/gcc/arm-eabi/4.1.2/../../../../arm-eabi/lib\libc.a(lib_a-ctype_.o)
                0x0201e796                _ctype_
 *fill*         0x0201e897        0x1 ff
 .rodata        0x0201e898       0x34 c:/devkitpro2007/devkitarm/bin/../lib/gcc/arm-eabi/4.1.2/../../../../arm-eabi/lib\libc.a(lib_a-locale.o)
 *fill*         0x0201e8cc        0x4 ff
 .rodata        0x0201e8d0      0x128 c:/devkitpro2007/devkitarm/bin/../lib/gcc/arm-eabi/4.1.2/../../../../arm-eabi/lib\libc.a(lib_a-mprec.o)
                0x0201e9c0                __mprec_tinytens
                0x0201e8d0                __mprec_tens
                0x0201e998                __mprec_bigtens
 .rodata        0x0201e9f8       0x50 c:/devkitpro2007/devkitarm/bin/../lib/gcc/arm-eabi/4.1.2/../../../../arm-eabi/lib\libsysbase.a(iosupport.o)
                0x0201e9f8                dotab_stdnull
 *all.rodata*(*)
 *(.roda)
 *(.rodata.*)
 .rodata.str1.4
                0x0201ea48       0x51 ./core.o
                                 0x54 (size before relaxing)
 *fill*         0x0201ea99        0x3 ff
 .rodata.str1.4
                0x0201ea9c      0xc89 ./engine.o
                                0xc90 (size before relaxing)
 *fill*         0x0201f725        0x3 ff
 .rodata.str1.4
                0x0201f728       0xb2 ./fs.o
                                 0xb4 (size before relaxing)
 *fill*         0x0201f7da        0x2 ff
 .rodata.str1.4
                0x0201f7dc       0x63 ./gui.o
                                 0x68 (size before relaxing)
 *fill*         0x0201f83f        0x1 ff
 .rodata.str1.4
                0x0201f840      0x239 ./main.o
                                0x260 (size before relaxing)
 *fill*         0x0201fa79        0x3 ff
 .rodata.str1.4
                0x0201fa7c       0x67 ./memmap.o
                                 0x68 (size before relaxing)
 *fill*         0x0201fae3        0x1 ff
 .rodata.str1.4
                0x0201fae4       0x9e ./opcodes.o
                                 0xa0 (size before relaxing)
 *fill*         0x0201fb82        0x2 ff
 .rodata.str1.4
                0x0201fb84       0x57 ./ppu.o
                                 0x58 (size before relaxing)
 *fill*         0x0201fbdb        0x1 ff
 .rodata.str1.4
                0x0201fbdc       0x21 ./snapshot.o
                                 0x2c (size before relaxing)
 *fill*         0x0201fbfd        0x3 ff
 .rodata.str1.4
                0x0201fc00       0x2c c:/devkitPro2007/libnds/lib\libnds9.a(console.o)
 .rodata.str1.4
                0x0201fc2c        0x2 c:/devkitpro2007/devkitarm/bin/../lib/gcc/arm-eabi/4.1.2/../../../../arm-eabi/lib\libc.a(lib_a-impure.o)
                                  0x4 (size before relaxing)
 .rodata.str1.4
                0x00000000        0x4 c:/devkitpro2007/devkitarm/bin/../lib/gcc/arm-eabi/4.1.2/../../../../arm-eabi/lib\libc.a(lib_a-puts.o)
 *fill*         0x0201fc2e        0x2 ff
 .rodata.str1.4
                0x0201fc30       0x4a c:/devkitpro2007/devkitarm/bin/../lib/gcc/arm-eabi/4.1.2/../../../../arm-eabi/lib\libc.a(lib_a-vfiprintf.o)
                                 0x4c (size before relaxing)
 *fill*         0x0201fc7a        0x2 ff
 .rodata.str1.4
                0x0201fc7c       0x12 c:/devkitpro2007/devkitarm/bin/../lib/gcc/arm-eabi/4.1.2/../../../../arm-eabi/lib\libc.a(lib_a-vfprintf.o)
                                 0x64 (size before relaxing)
 *fill*         0x0201fc8e        0x2 ff
 .rodata.str1.4
                0x0201fc90       0x1e c:/devkitpro2007/devkitarm/bin/../lib/gcc/arm-eabi/4.1.2/../../../../arm-eabi/lib\libc.a(lib_a-wctomb_r.o)
                                 0x20 (size before relaxing)
 *fill*         0x0201fcae        0x2 ff
 .rodata.str1.4
                0x0201fcb0       0x10 c:/devkitpro2007/devkitarm/bin/../lib/gcc/arm-eabi/4.1.2/../../../../arm-eabi/lib\libc.a(lib_a-dtoa.o)
                                 0x14 (size before relaxing)
 .rodata.str1.4
                0x0201fcc0        0xb c:/devkitpro2007/devkitarm/bin/../lib/gcc/arm-eabi/4.1.2/../../../../arm-eabi/lib\libc.a(lib_a-locale.o)
                                 0x18 (size before relaxing)
 .rodata.str1.4
                0x00000000        0x4 c:/devkitpro2007/devkitarm/bin/../lib/gcc/arm-eabi/4.1.2/../../../../arm-eabi/lib\libc.a(lib_a-mbrtowc.o)
 *fill*         0x0201fccb        0x1 ff
 .rodata.str1.4
                0x0201fccc        0x8 c:/devkitpro2007/devkitarm/bin/../lib/gcc/arm-eabi/4.1.2/../../../../arm-eabi/lib\libsysbase.a(iosupport.o)
 *(.gnu.linkonce.r*)
                0x0201fcd4                . = ALIGN (0x4)

.ARM.extab
 *(.ARM.extab* .gnu.linkonce.armextab.*)
                0x0201fcd4                __exidx_start = .

.ARM.exidx
 *(.ARM.exidx* .gnu.linkonce.armexidx.*)
                0x0201fcd4                __exidx_end = .
                0x0201fcd4                . = ALIGN (0x4)
                0x0201fcd4                PROVIDE (__preinit_array_start, .)

.preinit_array
 *(.preinit_array)
                0x0201fcd4                PROVIDE (__preinit_array_end, .)
                0x0201fcd4                PROVIDE (__init_array_start, .)

.init_array     0x0201fcd4        0x4
 *(.init_array)
 .init_array    0x0201fcd4        0x4 c:/devkitpro2007/devkitarm/bin/../lib/gcc/arm-eabi/4.1.2/crtbegin.o
                0x0201fcd8                PROVIDE (__init_array_end, .)
                0x0201fcd8                PROVIDE (__fini_array_start, .)

.fini_array     0x0201fcd8        0x4
 *(.fini_array)
 .fini_array    0x0201fcd8        0x4 c:/devkitpro2007/devkitarm/bin/../lib/gcc/arm-eabi/4.1.2/crtbegin.o
                0x0201fcdc                PROVIDE (__fini_array_end, .)

.ctors          0x0201fcdc        0x0
 *crtbegin.o(.ctors)
 *(EXCLUDE_FILE(*crtend.o) .ctors)
 *(SORT(.ctors.*))
 *(.ctors)
                0x0201fcdc                . = ALIGN (0x4)

.dtors          0x0201fcdc        0x0
 *crtbegin.o(.dtors)
 *(EXCLUDE_FILE(*crtend.o) .dtors)
 *(SORT(.dtors.*))
 *(.dtors)
                0x0201fcdc                . = ALIGN (0x4)

.eh_frame       0x0201fcdc        0x4
 *(.eh_frame)
 .eh_frame      0x0201fcdc        0x0 c:/devkitpro2007/devkitarm/bin/../lib/gcc/arm-eabi/4.1.2/crtbegin.o
 .eh_frame      0x0201fcdc        0x4 c:/devkitpro2007/devkitarm/bin/../lib/gcc/arm-eabi/4.1.2/crtend.o
                0x0201fce0                . = ALIGN (0x4)

.gcc_except_table
                0x0201fce0        0x0
 *(.gcc_except_table)
                0x0201fce0                . = ALIGN (0x4)

.jcr            0x0201fce0        0x4
 *(.jcr)
 .jcr           0x0201fce0        0x0 c:/devkitpro2007/devkitarm/bin/../lib/gcc/arm-eabi/4.1.2/crtbegin.o
 .jcr           0x0201fce0        0x4 c:/devkitpro2007/devkitarm/bin/../lib/gcc/arm-eabi/4.1.2/crtend.o

.got
 *(.got.plt)
 *(.got)
 *(.rel.got)

.ewram          0x0201fce4        0x0
                0x0201fce4                __ewram_start = <code 342> (.)
 *(.ewram)
 *ewram.*(.text)
                0x0201fce4                . = ALIGN (0x4)

.data           0x0201fce4      0x8a4
                0x0201fce4                __data_start = <code 342> (.)
 *(.data)
 .data          0x0201fce4        0x0 c:/devkitpro2007/devkitarm/bin/../lib/gcc/arm-eabi/4.1.2/../../../../arm-eabi/lib/ds_arm9_crt0.o
 .data          0x0201fce4        0x0 c:/devkitpro2007/devkitarm/bin/../lib/gcc/arm-eabi/4.1.2/crti.o
 .data          0x0201fce4        0x4 c:/devkitpro2007/devkitarm/bin/../lib/gcc/arm-eabi/4.1.2/crtbegin.o
                0x0201fce4                __dso_handle
 .data          0x0201fce8        0x0 ./SNES_global.o
 .data          0x0201fce8        0x0 ./apu.o
 .data          0x0201fce8        0x0 ./core.o
 .data          0x0201fce8        0x0 ./engine.o
 .data          0x0201fce8        0x0 ./fs.o
 .data          0x0201fce8        0x0 ./gui.o
 .data          0x0201fce8        0x0 ./intr.o
 .data          0x0201fce8       0x18 ./main.o
                0x0201fce8                options_0
                0x0201fcf4                YScroll_mode_0
 .data          0x0201fd00        0x0 ./memmap.o
 .data          0x0201fd00        0x0 ./opcodes.o
 .data          0x0201fd00        0x0 ./ppu.o
 .data          0x0201fd00        0x0 ./snapshot.o
 .data          0x0201fd00        0x0 ./snes.o
 .data          0x0201fd00        0x0 ./touch.o
 .data          0x0201fd00        0x0 c:/devkitPro2007/libnds/lib\libnds9.a(console.o)
 .data          0x0201fd00        0x0 c:/devkitPro2007/libnds/lib\libnds9.a(initSystem.o)
 .data          0x0201fd00        0x3 c:/devkitPro2007/libnds/lib\libnds9.a(keys.o)
 .data          0x0201fd03        0x0 c:/devkitPro2007/libnds/lib\libnds9.a(video.o)
 .data          0x0201fd03        0x0 c:/devkitPro2007/libnds/lib\libnds9.a(biosCalls.o)
 .data          0x0201fd03        0x0 c:/devkitPro2007/libnds/lib\libnds9.a(default_font.o)
 .data          0x0201fd03        0x0 c:/devkitpro2007/devkitarm/bin/../lib/gcc/arm-eabi/4.1.2\libgcc.a(_divsi3.o)
 .data          0x0201fd03        0x0 c:/devkitpro2007/devkitarm/bin/../lib/gcc/arm-eabi/4.1.2\libgcc.a(_dvmd_tls.o)
 .data          0x0201fd03        0x0 c:/devkitpro2007/devkitarm/bin/../lib/gcc/arm-eabi/4.1.2/../../../../arm-eabi/lib\libc.a(lib_a-fwrite.o)
 *fill*         0x0201fd03        0x5 ff
 .data          0x0201fd08      0x418 c:/devkitpro2007/devkitarm/bin/../lib/gcc/arm-eabi/4.1.2/../../../../arm-eabi/lib\libc.a(lib_a-impure.o)
                0x0201fd08                _impure_ptr
 .data          0x02020120        0x0 c:/devkitpro2007/devkitarm/bin/../lib/gcc/arm-eabi/4.1.2/../../../../arm-eabi/lib\libc.a(lib_a-init.o)
 .data          0x02020120        0x0 c:/devkitpro2007/devkitarm/bin/../lib/gcc/arm-eabi/4.1.2/../../../../arm-eabi/lib\libc.a(lib_a-iprintf.o)
 .data          0x02020120        0x0 c:/devkitpro2007/devkitarm/bin/../lib/gcc/arm-eabi/4.1.2/../../../../arm-eabi/lib\libc.a(lib_a-malloc.o)
 .data          0x02020120      0x410 c:/devkitpro2007/devkitarm/bin/../lib/gcc/arm-eabi/4.1.2/../../../../arm-eabi/lib\libc.a(lib_a-mallocr.o)
                0x0202052c                __malloc_sbrk_base
                0x02020120                __malloc_av_
                0x02020528                __malloc_trim_threshold
 .data          0x02020530        0x0 c:/devkitpro2007/devkitarm/bin/../lib/gcc/arm-eabi/4.1.2/../../../../arm-eabi/lib\libc.a(lib_a-memcpy.o)
 .data          0x02020530        0x0 c:/devkitpro2007/devkitarm/bin/../lib/gcc/arm-eabi/4.1.2/../../../../arm-eabi/lib\libc.a(lib_a-memmove.o)
 .data          0x02020530        0x0 c:/devkitpro2007/devkitarm/bin/../lib/gcc/arm-eabi/4.1.2/../../../../arm-eabi/lib\libc.a(lib_a-memset.o)
 .data          0x02020530        0x0 c:/devkitpro2007/devkitarm/bin/../lib/gcc/arm-eabi/4.1.2/../../../../arm-eabi/lib\libc.a(lib_a-mlock.o)
 .data          0x02020530        0x0 c:/devkitpro2007/devkitarm/bin/../lib/gcc/arm-eabi/4.1.2/../../../../arm-eabi/lib\libc.a(lib_a-printf.o)
 .data          0x02020530        0x0 c:/devkitpro2007/devkitarm/bin/../lib/gcc/arm-eabi/4.1.2/../../../../arm-eabi/lib\libc.a(lib_a-puts.o)
 .data          0x02020530        0x0 c:/devkitpro2007/devkitarm/bin/../lib/gcc/arm-eabi/4.1.2/../../../../arm-eabi/lib\libc.a(lib_a-setvbuf.o)
 .data          0x02020530        0x0 c:/devkitpro2007/devkitarm/bin/../lib/gcc/arm-eabi/4.1.2/../../../../arm-eabi/lib\libc.a(lib_a-siscanf.o)
 .data          0x02020530        0x0 c:/devkitpro2007/devkitarm/bin/../lib/gcc/arm-eabi/4.1.2/../../../../arm-eabi/lib\libc.a(lib_a-sprintf.o)
 .data          0x02020530        0x0 c:/devkitpro2007/devkitarm/bin/../lib/gcc/arm-eabi/4.1.2/../../../../arm-eabi/lib\libc.a(lib_a-strcat.o)
 .data          0x02020530        0x0 c:/devkitpro2007/devkitarm/bin/../lib/gcc/arm-eabi/4.1.2/../../../../arm-eabi/lib\libc.a(lib_a-strchr.o)
 .data          0x02020530        0x0 c:/devkitpro2007/devkitarm/bin/../lib/gcc/arm-eabi/4.1.2/../../../../arm-eabi/lib\libc.a(lib_a-strcmp.o)
 .data          0x02020530        0x0 c:/devkitpro2007/devkitarm/bin/../lib/gcc/arm-eabi/4.1.2/../../../../arm-eabi/lib\libc.a(lib_a-strcpy.o)
 .data          0x02020530        0x0 c:/devkitpro2007/devkitarm/bin/../lib/gcc/arm-eabi/4.1.2/../../../../arm-eabi/lib\libc.a(lib_a-strdup.o)
 .data          0x02020530        0x0 c:/devkitpro2007/devkitarm/bin/../lib/gcc/arm-eabi/4.1.2/../../../../arm-eabi/lib\libc.a(lib_a-strdup_r.o)
 .data          0x02020530        0x0 c:/devkitpro2007/devkitarm/bin/../lib/gcc/arm-eabi/4.1.2/../../../../arm-eabi/lib\libc.a(lib_a-strlen.o)
 .data          0x02020530        0x0 c:/devkitpro2007/devkitarm/bin/../lib/gcc/arm-eabi/4.1.2/../../../../arm-eabi/lib\libc.a(lib_a-strncpy.o)
 .data          0x02020530        0x0 c:/devkitpro2007/devkitarm/bin/../lib/gcc/arm-eabi/4.1.2/../../../../arm-eabi/lib\libc.a(lib_a-strrchr.o)
 .data          0x02020530        0x0 c:/devkitpro2007/devkitarm/bin/../lib/gcc/arm-eabi/4.1.2/../../../../arm-eabi/lib\libc.a(lib_a-strstr.o)
 .data          0x02020530        0x0 c:/devkitpro2007/devkitarm/bin/../lib/gcc/arm-eabi/4.1.2/../../../../arm-eabi/lib\libc.a(lib_a-toupper.o)
 .data          0x02020530        0x0 c:/devkitpro2007/devkitarm/bin/../lib/gcc/arm-eabi/4.1.2/../../../../arm-eabi/lib\libc.a(lib_a-vfiprintf.o)
 .data          0x02020530        0x0 c:/devkitpro2007/devkitarm/bin/../lib/gcc/arm-eabi/4.1.2/../../../../arm-eabi/lib\libc.a(lib_a-vfiscanf.o)
 .data          0x02020530        0x0 c:/devkitpro2007/devkitarm/bin/../lib/gcc/arm-eabi/4.1.2/../../../../arm-eabi/lib\libc.a(lib_a-vfprintf.o)
 .data          0x02020530        0x0 c:/devkitpro2007/devkitarm/bin/../lib/gcc/arm-eabi/4.1.2/../../../../arm-eabi/lib\libc.a(lib_a-vsnprintf.o)
 .data          0x02020530        0x0 c:/devkitpro2007/devkitarm/bin/../lib/gcc/arm-eabi/4.1.2/../../../../arm-eabi/lib\libc.a(lib_a-wcrtomb.o)
 .data          0x02020530        0x0 c:/devkitpro2007/devkitarm/bin/../lib/gcc/arm-eabi/4.1.2/../../../../arm-eabi/lib\libc.a(lib_a-wcsrtombs.o)
 .data          0x02020530        0x0 c:/devkitpro2007/devkitarm/bin/../lib/gcc/arm-eabi/4.1.2/../../../../arm-eabi/lib\libc.a(lib_a-wctomb_r.o)
 .data          0x02020530        0x0 c:/devkitpro2007/devkitarm/bin/../lib/gcc/arm-eabi/4.1.2/../../../../arm-eabi/lib\libc.a(lib_a-wsetup.o)
 .data          0x02020530        0x4 c:/devkitpro2007/devkitarm/bin/../lib/gcc/arm-eabi/4.1.2/../../../../arm-eabi/lib\libc.a(lib_a-ctype_.o)
                0x02020530                __ctype_ptr
 .data          0x02020534        0x0 c:/devkitpro2007/devkitarm/bin/../lib/gcc/arm-eabi/4.1.2/../../../../arm-eabi/lib\libc.a(lib_a-dtoa.o)
 .data          0x02020534        0x0 c:/devkitpro2007/devkitarm/bin/../lib/gcc/arm-eabi/4.1.2/../../../../arm-eabi/lib\libc.a(lib_a-fflush.o)
 .data          0x02020534        0x0 c:/devkitpro2007/devkitarm/bin/../lib/gcc/arm-eabi/4.1.2/../../../../arm-eabi/lib\libc.a(lib_a-findfp.o)
 .data          0x02020534        0x0 c:/devkitpro2007/devkitarm/bin/../lib/gcc/arm-eabi/4.1.2/../../../../arm-eabi/lib\libc.a(lib_a-fread.o)
 .data          0x02020534        0x0 c:/devkitpro2007/devkitarm/bin/../lib/gcc/arm-eabi/4.1.2/../../../../arm-eabi/lib\libc.a(lib_a-freer.o)
 .data          0x02020534        0x0 c:/devkitpro2007/devkitarm/bin/../lib/gcc/arm-eabi/4.1.2/../../../../arm-eabi/lib\libc.a(lib_a-fvwrite.o)
 .data          0x02020534        0x0 c:/devkitpro2007/devkitarm/bin/../lib/gcc/arm-eabi/4.1.2/../../../../arm-eabi/lib\libc.a(lib_a-fwalk.o)
 .data          0x02020534        0x0 c:/devkitpro2007/devkitarm/bin/../lib/gcc/arm-eabi/4.1.2/../../../../arm-eabi/lib\libc.a(lib_a-iswspace.o)
 .data          0x02020534       0x10 c:/devkitpro2007/devkitarm/bin/../lib/gcc/arm-eabi/4.1.2/../../../../arm-eabi/lib\libc.a(lib_a-locale.o)
                0x02020534                __mb_cur_max
                0x02020538                __lc_ctype
 .data          0x02020544        0x0 c:/devkitpro2007/devkitarm/bin/../lib/gcc/arm-eabi/4.1.2/../../../../arm-eabi/lib\libc.a(lib_a-makebuf.o)
 .data          0x02020544        0x0 c:/devkitpro2007/devkitarm/bin/../lib/gcc/arm-eabi/4.1.2/../../../../arm-eabi/lib\libc.a(lib_a-mbrtowc.o)
 .data          0x02020544        0x0 c:/devkitpro2007/devkitarm/bin/../lib/gcc/arm-eabi/4.1.2/../../../../arm-eabi/lib\libc.a(lib_a-mbtowc_r.o)
 .data          0x02020544        0x0 c:/devkitpro2007/devkitarm/bin/../lib/gcc/arm-eabi/4.1.2/../../../../arm-eabi/lib\libc.a(lib_a-memchr.o)
 .data          0x02020544        0x0 c:/devkitpro2007/devkitarm/bin/../lib/gcc/arm-eabi/4.1.2/../../../../arm-eabi/lib\libc.a(lib_a-mprec.o)
 .data          0x02020544        0x0 c:/devkitpro2007/devkitarm/bin/../lib/gcc/arm-eabi/4.1.2/../../../../arm-eabi/lib\libc.a(lib_a-reallocr.o)
 .data          0x02020544        0x0 c:/devkitpro2007/devkitarm/bin/../lib/gcc/arm-eabi/4.1.2/../../../../arm-eabi/lib\libc.a(lib_a-refill.o)
 .data          0x02020544        0x0 c:/devkitpro2007/devkitarm/bin/../lib/gcc/arm-eabi/4.1.2/../../../../arm-eabi/lib\libc.a(lib_a-s_isinfd.o)
 .data          0x02020544        0x0 c:/devkitpro2007/devkitarm/bin/../lib/gcc/arm-eabi/4.1.2/../../../../arm-eabi/lib\libc.a(lib_a-s_isnand.o)
 .data          0x02020544        0x0 c:/devkitpro2007/devkitarm/bin/../lib/gcc/arm-eabi/4.1.2/../../../../arm-eabi/lib\libc.a(lib_a-sccl.o)
 .data          0x02020544        0x0 c:/devkitpro2007/devkitarm/bin/../lib/gcc/arm-eabi/4.1.2/../../../../arm-eabi/lib\libc.a(lib_a-stdio.o)
 .data          0x02020544        0x0 c:/devkitpro2007/devkitarm/bin/../lib/gcc/arm-eabi/4.1.2/../../../../arm-eabi/lib\libc.a(lib_a-strtol.o)
 .data          0x02020544        0x0 c:/devkitpro2007/devkitarm/bin/../lib/gcc/arm-eabi/4.1.2/../../../../arm-eabi/lib\libc.a(lib_a-strtoul.o)
 .data          0x02020544        0x0 c:/devkitpro2007/devkitarm/bin/../lib/gcc/arm-eabi/4.1.2/../../../../arm-eabi/lib\libc.a(lib_a-ungetc.o)
 .data          0x02020544        0x0 c:/devkitpro2007/devkitarm/bin/../lib/gcc/arm-eabi/4.1.2/../../../../arm-eabi/lib\libc.a(lib_a-callocr.o)
 .data          0x02020544        0x0 c:/devkitpro2007/devkitarm/bin/../lib/gcc/arm-eabi/4.1.2/../../../../arm-eabi/lib\libc.a(lib_a-fclose.o)
 .data          0x02020544        0x0 c:/devkitpro2007/devkitarm/bin/../lib/gcc/arm-eabi/4.1.2\libgcc.a(_udivsi3.o)
 .data          0x02020544        0x0 c:/devkitpro2007/devkitarm/bin/../lib/gcc/arm-eabi/4.1.2\libgcc.a(_addsubdf3.o)
 .data          0x02020544        0x0 c:/devkitpro2007/devkitarm/bin/../lib/gcc/arm-eabi/4.1.2\libgcc.a(_muldivdf3.o)
 .data          0x02020544        0x0 c:/devkitpro2007/devkitarm/bin/../lib/gcc/arm-eabi/4.1.2\libgcc.a(_cmpdf2.o)
 .data          0x02020544        0x0 c:/devkitpro2007/devkitarm/bin/../lib/gcc/arm-eabi/4.1.2\libgcc.a(_fixdfsi.o)
 .data          0x02020544       0x44 c:/devkitpro2007/devkitarm/bin/../lib/gcc/arm-eabi/4.1.2/../../../../arm-eabi/lib\libsysbase.a(iosupport.o)
                0x02020544                devoptab_list
 .data          0x02020588        0x0 c:/devkitpro2007/devkitarm/bin/../lib/gcc/arm-eabi/4.1.2/../../../../arm-eabi/lib\libsysbase.a(close.o)
 .data          0x02020588        0x0 c:/devkitpro2007/devkitarm/bin/../lib/gcc/arm-eabi/4.1.2/../../../../arm-eabi/lib\libsysbase.a(fstat.o)
 .data          0x02020588        0x0 c:/devkitpro2007/devkitarm/bin/../lib/gcc/arm-eabi/4.1.2/../../../../arm-eabi/lib\libsysbase.a(isatty.o)
 .data          0x02020588        0x0 c:/devkitpro2007/devkitarm/bin/../lib/gcc/arm-eabi/4.1.2/../../../../arm-eabi/lib\libsysbase.a(lseek.o)
 .data          0x02020588        0x0 c:/devkitpro2007/devkitarm/bin/../lib/gcc/arm-eabi/4.1.2/../../../../arm-eabi/lib\libsysbase.a(read.o)
 .data          0x02020588        0x0 c:/devkitpro2007/devkitarm/bin/../lib/gcc/arm-eabi/4.1.2/../../../../arm-eabi/lib\libsysbase.a(sbrk.o)
 .data          0x02020588        0x0 c:/devkitpro2007/devkitarm/bin/../lib/gcc/arm-eabi/4.1.2/../../../../arm-eabi/lib\libsysbase.a(times.o)
 .data          0x02020588        0x0 c:/devkitpro2007/devkitarm/bin/../lib/gcc/arm-eabi/4.1.2/../../../../arm-eabi/lib\libsysbase.a(write.o)
 .data          0x02020588        0x0 c:/devkitpro2007/devkitarm/bin/../lib/gcc/arm-eabi/4.1.2/../../../../arm-eabi/lib\libsysbase.a(malloc_vars.o)
 .data          0x02020588        0x0 c:/devkitpro2007/devkitarm/bin/../lib/gcc/arm-eabi/4.1.2/../../../../arm-eabi/lib\libsysbase.a(build_argv.o)
 .data          0x02020588        0x0 c:/devkitpro2007/devkitarm/bin/../lib/gcc/arm-eabi/4.1.2/../../../../arm-eabi/lib\libc.a(lib_a-errno.o)
 .data          0x02020588        0x0 c:/devkitpro2007/devkitarm/bin/../lib/gcc/arm-eabi/4.1.2/../../../../arm-eabi/lib\libc.a(lib_a-strncmp.o)
 .data          0x02020588        0x0 c:/devkitpro2007/devkitarm/bin/../lib/gcc/arm-eabi/4.1.2/crtend.o
 .data          0x02020588        0x0 c:/devkitpro2007/devkitarm/bin/../lib/gcc/arm-eabi/4.1.2/crtn.o
 *(.data.*)
 *(.gnu.linkonce.d*)
                0x02020588                . = ALIGN (0x4)
                0x02020588                __data_end = <code 342> (.)
                0x02020588                __dtcm_lma = .

.dtcm           0x0b000000     0x2494 load address 0x02020588
 *(.dtcm)
 .dtcm          0x0b000000     0x2068 ./SNES_global.o
                0x0b002018                CPU
                0x0b000000                SNESC
 .dtcm          0x0b002068      0x42c ./opcodes.o
                0x0b002486                D
                0x0b00247e                t
                0x0b00246c                F_Z
                0x0b002480                A
                0x0b002490                OpCycles
                0x0b002484                Y
                0x0b002470                F_N
                0x0b002488                S
                0x0b002474                F_V
                0x0b00247a                PC
                0x0b002368                OpCycles_mx
                0x0b002268                OpCycles_Mx
                0x0b002168                OpCycles_mX
                0x0b00247d                DB
                0x0b00248c                Cycles
                0x0b002468                F_C
                0x0b00247c                PB
                0x0b002068                OpCycles_MX
                0x0b002478                P
                0x0b002482                X
 *(.dtcm.*)
                0x0b002494                . = ALIGN (0x4)
                0x0b002494                __dtcm_end = <code 342> (.)
                0x02022a1c                __itcm_lma = (__dtcm_lma + SIZEOF (.dtcm))

.itcm           0x01000000     0x7dd4 load address 0x02022a1c
 *(.itcm)
 .itcm          0x01000000       0xf4 ./memmap.o
                0x01000000                mem_getword
                0x01000080                mem_getbyte
 .itcm          0x010000f4     0x7ce0 ./opcodes.o
                0x0100039c                direct_getword
                0x010002a0                direct_getbyte2
                0x0100034c                direct_setbyte
                0x01000260                stack_setword
                0x010001e8                stack_getbyte
                0x010002fc                direct_getbyte
                0x01000174                pullb
                0x010001a4                pullw
                0x01000458                CPU_goto
                0x010000f4                pushb
                0x010003f8                direct_setword
                0x01000120                pushw
                0x0100020c                stack_setbyte
                0x01000230                stack_getword
 *itcm.*(.text)
                0x01007dd4                . = ALIGN (0x4)
                0x01007dd4                __itcm_end = <code 342> (.)

.sbss           0x0b002494        0x0
                0x0b002494                __sbss_start = <code 342> (.)
                0x0b002494                __sbss_start__ = <code 342> (.)
 *(.sbss)
                0x0b002494                . = ALIGN (0x4)
                0x0b002494                __sbss_end = <code 342> (.)
                0x0202a7f0                __bss_lma = (__itcm_lma + SIZEOF (.itcm))
                0x0202a7f0                __appended_data = (__itcm_lma + SIZEOF (.itcm))

.bss            0x0202a7f0     0xf9b4 load address 0x0202a7f0
                0x0202a7f0                __bss_start = <code 342> (.)
                0x0202a7f0                __bss_start__ = <code 342> (.)
 *(.dynbss)
 *(.gnu.linkonce.b*)
 *(.bss*)
 .bss           0x0202a7f0        0x0 c:/devkitpro2007/devkitarm/bin/../lib/gcc/arm-eabi/4.1.2/../../../../arm-eabi/lib/ds_arm9_crt0.o
 .bss           0x0202a7f0        0x0 c:/devkitpro2007/devkitarm/bin/../lib/gcc/arm-eabi/4.1.2/crti.o
 .bss           0x0202a7f0       0x1c c:/devkitpro2007/devkitarm/bin/../lib/gcc/arm-eabi/4.1.2/crtbegin.o
 .bss           0x0202a80c        0x0 ./SNES_global.o
 .bss           0x0202a80c        0x0 ./apu.o
 .bss           0x0202a80c        0x0 ./core.o
 .bss           0x0202a80c        0x0 ./engine.o
 .bss           0x0202a80c       0x14 ./fs.o
 .bss           0x0202a820        0x0 ./gui.o
 .bss           0x0202a820        0x0 ./intr.o
 .bss           0x0202a820        0x8 ./main.o
                0x0202a824                timer_0
                0x0202a820                frame
 .bss           0x0202a828        0xc ./memmap.o
                0x0202a830                ROM_paging_cur
                0x0202a82c                ROM_paging_offs
                0x0202a828                ROM_paging
 .bss           0x0202a834        0x0 ./opcodes.o
 .bss           0x0202a834        0x0 ./ppu.o
 .bss           0x0202a834        0x0 ./snapshot.o
 .bss           0x0202a834        0x0 ./snes.o
 .bss           0x0202a834       0x30 ./touch.o
 .bss           0x0202a864       0x24 c:/devkitPro2007/libnds/lib\libnds9.a(console.o)
                0x0202a864                fontBold
 .bss           0x0202a888        0x0 c:/devkitPro2007/libnds/lib\libnds9.a(initSystem.o)
 .bss           0x0202a888        0x6 c:/devkitPro2007/libnds/lib\libnds9.a(keys.o)
 .bss           0x0202a88e        0x0 c:/devkitPro2007/libnds/lib\libnds9.a(video.o)
 .bss           0x0202a88e        0x0 c:/devkitPro2007/libnds/lib\libnds9.a(biosCalls.o)
 .bss           0x0202a88e        0x0 c:/devkitPro2007/libnds/lib\libnds9.a(default_font.o)
 .bss           0x0202a88e        0x0 c:/devkitpro2007/devkitarm/bin/../lib/gcc/arm-eabi/4.1.2\libgcc.a(_divsi3.o)
 .bss           0x0202a88e        0x0 c:/devkitpro2007/devkitarm/bin/../lib/gcc/arm-eabi/4.1.2\libgcc.a(_dvmd_tls.o)
 .bss           0x0202a88e        0x0 c:/devkitpro2007/devkitarm/bin/../lib/gcc/arm-eabi/4.1.2/../../../../arm-eabi/lib\libc.a(lib_a-fwrite.o)
 .bss           0x0202a88e        0x0 c:/devkitpro2007/devkitarm/bin/../lib/gcc/arm-eabi/4.1.2/../../../../arm-eabi/lib\libc.a(lib_a-impure.o)
 .bss           0x0202a88e        0x0 c:/devkitpro2007/devkitarm/bin/../lib/gcc/arm-eabi/4.1.2/../../../../arm-eabi/lib\libc.a(lib_a-init.o)
 .bss           0x0202a88e        0x0 c:/devkitpro2007/devkitarm/bin/../lib/gcc/arm-eabi/4.1.2/../../../../arm-eabi/lib\libc.a(lib_a-iprintf.o)
 .bss           0x0202a88e        0x0 c:/devkitpro2007/devkitarm/bin/../lib/gcc/arm-eabi/4.1.2/../../../../arm-eabi/lib\libc.a(lib_a-malloc.o)
 *fill*         0x0202a88e        0x2 00
 .bss           0x0202a890       0x34 c:/devkitpro2007/devkitarm/bin/../lib/gcc/arm-eabi/4.1.2/../../../../arm-eabi/lib\libc.a(lib_a-mallocr.o)
                0x0202a890                __malloc_top_pad
                0x0202a894                __malloc_max_sbrked_mem
                0x0202a89c                __malloc_current_mallinfo
                0x0202a898                __malloc_max_total_mem
 .bss           0x0202a8c4        0x0 c:/devkitpro2007/devkitarm/bin/../lib/gcc/arm-eabi/4.1.2/../../../../arm-eabi/lib\libc.a(lib_a-memcpy.o)
 .bss           0x0202a8c4        0x0 c:/devkitpro2007/devkitarm/bin/../lib/gcc/arm-eabi/4.1.2/../../../../arm-eabi/lib\libc.a(lib_a-memmove.o)
 .bss           0x0202a8c4        0x0 c:/devkitpro2007/devkitarm/bin/../lib/gcc/arm-eabi/4.1.2/../../../../arm-eabi/lib\libc.a(lib_a-memset.o)
 .bss           0x0202a8c4        0x0 c:/devkitpro2007/devkitarm/bin/../lib/gcc/arm-eabi/4.1.2/../../../../arm-eabi/lib\libc.a(lib_a-mlock.o)
 .bss           0x0202a8c4        0x0 c:/devkitpro2007/devkitarm/bin/../lib/gcc/arm-eabi/4.1.2/../../../../arm-eabi/lib\libc.a(lib_a-printf.o)
 .bss           0x0202a8c4        0x0 c:/devkitpro2007/devkitarm/bin/../lib/gcc/arm-eabi/4.1.2/../../../../arm-eabi/lib\libc.a(lib_a-puts.o)
 .bss           0x0202a8c4        0x0 c:/devkitpro2007/devkitarm/bin/../lib/gcc/arm-eabi/4.1.2/../../../../arm-eabi/lib\libc.a(lib_a-setvbuf.o)
 .bss           0x0202a8c4        0x0 c:/devkitpro2007/devkitarm/bin/../lib/gcc/arm-eabi/4.1.2/../../../../arm-eabi/lib\libc.a(lib_a-siscanf.o)
 .bss           0x0202a8c4        0x0 c:/devkitpro2007/devkitarm/bin/../lib/gcc/arm-eabi/4.1.2/../../../../arm-eabi/lib\libc.a(lib_a-sprintf.o)
 .bss           0x0202a8c4        0x0 c:/devkitpro2007/devkitarm/bin/../lib/gcc/arm-eabi/4.1.2/../../../../arm-eabi/lib\libc.a(lib_a-strcat.o)
 .bss           0x0202a8c4        0x0 c:/devkitpro2007/devkitarm/bin/../lib/gcc/arm-eabi/4.1.2/../../../../arm-eabi/lib\libc.a(lib_a-strchr.o)
 .bss           0x0202a8c4        0x0 c:/devkitpro2007/devkitarm/bin/../lib/gcc/arm-eabi/4.1.2/../../../../arm-eabi/lib\libc.a(lib_a-strcmp.o)
 .bss           0x0202a8c4        0x0 c:/devkitpro2007/devkitarm/bin/../lib/gcc/arm-eabi/4.1.2/../../../../arm-eabi/lib\libc.a(lib_a-strcpy.o)
 .bss           0x0202a8c4        0x0 c:/devkitpro2007/devkitarm/bin/../lib/gcc/arm-eabi/4.1.2/../../../../arm-eabi/lib\libc.a(lib_a-strdup.o)
 .bss           0x0202a8c4        0x0 c:/devkitpro2007/devkitarm/bin/../lib/gcc/arm-eabi/4.1.2/../../../../arm-eabi/lib\libc.a(lib_a-strdup_r.o)
 .bss           0x0202a8c4        0x0 c:/devkitpro2007/devkitarm/bin/../lib/gcc/arm-eabi/4.1.2/../../../../arm-eabi/lib\libc.a(lib_a-strlen.o)
 .bss           0x0202a8c4        0x0 c:/devkitpro2007/devkitarm/bin/../lib/gcc/arm-eabi/4.1.2/../../../../arm-eabi/lib\libc.a(lib_a-strncpy.o)
 .bss           0x0202a8c4        0x0 c:/devkitpro2007/devkitarm/bin/../lib/gcc/arm-eabi/4.1.2/../../../../arm-eabi/lib\libc.a(lib_a-strrchr.o)
 .bss           0x0202a8c4        0x0 c:/devkitpro2007/devkitarm/bin/../lib/gcc/arm-eabi/4.1.2/../../../../arm-eabi/lib\libc.a(lib_a-strstr.o)
 .bss           0x0202a8c4        0x0 c:/devkitpro2007/devkitarm/bin/../lib/gcc/arm-eabi/4.1.2/../../../../arm-eabi/lib\libc.a(lib_a-toupper.o)
 .bss           0x0202a8c4        0x0 c:/devkitpro2007/devkitarm/bin/../lib/gcc/arm-eabi/4.1.2/../../../../arm-eabi/lib\libc.a(lib_a-vfiprintf.o)